Archive member included to satisfy reference by file (symbol)

/usr/lib/gcc/arm-none-eabi/10.3.1/../../../arm-none-eabi/lib/thumb/v7e-m+fp/hard/libc_nano.a(lib_a-atexit.o)
                              /usr/lib/gcc/arm-none-eabi/10.3.1/../../../arm-none-eabi/lib/thumb/v7e-m+fp/hard/crt0.o (atexit)
/usr/lib/gcc/arm-none-eabi/10.3.1/../../../arm-none-eabi/lib/thumb/v7e-m+fp/hard/libc_nano.a(lib_a-exit.o)
                              /usr/lib/gcc/arm-none-eabi/10.3.1/../../../arm-none-eabi/lib/thumb/v7e-m+fp/hard/crt0.o (exit)
/usr/lib/gcc/arm-none-eabi/10.3.1/../../../arm-none-eabi/lib/thumb/v7e-m+fp/hard/libc_nano.a(lib_a-fini.o)
                              /usr/lib/gcc/arm-none-eabi/10.3.1/../../../arm-none-eabi/lib/thumb/v7e-m+fp/hard/crt0.o (__libc_fini_array)
/usr/lib/gcc/arm-none-eabi/10.3.1/../../../arm-none-eabi/lib/thumb/v7e-m+fp/hard/libc_nano.a(lib_a-impure.o)
                              /usr/lib/gcc/arm-none-eabi/10.3.1/../../../arm-none-eabi/lib/thumb/v7e-m+fp/hard/libc_nano.a(lib_a-exit.o) (_global_impure_ptr)
/usr/lib/gcc/arm-none-eabi/10.3.1/../../../arm-none-eabi/lib/thumb/v7e-m+fp/hard/libc_nano.a(lib_a-init.o)
                              /usr/lib/gcc/arm-none-eabi/10.3.1/../../../arm-none-eabi/lib/thumb/v7e-m+fp/hard/crt0.o (__libc_init_array)
/usr/lib/gcc/arm-none-eabi/10.3.1/../../../arm-none-eabi/lib/thumb/v7e-m+fp/hard/libc_nano.a(lib_a-memset.o)
                              /usr/lib/gcc/arm-none-eabi/10.3.1/../../../arm-none-eabi/lib/thumb/v7e-m+fp/hard/crt0.o (memset)
/usr/lib/gcc/arm-none-eabi/10.3.1/../../../arm-none-eabi/lib/thumb/v7e-m+fp/hard/libc_nano.a(lib_a-__atexit.o)
                              /usr/lib/gcc/arm-none-eabi/10.3.1/../../../arm-none-eabi/lib/thumb/v7e-m+fp/hard/libc_nano.a(lib_a-atexit.o) (__register_exitproc)
/usr/lib/gcc/arm-none-eabi/10.3.1/../../../arm-none-eabi/lib/thumb/v7e-m+fp/hard/libc_nano.a(lib_a-__call_atexit.o)
                              /usr/lib/gcc/arm-none-eabi/10.3.1/../../../arm-none-eabi/lib/thumb/v7e-m+fp/hard/libc_nano.a(lib_a-__atexit.o) (__call_exitprocs)
/usr/lib/gcc/arm-none-eabi/10.3.1/thumb/v7e-m+fp/hard/libgcc.a(_aeabi_uldivmod.o)
                              CMakeFiles/testdebug.dir/Drivers/STM32L4xx_HAL_Driver/Src/stm32l4xx_hal_uart.c.obj (__aeabi_uldivmod)
/usr/lib/gcc/arm-none-eabi/10.3.1/thumb/v7e-m+fp/hard/libgcc.a(_udivmoddi4.o)
                              /usr/lib/gcc/arm-none-eabi/10.3.1/thumb/v7e-m+fp/hard/libgcc.a(_aeabi_uldivmod.o) (__udivmoddi4)
/usr/lib/gcc/arm-none-eabi/10.3.1/thumb/v7e-m+fp/hard/libgcc.a(_dvmd_tls.o)
                              /usr/lib/gcc/arm-none-eabi/10.3.1/thumb/v7e-m+fp/hard/libgcc.a(_aeabi_uldivmod.o) (__aeabi_ldiv0)
/usr/lib/gcc/arm-none-eabi/10.3.1/../../../arm-none-eabi/lib/thumb/v7e-m+fp/hard/libg_nano.a(lib_a-errno.o)
                              CMakeFiles/testdebug.dir/Core/Src/sysmem.c.obj (__errno)

Discarded input sections

 .text          0x0000000000000000        0x0 /usr/lib/gcc/arm-none-eabi/10.3.1/thumb/v7e-m+fp/hard/crti.o
 .data          0x0000000000000000        0x0 /usr/lib/gcc/arm-none-eabi/10.3.1/thumb/v7e-m+fp/hard/crti.o
 .bss           0x0000000000000000        0x0 /usr/lib/gcc/arm-none-eabi/10.3.1/thumb/v7e-m+fp/hard/crti.o
 .data          0x0000000000000000        0x4 /usr/lib/gcc/arm-none-eabi/10.3.1/thumb/v7e-m+fp/hard/crtbegin.o
 .rodata        0x0000000000000000       0x24 /usr/lib/gcc/arm-none-eabi/10.3.1/thumb/v7e-m+fp/hard/crtbegin.o
 .text          0x0000000000000000       0x70 /usr/lib/gcc/arm-none-eabi/10.3.1/../../../arm-none-eabi/lib/thumb/v7e-m+fp/hard/crt0.o
 .data          0x0000000000000000        0x0 /usr/lib/gcc/arm-none-eabi/10.3.1/../../../arm-none-eabi/lib/thumb/v7e-m+fp/hard/crt0.o
 .bss           0x0000000000000000        0x0 /usr/lib/gcc/arm-none-eabi/10.3.1/../../../arm-none-eabi/lib/thumb/v7e-m+fp/hard/crt0.o
 .ARM.extab     0x0000000000000000        0x0 /usr/lib/gcc/arm-none-eabi/10.3.1/../../../arm-none-eabi/lib/thumb/v7e-m+fp/hard/crt0.o
 .ARM.exidx     0x0000000000000000       0x10 /usr/lib/gcc/arm-none-eabi/10.3.1/../../../arm-none-eabi/lib/thumb/v7e-m+fp/hard/crt0.o
 .debug_line    0x0000000000000000       0x87 /usr/lib/gcc/arm-none-eabi/10.3.1/../../../arm-none-eabi/lib/thumb/v7e-m+fp/hard/crt0.o
 .debug_info    0x0000000000000000       0x26 /usr/lib/gcc/arm-none-eabi/10.3.1/../../../arm-none-eabi/lib/thumb/v7e-m+fp/hard/crt0.o
 .debug_abbrev  0x0000000000000000       0x14 /usr/lib/gcc/arm-none-eabi/10.3.1/../../../arm-none-eabi/lib/thumb/v7e-m+fp/hard/crt0.o
 .debug_aranges
                0x0000000000000000       0x20 /usr/lib/gcc/arm-none-eabi/10.3.1/../../../arm-none-eabi/lib/thumb/v7e-m+fp/hard/crt0.o
 .debug_str     0x0000000000000000       0x98 /usr/lib/gcc/arm-none-eabi/10.3.1/../../../arm-none-eabi/lib/thumb/v7e-m+fp/hard/crt0.o
 .ARM.attributes
                0x0000000000000000       0x1c /usr/lib/gcc/arm-none-eabi/10.3.1/../../../arm-none-eabi/lib/thumb/v7e-m+fp/hard/crt0.o
[...]
Memory Configuration

Name             Origin             Length             Attributes
RAM              0x0000000020000000 0x0000000000010000 xrw
RAM2             0x0000000010000000 0x0000000000004000 xrw
FLASH            0x0000000008000000 0x0000000000040000 xr
*default*        0x0000000000000000 0xffffffffffffffff

Linker script and memory map

LOAD /usr/lib/gcc/arm-none-eabi/10.3.1/thumb/v7e-m+fp/hard/crti.o
LOAD /usr/lib/gcc/arm-none-eabi/10.3.1/thumb/v7e-m+fp/hard/crtbegin.o
LOAD /usr/lib/gcc/arm-none-eabi/10.3.1/../../../arm-none-eabi/lib/thumb/v7e-m+fp/hard/crt0.o
START GROUP
LOAD /usr/lib/gcc/arm-none-eabi/10.3.1/../../../arm-none-eabi/lib/thumb/v7e-m+fp/hard/libc_nano.a
LOAD /usr/lib/gcc/arm-none-eabi/10.3.1/../../../arm-none-eabi/lib/thumb/v7e-m+fp/hard/libm.a
END GROUP
LOAD CMakeFiles/testdebug.dir/Core/Src/main.c.obj
LOAD CMakeFiles/testdebug.dir/Core/Src/stm32l4xx_it.c.obj
LOAD CMakeFiles/testdebug.dir/Core/Src/stm32l4xx_hal_msp.c.obj
LOAD CMakeFiles/testdebug.dir/Drivers/STM32L4xx_HAL_Driver/Src/stm32l4xx_hal_tim.c.obj
LOAD CMakeFiles/testdebug.dir/Drivers/STM32L4xx_HAL_Driver/Src/stm32l4xx_hal_tim_ex.c.obj
LOAD CMakeFiles/testdebug.dir/Drivers/STM32L4xx_HAL_Driver/Src/stm32l4xx_hal_uart.c.obj
LOAD CMakeFiles/testdebug.dir/Drivers/STM32L4xx_HAL_Driver/Src/stm32l4xx_hal_uart_ex.c.obj
LOAD CMakeFiles/testdebug.dir/Drivers/STM32L4xx_HAL_Driver/Src/stm32l4xx_hal.c.obj
LOAD CMakeFiles/testdebug.dir/Drivers/STM32L4xx_HAL_Driver/Src/stm32l4xx_hal_rcc.c.obj
LOAD CMakeFiles/testdebug.dir/Drivers/STM32L4xx_HAL_Driver/Src/stm32l4xx_hal_rcc_ex.c.obj
LOAD CMakeFiles/testdebug.dir/Drivers/STM32L4xx_HAL_Driver/Src/stm32l4xx_hal_flash.c.obj
LOAD CMakeFiles/testdebug.dir/Drivers/STM32L4xx_HAL_Driver/Src/stm32l4xx_hal_flash_ex.c.obj
LOAD CMakeFiles/testdebug.dir/Drivers/STM32L4xx_HAL_Driver/Src/stm32l4xx_hal_flash_ramfunc.c.obj
LOAD CMakeFiles/testdebug.dir/Drivers/STM32L4xx_HAL_Driver/Src/stm32l4xx_hal_gpio.c.obj
LOAD CMakeFiles/testdebug.dir/Drivers/STM32L4xx_HAL_Driver/Src/stm32l4xx_hal_i2c.c.obj
LOAD CMakeFiles/testdebug.dir/Drivers/STM32L4xx_HAL_Driver/Src/stm32l4xx_hal_i2c_ex.c.obj
LOAD CMakeFiles/testdebug.dir/Drivers/STM32L4xx_HAL_Driver/Src/stm32l4xx_hal_dma.c.obj
LOAD CMakeFiles/testdebug.dir/Drivers/STM32L4xx_HAL_Driver/Src/stm32l4xx_hal_dma_ex.c.obj
LOAD CMakeFiles/testdebug.dir/Drivers/STM32L4xx_HAL_Driver/Src/stm32l4xx_hal_pwr.c.obj
LOAD CMakeFiles/testdebug.dir/Drivers/STM32L4xx_HAL_Driver/Src/stm32l4xx_hal_pwr_ex.c.obj
LOAD CMakeFiles/testdebug.dir/Drivers/STM32L4xx_HAL_Driver/Src/stm32l4xx_hal_cortex.c.obj
LOAD CMakeFiles/testdebug.dir/Drivers/STM32L4xx_HAL_Driver/Src/stm32l4xx_hal_exti.c.obj
LOAD CMakeFiles/testdebug.dir/Core/Src/system_stm32l4xx.c.obj
LOAD CMakeFiles/testdebug.dir/Core/Src/sysmem.c.obj
LOAD CMakeFiles/testdebug.dir/Core/Src/syscalls.c.obj
LOAD CMakeFiles/testdebug.dir/startup_stm32l432xx.s.obj
START GROUP
LOAD /usr/lib/gcc/arm-none-eabi/10.3.1/thumb/v7e-m+fp/hard/libgcc.a
LOAD /usr/lib/gcc/arm-none-eabi/10.3.1/../../../arm-none-eabi/lib/thumb/v7e-m+fp/hard/libg_nano.a
LOAD /usr/lib/gcc/arm-none-eabi/10.3.1/../../../arm-none-eabi/lib/thumb/v7e-m+fp/hard/libc_nano.a
END GROUP
START GROUP
LOAD /usr/lib/gcc/arm-none-eabi/10.3.1/thumb/v7e-m+fp/hard/libgcc.a
LOAD /usr/lib/gcc/arm-none-eabi/10.3.1/../../../arm-none-eabi/lib/thumb/v7e-m+fp/hard/libc_nano.a
END GROUP
LOAD /usr/lib/gcc/arm-none-eabi/10.3.1/thumb/v7e-m+fp/hard/crtend.o
LOAD /usr/lib/gcc/arm-none-eabi/10.3.1/thumb/v7e-m+fp/hard/crtn.o
                0x0000000020010000                _estack = (ORIGIN (RAM) + LENGTH (RAM))
                0x0000000000000200                _Min_Heap_Size = 0x200
                0x0000000000000400                _Min_Stack_Size = 0x400

.isr_vector     0x0000000008000000      0x190
                0x0000000008000000                . = ALIGN (0x8)
 *(.isr_vector)
 .isr_vector    0x0000000008000000      0x18c CMakeFiles/testdebug.dir/startup_stm32l432xx.s.obj
                0x0000000008000000                g_pfnVectors
                0x0000000008000190                . = ALIGN (0x8)
 *fill*         0x000000000800018c        0x4 

.text           0x0000000008000190     0x2b48
                0x0000000008000190                . = ALIGN (0x8)
 *(.text)
 .text          0x0000000008000190       0x88 /usr/lib/gcc/arm-none-eabi/10.3.1/thumb/v7e-m+fp/hard/crtbegin.o
 .text          0x0000000008000218       0x48 /usr/lib/gcc/arm-none-eabi/10.3.1/../../../arm-none-eabi/lib/thumb/v7e-m+fp/hard/libc_nano.a(lib_a-init.o)
                0x0000000008000218                __libc_init_array
 .text          0x0000000008000260       0xa4 /usr/lib/gcc/arm-none-eabi/10.3.1/../../../arm-none-eabi/lib/thumb/v7e-m+fp/hard/libc_nano.a(lib_a-memset.o)
                0x0000000008000260                memset
 .text          0x0000000008000304       0x30 /usr/lib/gcc/arm-none-eabi/10.3.1/thumb/v7e-m+fp/hard/libgcc.a(_aeabi_uldivmod.o)
                0x0000000008000304                __aeabi_uldivmod
 .text          0x0000000008000334      0x2d0 /usr/lib/gcc/arm-none-eabi/10.3.1/thumb/v7e-m+fp/hard/libgcc.a(_udivmoddi4.o)
                0x0000000008000334                __udivmoddi4
 .text          0x0000000008000604        0x4 /usr/lib/gcc/arm-none-eabi/10.3.1/thumb/v7e-m+fp/hard/libgcc.a(_dvmd_tls.o)
                0x0000000008000604                __aeabi_ldiv0
                0x0000000008000604                __aeabi_idiv0
 *(.text*)
 .text.main     0x0000000008000608       0x38 CMakeFiles/testdebug.dir/Core/Src/main.c.obj
                0x0000000008000608                main
 .text.SystemClock_Config
                0x0000000008000640       0xc4 CMakeFiles/testdebug.dir/Core/Src/main.c.obj
                0x0000000008000640                SystemClock_Config
 .text.MX_USART2_UART_Init
                0x0000000008000704       0x60 CMakeFiles/testdebug.dir/Core/Src/main.c.obj
 .text.MX_GPIO_Init
                0x0000000008000764       0xc0 CMakeFiles/testdebug.dir/Core/Src/main.c.obj
 .text.Error_Handler
                0x0000000008000824        0xa CMakeFiles/testdebug.dir/Core/Src/main.c.obj
                0x0000000008000824                Error_Handler
 .text.NMI_Handler
                0x000000000800082e        0x6 CMakeFiles/testdebug.dir/Core/Src/stm32l4xx_it.c.obj
                0x000000000800082e                NMI_Handler
 .text.HardFault_Handler
                0x0000000008000834        0x6 CMakeFiles/testdebug.dir/Core/Src/stm32l4xx_it.c.obj
                0x0000000008000834                HardFault_Handler
 .text.MemManage_Handler
                0x000000000800083a        0x6 CMakeFiles/testdebug.dir/Core/Src/stm32l4xx_it.c.obj
                0x000000000800083a                MemManage_Handler
 .text.BusFault_Handler
                0x0000000008000840        0x6 CMakeFiles/testdebug.dir/Core/Src/stm32l4xx_it.c.obj
                0x0000000008000840                BusFault_Handler
 .text.UsageFault_Handler
                0x0000000008000846        0x6 CMakeFiles/testdebug.dir/Core/Src/stm32l4xx_it.c.obj
                0x0000000008000846                UsageFault_Handler
 .text.SVC_Handler
                0x000000000800084c        0xe CMakeFiles/testdebug.dir/Core/Src/stm32l4xx_it.c.obj
                0x000000000800084c                SVC_Handler
 .text.DebugMon_Handler
                0x000000000800085a        0xe CMakeFiles/testdebug.dir/Core/Src/stm32l4xx_it.c.obj
                0x000000000800085a                DebugMon_Handler
 .text.PendSV_Handler
                0x0000000008000868        0xe CMakeFiles/testdebug.dir/Core/Src/stm32l4xx_it.c.obj
                0x0000000008000868                PendSV_Handler
 .text.SysTick_Handler
                0x0000000008000876        0xc CMakeFiles/testdebug.dir/Core/Src/stm32l4xx_it.c.obj
                0x0000000008000876                SysTick_Handler
 *fill*         0x0000000008000882        0x2 
 .text.HAL_MspInit
                0x0000000008000884       0x48 CMakeFiles/testdebug.dir/Core/Src/stm32l4xx_hal_msp.c.obj
                0x0000000008000884                HAL_MspInit
 .text.HAL_UART_MspInit
                0x00000000080008cc       0xd4 CMakeFiles/testdebug.dir/Core/Src/stm32l4xx_hal_msp.c.obj
                0x00000000080008cc                HAL_UART_MspInit
 .text.HAL_UART_Init
                0x00000000080009a0       0x9c CMakeFiles/testdebug.dir/Drivers/STM32L4xx_HAL_Driver/Src/stm32l4xx_hal_uart.c.obj
                0x00000000080009a0                HAL_UART_Init
 .text.UART_SetConfig
                0x0000000008000a3c      0x458 CMakeFiles/testdebug.dir/Drivers/STM32L4xx_HAL_Driver/Src/stm32l4xx_hal_uart.c.obj
                0x0000000008000a3c                UART_SetConfig
 .text.UART_AdvFeatureConfig
                0x0000000008000e94      0x144 CMakeFiles/testdebug.dir/Drivers/STM32L4xx_HAL_Driver/Src/stm32l4xx_hal_uart.c.obj
                0x0000000008000e94                UART_AdvFeatureConfig
 .text.UART_CheckIdleState
                0x0000000008000fd8      0x150 CMakeFiles/testdebug.dir/Drivers/STM32L4xx_HAL_Driver/Src/stm32l4xx_hal_uart.c.obj
                0x0000000008000fd8                UART_CheckIdleState
 .text.UART_WaitOnFlagUntilTimeout
                0x0000000008001128       0xda CMakeFiles/testdebug.dir/Drivers/STM32L4xx_HAL_Driver/Src/stm32l4xx_hal_uart.c.obj
                0x0000000008001128                UART_WaitOnFlagUntilTimeout
 .text.UART_EndRxTransfer
                0x0000000008001202       0xc8 CMakeFiles/testdebug.dir/Drivers/STM32L4xx_HAL_Driver/Src/stm32l4xx_hal_uart.c.obj
 .text.HAL_Init
                0x00000000080012ca       0x30 CMakeFiles/testdebug.dir/Drivers/STM32L4xx_HAL_Driver/Src/stm32l4xx_hal.c.obj
                0x00000000080012ca                HAL_Init
 *fill*         0x00000000080012fa        0x2 
 .text.HAL_InitTick
                0x00000000080012fc       0x78 CMakeFiles/testdebug.dir/Drivers/STM32L4xx_HAL_Driver/Src/stm32l4xx_hal.c.obj
                0x00000000080012fc                HAL_InitTick
 .text.HAL_IncTick
                0x0000000008001374       0x28 CMakeFiles/testdebug.dir/Drivers/STM32L4xx_HAL_Driver/Src/stm32l4xx_hal.c.obj
                0x0000000008001374                HAL_IncTick
 .text.HAL_GetTick
                0x000000000800139c       0x18 CMakeFiles/testdebug.dir/Drivers/STM32L4xx_HAL_Driver/Src/stm32l4xx_hal.c.obj
                0x000000000800139c                HAL_GetTick
 .text.HAL_Delay
                0x00000000080013b4       0x48 CMakeFiles/testdebug.dir/Drivers/STM32L4xx_HAL_Driver/Src/stm32l4xx_hal.c.obj
                0x00000000080013b4                HAL_Delay
 .text.HAL_RCC_OscConfig
                0x00000000080013fc      0x828 CMakeFiles/testdebug.dir/Drivers/STM32L4xx_HAL_Driver/Src/stm32l4xx_hal_rcc.c.obj
                0x00000000080013fc                HAL_RCC_OscConfig
 .text.HAL_RCC_ClockConfig
                0x0000000008001c24      0x200 CMakeFiles/testdebug.dir/Drivers/STM32L4xx_HAL_Driver/Src/stm32l4xx_hal_rcc.c.obj
                0x0000000008001c24                HAL_RCC_ClockConfig
 .text.HAL_RCC_GetSysClockFreq
                0x0000000008001e24      0x118 CMakeFiles/testdebug.dir/Drivers/STM32L4xx_HAL_Driver/Src/stm32l4xx_hal_rcc.c.obj
                0x0000000008001e24                HAL_RCC_GetSysClockFreq
 .text.HAL_RCC_GetHCLKFreq
                0x0000000008001f3c       0x18 CMakeFiles/testdebug.dir/Drivers/STM32L4xx_HAL_Driver/Src/stm32l4xx_hal_rcc.c.obj
                0x0000000008001f3c                HAL_RCC_GetHCLKFreq
 .text.HAL_RCC_GetPCLK1Freq
                0x0000000008001f54       0x2c CMakeFiles/testdebug.dir/Drivers/STM32L4xx_HAL_Driver/Src/stm32l4xx_hal_rcc.c.obj
                0x0000000008001f54                HAL_RCC_GetPCLK1Freq
 .text.HAL_RCC_GetPCLK2Freq
                0x0000000008001f80       0x2c CMakeFiles/testdebug.dir/Drivers/STM32L4xx_HAL_Driver/Src/stm32l4xx_hal_rcc.c.obj
                0x0000000008001f80                HAL_RCC_GetPCLK2Freq
 .text.RCC_SetFlashLatencyFromMSIRange
                0x0000000008001fac       0xc0 CMakeFiles/testdebug.dir/Drivers/STM32L4xx_HAL_Driver/Src/stm32l4xx_hal_rcc.c.obj
 .text.HAL_RCCEx_PeriphCLKConfig
                0x000000000800206c      0x3ec CMakeFiles/testdebug.dir/Drivers/STM32L4xx_HAL_Driver/Src/stm32l4xx_hal_rcc_ex.c.obj
                0x000000000800206c                HAL_RCCEx_PeriphCLKConfig
 .text.HAL_RCCEx_EnableMSIPLLMode
                0x0000000008002458       0x20 CMakeFiles/testdebug.dir/Drivers/STM32L4xx_HAL_Driver/Src/stm32l4xx_hal_rcc_ex.c.obj
                0x0000000008002458                HAL_RCCEx_EnableMSIPLLMode
 .text.RCCEx_PLLSAI1_Config
                0x0000000008002478      0x1e4 CMakeFiles/testdebug.dir/Drivers/STM32L4xx_HAL_Driver/Src/stm32l4xx_hal_rcc_ex.c.obj
 .text.HAL_GPIO_Init
                0x000000000800265c      0x2d4 CMakeFiles/testdebug.dir/Drivers/STM32L4xx_HAL_Driver/Src/stm32l4xx_hal_gpio.c.obj
                0x000000000800265c                HAL_GPIO_Init
 .text.HAL_GPIO_WritePin
                0x0000000008002930       0x30 CMakeFiles/testdebug.dir/Drivers/STM32L4xx_HAL_Driver/Src/stm32l4xx_hal_gpio.c.obj
                0x0000000008002930                HAL_GPIO_WritePin
 .text.HAL_GPIO_TogglePin
                0x0000000008002960       0x34 CMakeFiles/testdebug.dir/Drivers/STM32L4xx_HAL_Driver/Src/stm32l4xx_hal_gpio.c.obj
                0x0000000008002960                HAL_GPIO_TogglePin
 .text.HAL_PWR_EnableBkUpAccess
                0x0000000008002994       0x20 CMakeFiles/testdebug.dir/Drivers/STM32L4xx_HAL_Driver/Src/stm32l4xx_hal_pwr.c.obj
                0x0000000008002994                HAL_PWR_EnableBkUpAccess
 .text.HAL_PWREx_GetVoltageRange
                0x00000000080029b4       0x1c CMakeFiles/testdebug.dir/Drivers/STM32L4xx_HAL_Driver/Src/stm32l4xx_hal_pwr_ex.c.obj
                0x00000000080029b4                HAL_PWREx_GetVoltageRange
 .text.HAL_PWREx_ControlVoltageScaling
                0x00000000080029d0       0xac CMakeFiles/testdebug.dir/Drivers/STM32L4xx_HAL_Driver/Src/stm32l4xx_hal_pwr_ex.c.obj
                0x00000000080029d0                HAL_PWREx_ControlVoltageScaling
 .text.__NVIC_SetPriorityGrouping
                0x0000000008002a7c       0x48 CMakeFiles/testdebug.dir/Drivers/STM32L4xx_HAL_Driver/Src/stm32l4xx_hal_cortex.c.obj
 .text.__NVIC_GetPriorityGrouping
                0x0000000008002ac4       0x1c CMakeFiles/testdebug.dir/Drivers/STM32L4xx_HAL_Driver/Src/stm32l4xx_hal_cortex.c.obj
 .text.__NVIC_SetPriority
                0x0000000008002ae0       0x54 CMakeFiles/testdebug.dir/Drivers/STM32L4xx_HAL_Driver/Src/stm32l4xx_hal_cortex.c.obj
 .text.NVIC_EncodePriority
                0x0000000008002b34       0x66 CMakeFiles/testdebug.dir/Drivers/STM32L4xx_HAL_Driver/Src/stm32l4xx_hal_cortex.c.obj
 *fill*         0x0000000008002b9a        0x2 
 .text.SysTick_Config
                0x0000000008002b9c       0x44 CMakeFiles/testdebug.dir/Drivers/STM32L4xx_HAL_Driver/Src/stm32l4xx_hal_cortex.c.obj
 .text.HAL_NVIC_SetPriorityGrouping
                0x0000000008002be0       0x16 CMakeFiles/testdebug.dir/Drivers/STM32L4xx_HAL_Driver/Src/stm32l4xx_hal_cortex.c.obj
                0x0000000008002be0                HAL_NVIC_SetPriorityGrouping
 .text.HAL_NVIC_SetPriority
                0x0000000008002bf6       0x38 CMakeFiles/testdebug.dir/Drivers/STM32L4xx_HAL_Driver/Src/stm32l4xx_hal_cortex.c.obj
                0x0000000008002bf6                HAL_NVIC_SetPriority
 .text.HAL_SYSTICK_Config
                0x0000000008002c2e       0x18 CMakeFiles/testdebug.dir/Drivers/STM32L4xx_HAL_Driver/Src/stm32l4xx_hal_cortex.c.obj
                0x0000000008002c2e                HAL_SYSTICK_Config
 *fill*         0x0000000008002c46        0x2 
 .text.SystemInit
                0x0000000008002c48       0x24 CMakeFiles/testdebug.dir/Core/Src/system_stm32l4xx.c.obj
                0x0000000008002c48                SystemInit
 .text.Reset_Handler
                0x0000000008002c6c       0x50 CMakeFiles/testdebug.dir/startup_stm32l432xx.s.obj
                0x0000000008002c6c                Reset_Handler
 .text.Default_Handler
                0x0000000008002cbc        0x2 CMakeFiles/testdebug.dir/startup_stm32l432xx.s.obj
                0x0000000008002cbc                RTC_Alarm_IRQHandler
                0x0000000008002cbc                EXTI2_IRQHandler
                0x0000000008002cbc                TIM1_CC_IRQHandler
                0x0000000008002cbc                TSC_IRQHandler
                0x0000000008002cbc                TAMP_STAMP_IRQHandler
                0x0000000008002cbc                EXTI3_IRQHandler
                0x0000000008002cbc                LPTIM2_IRQHandler
                0x0000000008002cbc                I2C3_ER_IRQHandler
                0x0000000008002cbc                EXTI0_IRQHandler
                0x0000000008002cbc                CAN1_RX0_IRQHandler
                0x0000000008002cbc                FPU_IRQHandler
                0x0000000008002cbc                TIM1_UP_TIM16_IRQHandler
                0x0000000008002cbc                SPI1_IRQHandler
                0x0000000008002cbc                TIM6_DAC_IRQHandler
                0x0000000008002cbc                DMA2_Channel2_IRQHandler
                0x0000000008002cbc                DMA1_Channel4_IRQHandler
                0x0000000008002cbc                ADC1_IRQHandler
                0x0000000008002cbc                DMA1_Channel7_IRQHandler
                0x0000000008002cbc                CAN1_RX1_IRQHandler
                0x0000000008002cbc                DMA2_Channel1_IRQHandler
                0x0000000008002cbc                QUADSPI_IRQHandler
                0x0000000008002cbc                I2C1_EV_IRQHandler
                0x0000000008002cbc                DMA1_Channel6_IRQHandler
                0x0000000008002cbc                DMA2_Channel4_IRQHandler
                0x0000000008002cbc                RCC_IRQHandler
                0x0000000008002cbc                TIM1_TRG_COM_IRQHandler
                0x0000000008002cbc                DMA1_Channel1_IRQHandler
                0x0000000008002cbc                Default_Handler
                0x0000000008002cbc                DMA2_Channel7_IRQHandler
                0x0000000008002cbc                EXTI15_10_IRQHandler
                0x0000000008002cbc                TIM7_IRQHandler
                0x0000000008002cbc                I2C3_EV_IRQHandler
                0x0000000008002cbc                USB_IRQHandler
                0x0000000008002cbc                EXTI9_5_IRQHandler
                0x0000000008002cbc                RTC_WKUP_IRQHandler
                0x0000000008002cbc                PVD_PVM_IRQHandler
                0x0000000008002cbc                CAN1_TX_IRQHandler
                0x0000000008002cbc                DMA2_Channel5_IRQHandler
                0x0000000008002cbc                CRS_IRQHandler
                0x0000000008002cbc                DMA1_Channel5_IRQHandler
                0x0000000008002cbc                EXTI4_IRQHandler
                0x0000000008002cbc                RNG_IRQHandler
                0x0000000008002cbc                DMA1_Channel3_IRQHandler
                0x0000000008002cbc                COMP_IRQHandler
                0x0000000008002cbc                WWDG_IRQHandler
                0x0000000008002cbc                LPUART1_IRQHandler
                0x0000000008002cbc                DMA2_Channel6_IRQHandler
                0x0000000008002cbc                TIM2_IRQHandler
                0x0000000008002cbc                EXTI1_IRQHandler
                0x0000000008002cbc                USART2_IRQHandler
                0x0000000008002cbc                DMA1_Channel2_IRQHandler
                0x0000000008002cbc                CAN1_SCE_IRQHandler
                0x0000000008002cbc                FLASH_IRQHandler
                0x0000000008002cbc                USART1_IRQHandler
                0x0000000008002cbc                SPI3_IRQHandler
                0x0000000008002cbc                I2C1_ER_IRQHandler
                0x0000000008002cbc                SWPMI1_IRQHandler
                0x0000000008002cbc                LPTIM1_IRQHandler
                0x0000000008002cbc                SAI1_IRQHandler
                0x0000000008002cbc                DMA2_Channel3_IRQHandler
                0x0000000008002cbc                TIM1_BRK_TIM15_IRQHandler
 *(.glue_7)
 .glue_7        0x0000000008002cbe        0x0 linker stubs
 *(.glue_7t)
 .glue_7t       0x0000000008002cbe        0x0 linker stubs
 *(.eh_frame)
 *fill*         0x0000000008002cbe        0x2 
 .eh_frame      0x0000000008002cc0        0x0 /usr/lib/gcc/arm-none-eabi/10.3.1/thumb/v7e-m+fp/hard/crtbegin.o
 *(.init)
 .init          0x0000000008002cc0        0x4 /usr/lib/gcc/arm-none-eabi/10.3.1/thumb/v7e-m+fp/hard/crti.o
                0x0000000008002cc0                _init
 .init          0x0000000008002cc4        0x8 /usr/lib/gcc/arm-none-eabi/10.3.1/thumb/v7e-m+fp/hard/crtn.o
 *(.fini)
 .fini          0x0000000008002ccc        0x4 /usr/lib/gcc/arm-none-eabi/10.3.1/thumb/v7e-m+fp/hard/crti.o
                0x0000000008002ccc                _fini
 .fini          0x0000000008002cd0        0x8 /usr/lib/gcc/arm-none-eabi/10.3.1/thumb/v7e-m+fp/hard/crtn.o
                0x0000000008002cd8                . = ALIGN (0x8)
                0x0000000008002cd8                _etext = .

.vfp11_veneer   0x0000000008002cd8        0x0
 .vfp11_veneer  0x0000000008002cd8        0x0 linker stubs

.v4_bx          0x0000000008002cd8        0x0
 .v4_bx         0x0000000008002cd8        0x0 linker stubs

.iplt           0x0000000008002cd8        0x0
 .iplt          0x0000000008002cd8        0x0 /usr/lib/gcc/arm-none-eabi/10.3.1/thumb/v7e-m+fp/hard/crtbegin.o

.rodata         0x0000000008002cd8       0x48
                0x0000000008002cd8                . = ALIGN (0x8)
 *(.rodata)
 *(.rodata*)
 .rodata.AHBPrescTable
                0x0000000008002cd8       0x10 CMakeFiles/testdebug.dir/Core/Src/system_stm32l4xx.c.obj
                0x0000000008002cd8                AHBPrescTable
 .rodata.APBPrescTable
                0x0000000008002ce8        0x8 CMakeFiles/testdebug.dir/Core/Src/system_stm32l4xx.c.obj
                0x0000000008002ce8                APBPrescTable
 .rodata.MSIRangeTable
                0x0000000008002cf0       0x30 CMakeFiles/testdebug.dir/Core/Src/system_stm32l4xx.c.obj
                0x0000000008002cf0                MSIRangeTable
                0x0000000008002d20                . = ALIGN (0x8)

.ARM.extab      0x0000000008002d20        0x0
                0x0000000008002d20                . = ALIGN (0x8)
 *(.ARM.extab* .gnu.linkonce.armextab.*)
                0x0000000008002d20                . = ALIGN (0x8)

.ARM            0x0000000008002d20        0x8
                0x0000000008002d20                . = ALIGN (0x8)
                0x0000000008002d20                __exidx_start = .
 *(.ARM.exidx*)
 .ARM.exidx     0x0000000008002d20        0x8 /usr/lib/gcc/arm-none-eabi/10.3.1/thumb/v7e-m+fp/hard/libgcc.a(_udivmoddi4.o)
                0x0000000008002d28                __exidx_end = .
                0x0000000008002d28                . = ALIGN (0x8)

.rel.dyn        0x0000000008002d28        0x0
 .rel.iplt      0x0000000008002d28        0x0 /usr/lib/gcc/arm-none-eabi/10.3.1/thumb/v7e-m+fp/hard/crtbegin.o

.preinit_array  0x0000000008002d28        0x0
                0x0000000008002d28                . = ALIGN (0x8)
                0x0000000008002d28                PROVIDE (__preinit_array_start = .)
 *(.preinit_array*)
                0x0000000008002d28                PROVIDE (__preinit_array_end = .)
                0x0000000008002d28                . = ALIGN (0x8)

.init_array     0x0000000008002d28        0x8
                0x0000000008002d28                . = ALIGN (0x8)
                0x0000000008002d28                PROVIDE (__init_array_start = .)
 *(SORT_BY_NAME(.init_array.*))
 *(.init_array*)
 .init_array    0x0000000008002d28        0x4 /usr/lib/gcc/arm-none-eabi/10.3.1/thumb/v7e-m+fp/hard/crtbegin.o
                0x0000000008002d2c                PROVIDE (__init_array_end = .)
                0x0000000008002d30                . = ALIGN (0x8)
 *fill*         0x0000000008002d2c        0x4 

.fini_array     0x0000000008002d30        0x8
                0x0000000008002d30                . = ALIGN (0x8)
                0x0000000008002d30                PROVIDE (__fini_array_start = .)
 *(SORT_BY_NAME(.fini_array.*))
 *(.fini_array*)
 .fini_array    0x0000000008002d30        0x4 /usr/lib/gcc/arm-none-eabi/10.3.1/thumb/v7e-m+fp/hard/crtbegin.o
                0x0000000008002d34                PROVIDE (__fini_array_end = .)
                0x0000000008002d38                . = ALIGN (0x8)
 *fill*         0x0000000008002d34        0x4 
                0x0000000008002d38                _sidata = LOADADDR (.data)

.data           0x0000000020000000       0x10 load address 0x0000000008002d38
                0x0000000020000000                . = ALIGN (0x8)
                0x0000000020000000                _sdata = .
 *(.data)
 *(.data*)
 .data.uwTickPrio
                0x0000000020000000        0x4 CMakeFiles/testdebug.dir/Drivers/STM32L4xx_HAL_Driver/Src/stm32l4xx_hal.c.obj
                0x0000000020000000                uwTickPrio
 .data.uwTickFreq
                0x0000000020000004        0x1 CMakeFiles/testdebug.dir/Drivers/STM32L4xx_HAL_Driver/Src/stm32l4xx_hal.c.obj
                0x0000000020000004                uwTickFreq
 *fill*         0x0000000020000005        0x3 
 .data.SystemCoreClock
                0x0000000020000008        0x4 CMakeFiles/testdebug.dir/Core/Src/system_stm32l4xx.c.obj
                0x0000000020000008                SystemCoreClock
                0x0000000020000010                . = ALIGN (0x8)
 *fill*         0x000000002000000c        0x4 
                0x0000000020000010                _edata = .

.tm_clone_table
                0x0000000020000010        0x0 load address 0x0000000008002d48
 .tm_clone_table
                0x0000000020000010        0x0 /usr/lib/gcc/arm-none-eabi/10.3.1/thumb/v7e-m+fp/hard/crtbegin.o
 .tm_clone_table
                0x0000000020000010        0x0 /usr/lib/gcc/arm-none-eabi/10.3.1/thumb/v7e-m+fp/hard/crtend.o

.igot.plt       0x0000000020000010        0x0 load address 0x0000000008002d48
 .igot.plt      0x0000000020000010        0x0 /usr/lib/gcc/arm-none-eabi/10.3.1/thumb/v7e-m+fp/hard/crtbegin.o
                0x0000000020000010                . = ALIGN (0x4)

.bss            0x0000000020000010       0xa8 load address 0x0000000008002d48
                0x0000000020000010                _sbss = .
                0x0000000020000010                __bss_start__ = _sbss
 *(.bss)
 .bss           0x0000000020000010       0x1c /usr/lib/gcc/arm-none-eabi/10.3.1/thumb/v7e-m+fp/hard/crtbegin.o
 *(.bss*)
 .bss.huart2    0x000000002000002c       0x88 CMakeFiles/testdebug.dir/Core/Src/main.c.obj
                0x000000002000002c                huart2
 .bss.uwTick    0x00000000200000b4        0x4 CMakeFiles/testdebug.dir/Drivers/STM32L4xx_HAL_Driver/Src/stm32l4xx_hal.c.obj
                0x00000000200000b4                uwTick
 *(COMMON)
                0x00000000200000b8                . = ALIGN (0x4)
                0x00000000200000b8                _ebss = .
                0x00000000200000b8                __bss_end__ = _ebss

._user_heap_stack
                0x00000000200000b8      0x600 load address 0x0000000008002d48
                0x00000000200000b8                . = ALIGN (0x8)
                [!provide]                        PROVIDE (end = .)
                0x00000000200000b8                PROVIDE (_end = .)
                0x00000000200002b8                . = (. + _Min_Heap_Size)
 *fill*         0x00000000200000b8      0x200 
                0x00000000200006b8                . = (. + _Min_Stack_Size)
 *fill*         0x00000000200002b8      0x400 
                0x00000000200006b8                . = ALIGN (0x8)

/DISCARD/
 libc.a(*)
 libm.a(*)
 libgcc.a(*)

.ARM.attributes
                0x0000000000000000       0x30
 *(.ARM.attributes)
 .ARM.attributes
                0x0000000000000000       0x1e /usr/lib/gcc/arm-none-eabi/10.3.1/thumb/v7e-m+fp/hard/crti.o
 .ARM.attributes
                0x000000000000001e       0x34 /usr/lib/gcc/arm-none-eabi/10.3.1/thumb/v7e-m+fp/hard/crtbegin.o
 .ARM.attributes
                0x0000000000000052       0x34 /usr/lib/gcc/arm-none-eabi/10.3.1/../../../arm-none-eabi/lib/thumb/v7e-m+fp/hard/libc_nano.a(lib_a-init.o)
 .ARM.attributes
                0x0000000000000086       0x34 /usr/lib/gcc/arm-none-eabi/10.3.1/../../../arm-none-eabi/lib/thumb/v7e-m+fp/hard/libc_nano.a(lib_a-memset.o)
 .ARM.attributes
                0x00000000000000ba       0x34 CMakeFiles/testdebug.dir/Core/Src/main.c.obj
 .ARM.attributes
                0x00000000000000ee       0x34 CMakeFiles/testdebug.dir/Core/Src/stm32l4xx_it.c.obj
 .ARM.attributes
                0x0000000000000122       0x34 CMakeFiles/testdebug.dir/Core/Src/stm32l4xx_hal_msp.c.obj
 .ARM.attributes
                0x0000000000000156       0x34 CMakeFiles/testdebug.dir/Drivers/STM32L4xx_HAL_Driver/Src/stm32l4xx_hal_uart.c.obj
 .ARM.attributes
                0x000000000000018a       0x34 CMakeFiles/testdebug.dir/Drivers/STM32L4xx_HAL_Driver/Src/stm32l4xx_hal.c.obj
 .ARM.attributes
                0x00000000000001be       0x34 CMakeFiles/testdebug.dir/Drivers/STM32L4xx_HAL_Driver/Src/stm32l4xx_hal_rcc.c.obj
 .ARM.attributes
                0x00000000000001f2       0x34 CMakeFiles/testdebug.dir/Drivers/STM32L4xx_HAL_Driver/Src/stm32l4xx_hal_rcc_ex.c.obj
 .ARM.attributes
                0x0000000000000226       0x34 CMakeFiles/testdebug.dir/Drivers/STM32L4xx_HAL_Driver/Src/stm32l4xx_hal_gpio.c.obj
 .ARM.attributes
                0x000000000000025a       0x34 CMakeFiles/testdebug.dir/Drivers/STM32L4xx_HAL_Driver/Src/stm32l4xx_hal_pwr.c.obj
 .ARM.attributes
                0x000000000000028e       0x34 CMakeFiles/testdebug.dir/Drivers/STM32L4xx_HAL_Driver/Src/stm32l4xx_hal_pwr_ex.c.obj
 .ARM.attributes
                0x00000000000002c2       0x34 CMakeFiles/testdebug.dir/Drivers/STM32L4xx_HAL_Driver/Src/stm32l4xx_hal_cortex.c.obj
 .ARM.attributes
                0x00000000000002f6       0x34 CMakeFiles/testdebug.dir/Core/Src/system_stm32l4xx.c.obj
 .ARM.attributes
                0x000000000000032a       0x21 CMakeFiles/testdebug.dir/startup_stm32l432xx.s.obj
 .ARM.attributes
                0x000000000000034b       0x1e /usr/lib/gcc/arm-none-eabi/10.3.1/thumb/v7e-m+fp/hard/libgcc.a(_aeabi_uldivmod.o)
 .ARM.attributes
                0x0000000000000369       0x34 /usr/lib/gcc/arm-none-eabi/10.3.1/thumb/v7e-m+fp/hard/libgcc.a(_udivmoddi4.o)
 .ARM.attributes
                0x000000000000039d       0x1e /usr/lib/gcc/arm-none-eabi/10.3.1/thumb/v7e-m+fp/hard/libgcc.a(_dvmd_tls.o)
 .ARM.attributes
                0x00000000000003bb       0x32 /usr/lib/gcc/arm-none-eabi/10.3.1/thumb/v7e-m+fp/hard/crtend.o
 .ARM.attributes
                0x00000000000003ed       0x1e /usr/lib/gcc/arm-none-eabi/10.3.1/thumb/v7e-m+fp/hard/crtn.o
OUTPUT(testdebug.elf elf32-littlearm)
LOAD linker stubs
LOAD /usr/lib/gcc/arm-none-eabi/10.3.1/../../../arm-none-eabi/lib/thumb/v7e-m+fp/hard/libc.a
LOAD /usr/lib/gcc/arm-none-eabi/10.3.1/../../../arm-none-eabi/lib/thumb/v7e-m+fp/hard/libm.a
LOAD /usr/lib/gcc/arm-none-eabi/10.3.1/thumb/v7e-m+fp/hard/libgcc.a

.comment        0x0000000000000000       0x33
 .comment       0x0000000000000000       0x33 /usr/lib/gcc/arm-none-eabi/10.3.1/thumb/v7e-m+fp/hard/crtbegin.o
                                         0x34 (size before relaxing)
 .comment       0x0000000000000033       0x34 /usr/lib/gcc/arm-none-eabi/10.3.1/../../../arm-none-eabi/lib/thumb/v7e-m+fp/hard/libc_nano.a(lib_a-init.o)
 .comment       0x0000000000000033       0x34 /usr/lib/gcc/arm-none-eabi/10.3.1/../../../arm-none-eabi/lib/thumb/v7e-m+fp/hard/libc_nano.a(lib_a-memset.o)
 .comment       0x0000000000000033       0x34 CMakeFiles/testdebug.dir/Core/Src/main.c.obj
 .comment       0x0000000000000033       0x34 CMakeFiles/testdebug.dir/Core/Src/stm32l4xx_it.c.obj
 .comment       0x0000000000000033       0x34 CMakeFiles/testdebug.dir/Core/Src/stm32l4xx_hal_msp.c.obj
 .comment       0x0000000000000033       0x34 CMakeFiles/testdebug.dir/Drivers/STM32L4xx_HAL_Driver/Src/stm32l4xx_hal_uart.c.obj
 .comment       0x0000000000000033       0x34 CMakeFiles/testdebug.dir/Drivers/STM32L4xx_HAL_Driver/Src/stm32l4xx_hal.c.obj
 .comment       0x0000000000000033       0x34 CMakeFiles/testdebug.dir/Drivers/STM32L4xx_HAL_Driver/Src/stm32l4xx_hal_rcc.c.obj
 .comment       0x0000000000000033       0x34 CMakeFiles/testdebug.dir/Drivers/STM32L4xx_HAL_Driver/Src/stm32l4xx_hal_rcc_ex.c.obj
 .comment       0x0000000000000033       0x34 CMakeFiles/testdebug.dir/Drivers/STM32L4xx_HAL_Driver/Src/stm32l4xx_hal_gpio.c.obj
 .comment       0x0000000000000033       0x34 CMakeFiles/testdebug.dir/Drivers/STM32L4xx_HAL_Driver/Src/stm32l4xx_hal_pwr.c.obj
 .comment       0x0000000000000033       0x34 CMakeFiles/testdebug.dir/Drivers/STM32L4xx_HAL_Driver/Src/stm32l4xx_hal_pwr_ex.c.obj
 .comment       0x0000000000000033       0x34 CMakeFiles/testdebug.dir/Drivers/STM32L4xx_HAL_Driver/Src/stm32l4xx_hal_cortex.c.obj
 .comment       0x0000000000000033       0x34 CMakeFiles/testdebug.dir/Core/Src/system_stm32l4xx.c.obj
 .comment       0x0000000000000033       0x34 /usr/lib/gcc/arm-none-eabi/10.3.1/thumb/v7e-m+fp/hard/libgcc.a(_udivmoddi4.o)
 .comment       0x0000000000000033       0x34 /usr/lib/gcc/arm-none-eabi/10.3.1/thumb/v7e-m+fp/hard/crtend.o

.debug_info     0x0000000000000000     0xb2a3
 .debug_info    0x0000000000000000      0x11a /usr/lib/gcc/arm-none-eabi/10.3.1/../../../arm-none-eabi/lib/thumb/v7e-m+fp/hard/libc_nano.a(lib_a-init.o)
 .debug_info    0x000000000000011a      0x137 /usr/lib/gcc/arm-none-eabi/10.3.1/../../../arm-none-eabi/lib/thumb/v7e-m+fp/hard/libc_nano.a(lib_a-memset.o)
 .debug_info    0x0000000000000251      0xc84 CMakeFiles/testdebug.dir/Core/Src/main.c.obj
 .debug_info    0x0000000000000ed5      0x119 CMakeFiles/testdebug.dir/Core/Src/stm32l4xx_it.c.obj
 .debug_info    0x0000000000000fee      0xc1f CMakeFiles/testdebug.dir/Core/Src/stm32l4xx_hal_msp.c.obj
 .debug_info    0x0000000000001c0d     0x3cd2 CMakeFiles/testdebug.dir/Drivers/STM32L4xx_HAL_Driver/Src/stm32l4xx_hal_uart.c.obj
 .debug_info    0x00000000000058df      0x97b CMakeFiles/testdebug.dir/Drivers/STM32L4xx_HAL_Driver/Src/stm32l4xx_hal.c.obj
 .debug_info    0x000000000000625a      0xc1e CMakeFiles/testdebug.dir/Drivers/STM32L4xx_HAL_Driver/Src/stm32l4xx_hal_rcc.c.obj
 .debug_info    0x0000000000006e78      0xed9 CMakeFiles/testdebug.dir/Drivers/STM32L4xx_HAL_Driver/Src/stm32l4xx_hal_rcc_ex.c.obj
 .debug_info    0x0000000000007d51      0x809 CMakeFiles/testdebug.dir/Drivers/STM32L4xx_HAL_Driver/Src/stm32l4xx_hal_gpio.c.obj
 .debug_info    0x000000000000855a      0x90a CMakeFiles/testdebug.dir/Drivers/STM32L4xx_HAL_Driver/Src/stm32l4xx_hal_pwr.c.obj
 .debug_info    0x0000000000008e64      0x94a CMakeFiles/testdebug.dir/Drivers/STM32L4xx_HAL_Driver/Src/stm32l4xx_hal_pwr_ex.c.obj
 .debug_info    0x00000000000097ae      0xdb4 CMakeFiles/testdebug.dir/Drivers/STM32L4xx_HAL_Driver/Src/stm32l4xx_hal_cortex.c.obj
 .debug_info    0x000000000000a562      0x5bc CMakeFiles/testdebug.dir/Core/Src/system_stm32l4xx.c.obj
 .debug_info    0x000000000000ab1e       0x22 CMakeFiles/testdebug.dir/startup_stm32l432xx.s.obj
 .debug_info    0x000000000000ab40       0x26 /usr/lib/gcc/arm-none-eabi/10.3.1/thumb/v7e-m+fp/hard/libgcc.a(_aeabi_uldivmod.o)
 .debug_info    0x000000000000ab66      0x717 /usr/lib/gcc/arm-none-eabi/10.3.1/thumb/v7e-m+fp/hard/libgcc.a(_udivmoddi4.o)
 .debug_info    0x000000000000b27d       0x26 /usr/lib/gcc/arm-none-eabi/10.3.1/thumb/v7e-m+fp/hard/libgcc.a(_dvmd_tls.o)

.debug_abbrev   0x0000000000000000     0x1971
 .debug_abbrev  0x0000000000000000       0xcc /usr/lib/gcc/arm-none-eabi/10.3.1/../../../arm-none-eabi/lib/thumb/v7e-m+fp/hard/libc_nano.a(lib_a-init.o)
 .debug_abbrev  0x00000000000000cc       0xb4 /usr/lib/gcc/arm-none-eabi/10.3.1/../../../arm-none-eabi/lib/thumb/v7e-m+fp/hard/libc_nano.a(lib_a-memset.o)
 .debug_abbrev  0x0000000000000180      0x1fa CMakeFiles/testdebug.dir/Core/Src/main.c.obj
 .debug_abbrev  0x000000000000037a       0x61 CMakeFiles/testdebug.dir/Core/Src/stm32l4xx_it.c.obj
 .debug_abbrev  0x00000000000003db      0x186 CMakeFiles/testdebug.dir/Core/Src/stm32l4xx_hal_msp.c.obj
 .debug_abbrev  0x0000000000000561      0x27b CMakeFiles/testdebug.dir/Drivers/STM32L4xx_HAL_Driver/Src/stm32l4xx_hal_uart.c.obj
 .debug_abbrev  0x00000000000007dc      0x1eb CMakeFiles/testdebug.dir/Drivers/STM32L4xx_HAL_Driver/Src/stm32l4xx_hal.c.obj
 .debug_abbrev  0x00000000000009c7      0x275 CMakeFiles/testdebug.dir/Drivers/STM32L4xx_HAL_Driver/Src/stm32l4xx_hal_rcc.c.obj
 .debug_abbrev  0x0000000000000c3c      0x255 CMakeFiles/testdebug.dir/Drivers/STM32L4xx_HAL_Driver/Src/stm32l4xx_hal_rcc_ex.c.obj
 .debug_abbrev  0x0000000000000e91      0x1bb CMakeFiles/testdebug.dir/Drivers/STM32L4xx_HAL_Driver/Src/stm32l4xx_hal_gpio.c.obj
 .debug_abbrev  0x000000000000104c      0x185 CMakeFiles/testdebug.dir/Drivers/STM32L4xx_HAL_Driver/Src/stm32l4xx_hal_pwr.c.obj
 .debug_abbrev  0x00000000000011d1      0x1e0 CMakeFiles/testdebug.dir/Drivers/STM32L4xx_HAL_Driver/Src/stm32l4xx_hal_pwr_ex.c.obj
 .debug_abbrev  0x00000000000013b1      0x30d CMakeFiles/testdebug.dir/Drivers/STM32L4xx_HAL_Driver/Src/stm32l4xx_hal_cortex.c.obj
 .debug_abbrev  0x00000000000016be      0x116 CMakeFiles/testdebug.dir/Core/Src/system_stm32l4xx.c.obj
 .debug_abbrev  0x00000000000017d4       0x12 CMakeFiles/testdebug.dir/startup_stm32l432xx.s.obj
 .debug_abbrev  0x00000000000017e6       0x14 /usr/lib/gcc/arm-none-eabi/10.3.1/thumb/v7e-m+fp/hard/libgcc.a(_aeabi_uldivmod.o)
 .debug_abbrev  0x00000000000017fa      0x163 /usr/lib/gcc/arm-none-eabi/10.3.1/thumb/v7e-m+fp/hard/libgcc.a(_udivmoddi4.o)
 .debug_abbrev  0x000000000000195d       0x14 /usr/lib/gcc/arm-none-eabi/10.3.1/thumb/v7e-m+fp/hard/libgcc.a(_dvmd_tls.o)

.debug_loc      0x0000000000000000     0x12f5
 .debug_loc     0x0000000000000000       0xba /usr/lib/gcc/arm-none-eabi/10.3.1/../../../arm-none-eabi/lib/thumb/v7e-m+fp/hard/libc_nano.a(lib_a-init.o)
 .debug_loc     0x00000000000000ba      0x22c /usr/lib/gcc/arm-none-eabi/10.3.1/../../../arm-none-eabi/lib/thumb/v7e-m+fp/hard/libc_nano.a(lib_a-memset.o)
 .debug_loc     0x00000000000002e6     0x100f /usr/lib/gcc/arm-none-eabi/10.3.1/thumb/v7e-m+fp/hard/libgcc.a(_udivmoddi4.o)

.debug_aranges  0x0000000000000000      0x9b0
 .debug_aranges
                0x0000000000000000       0x20 /usr/lib/gcc/arm-none-eabi/10.3.1/../../../arm-none-eabi/lib/thumb/v7e-m+fp/hard/libc_nano.a(lib_a-init.o)
 .debug_aranges
                0x0000000000000020       0x20 /usr/lib/gcc/arm-none-eabi/10.3.1/../../../arm-none-eabi/lib/thumb/v7e-m+fp/hard/libc_nano.a(lib_a-memset.o)
 .debug_aranges
                0x0000000000000040       0x40 CMakeFiles/testdebug.dir/Core/Src/main.c.obj
 .debug_aranges
                0x0000000000000080       0x60 CMakeFiles/testdebug.dir/Core/Src/stm32l4xx_it.c.obj
 .debug_aranges
                0x00000000000000e0       0x30 CMakeFiles/testdebug.dir/Core/Src/stm32l4xx_hal_msp.c.obj
 .debug_aranges
                0x0000000000000110      0x228 CMakeFiles/testdebug.dir/Drivers/STM32L4xx_HAL_Driver/Src/stm32l4xx_hal_uart.c.obj
 .debug_aranges
                0x0000000000000338      0x108 CMakeFiles/testdebug.dir/Drivers/STM32L4xx_HAL_Driver/Src/stm32l4xx_hal.c.obj
 .debug_aranges
                0x0000000000000440       0x90 CMakeFiles/testdebug.dir/Drivers/STM32L4xx_HAL_Driver/Src/stm32l4xx_hal_rcc.c.obj
 .debug_aranges
                0x00000000000004d0       0xf0 CMakeFiles/testdebug.dir/Drivers/STM32L4xx_HAL_Driver/Src/stm32l4xx_hal_rcc_ex.c.obj
 .debug_aranges
                0x00000000000005c0       0x58 CMakeFiles/testdebug.dir/Drivers/STM32L4xx_HAL_Driver/Src/stm32l4xx_hal_gpio.c.obj
 .debug_aranges
                0x0000000000000618       0x98 CMakeFiles/testdebug.dir/Drivers/STM32L4xx_HAL_Driver/Src/stm32l4xx_hal_pwr.c.obj
 .debug_aranges
                0x00000000000006b0      0x128 CMakeFiles/testdebug.dir/Drivers/STM32L4xx_HAL_Driver/Src/stm32l4xx_hal_pwr_ex.c.obj
 .debug_aranges
                0x00000000000007d8      0x128 CMakeFiles/testdebug.dir/Drivers/STM32L4xx_HAL_Driver/Src/stm32l4xx_hal_cortex.c.obj
 .debug_aranges
                0x0000000000000900       0x28 CMakeFiles/testdebug.dir/Core/Src/system_stm32l4xx.c.obj
 .debug_aranges
                0x0000000000000928       0x28 CMakeFiles/testdebug.dir/startup_stm32l432xx.s.obj
 .debug_aranges
                0x0000000000000950       0x20 /usr/lib/gcc/arm-none-eabi/10.3.1/thumb/v7e-m+fp/hard/libgcc.a(_aeabi_uldivmod.o)
 .debug_aranges
                0x0000000000000970       0x20 /usr/lib/gcc/arm-none-eabi/10.3.1/thumb/v7e-m+fp/hard/libgcc.a(_udivmoddi4.o)
 .debug_aranges
                0x0000000000000990       0x20 /usr/lib/gcc/arm-none-eabi/10.3.1/thumb/v7e-m+fp/hard/libgcc.a(_dvmd_tls.o)

.debug_line     0x0000000000000000     0x9a8c
 .debug_line    0x0000000000000000      0x138 /usr/lib/gcc/arm-none-eabi/10.3.1/../../../arm-none-eabi/lib/thumb/v7e-m+fp/hard/libc_nano.a(lib_a-init.o)
 .debug_line    0x0000000000000138      0x1bf /usr/lib/gcc/arm-none-eabi/10.3.1/../../../arm-none-eabi/lib/thumb/v7e-m+fp/hard/libc_nano.a(lib_a-memset.o)
 .debug_line    0x00000000000002f7      0x5fb CMakeFiles/testdebug.dir/Core/Src/main.c.obj
 .debug_line    0x00000000000008f2      0x5ac CMakeFiles/testdebug.dir/Core/Src/stm32l4xx_it.c.obj
 .debug_line    0x0000000000000e9e      0x559 CMakeFiles/testdebug.dir/Core/Src/stm32l4xx_hal_msp.c.obj
 .debug_line    0x00000000000013f7     0x2f77 CMakeFiles/testdebug.dir/Drivers/STM32L4xx_HAL_Driver/Src/stm32l4xx_hal_uart.c.obj
 .debug_line    0x000000000000436e      0x846 CMakeFiles/testdebug.dir/Drivers/STM32L4xx_HAL_Driver/Src/stm32l4xx_hal.c.obj
 .debug_line    0x0000000000004bb4      0xd93 CMakeFiles/testdebug.dir/Drivers/STM32L4xx_HAL_Driver/Src/stm32l4xx_hal_rcc.c.obj
 .debug_line    0x0000000000005947     0x10ab CMakeFiles/testdebug.dir/Drivers/STM32L4xx_HAL_Driver/Src/stm32l4xx_hal_rcc_ex.c.obj
 .debug_line    0x00000000000069f2      0x8d0 CMakeFiles/testdebug.dir/Drivers/STM32L4xx_HAL_Driver/Src/stm32l4xx_hal_gpio.c.obj
 .debug_line    0x00000000000072c2      0x6b6 CMakeFiles/testdebug.dir/Drivers/STM32L4xx_HAL_Driver/Src/stm32l4xx_hal_pwr.c.obj
 .debug_line    0x0000000000007978      0x9d8 CMakeFiles/testdebug.dir/Drivers/STM32L4xx_HAL_Driver/Src/stm32l4xx_hal_pwr_ex.c.obj
 .debug_line    0x0000000000008350      0xaae CMakeFiles/testdebug.dir/Drivers/STM32L4xx_HAL_Driver/Src/stm32l4xx_hal_cortex.c.obj
 .debug_line    0x0000000000008dfe      0x581 CMakeFiles/testdebug.dir/Core/Src/system_stm32l4xx.c.obj
 .debug_line    0x000000000000937f       0x9f CMakeFiles/testdebug.dir/startup_stm32l432xx.s.obj
 .debug_line    0x000000000000941e       0x60 /usr/lib/gcc/arm-none-eabi/10.3.1/thumb/v7e-m+fp/hard/libgcc.a(_aeabi_uldivmod.o)
 .debug_line    0x000000000000947e      0x5ae /usr/lib/gcc/arm-none-eabi/10.3.1/thumb/v7e-m+fp/hard/libgcc.a(_udivmoddi4.o)
 .debug_line    0x0000000000009a2c       0x60 /usr/lib/gcc/arm-none-eabi/10.3.1/thumb/v7e-m+fp/hard/libgcc.a(_dvmd_tls.o)

.debug_str      0x0000000000000000    0xbb747
 .debug_str     0x0000000000000000      0x17b /usr/lib/gcc/arm-none-eabi/10.3.1/../../../arm-none-eabi/lib/thumb/v7e-m+fp/hard/libc_nano.a(lib_a-init.o)
                                        0x20b (size before relaxing)
 .debug_str     0x000000000000017b       0xb1 /usr/lib/gcc/arm-none-eabi/10.3.1/../../../arm-none-eabi/lib/thumb/v7e-m+fp/hard/libc_nano.a(lib_a-memset.o)
                                        0x1c0 (size before relaxing)
 .debug_str     0x000000000000022c    0xb82e7 CMakeFiles/testdebug.dir/Core/Src/main.c.obj
                                      0xb85e6 (size before relaxing)
 .debug_str     0x00000000000b8513       0xe3 CMakeFiles/testdebug.dir/Core/Src/stm32l4xx_it.c.obj
                                      0xb7ecc (size before relaxing)
 .debug_str     0x00000000000b85f6      0x21a CMakeFiles/testdebug.dir/Core/Src/stm32l4xx_hal_msp.c.obj
                                      0xb860e (size before relaxing)
 .debug_str     0x00000000000b8810      0x91c CMakeFiles/testdebug.dir/Drivers/STM32L4xx_HAL_Driver/Src/stm32l4xx_hal_uart.c.obj
                                      0xb8bec (size before relaxing)
 .debug_str     0x00000000000b912c      0x8fb CMakeFiles/testdebug.dir/Drivers/STM32L4xx_HAL_Driver/Src/stm32l4xx_hal.c.obj
                                      0xb889b (size before relaxing)
 .debug_str     0x00000000000b9a27      0x46f CMakeFiles/testdebug.dir/Drivers/STM32L4xx_HAL_Driver/Src/stm32l4xx_hal_rcc.c.obj
                                      0xb8507 (size before relaxing)
 .debug_str     0x00000000000b9e96      0x59e CMakeFiles/testdebug.dir/Drivers/STM32L4xx_HAL_Driver/Src/stm32l4xx_hal_rcc_ex.c.obj
                                      0xb8723 (size before relaxing)
 .debug_str     0x00000000000ba434      0x140 CMakeFiles/testdebug.dir/Drivers/STM32L4xx_HAL_Driver/Src/stm32l4xx_hal_gpio.c.obj
                                      0xb80c6 (size before relaxing)
 .debug_str     0x00000000000ba574      0x2ff CMakeFiles/testdebug.dir/Drivers/STM32L4xx_HAL_Driver/Src/stm32l4xx_hal_pwr.c.obj
                                      0xb822a (size before relaxing)
 .debug_str     0x00000000000ba873      0x422 CMakeFiles/testdebug.dir/Drivers/STM32L4xx_HAL_Driver/Src/stm32l4xx_hal_pwr_ex.c.obj
                                      0xb83e7 (size before relaxing)
 .debug_str     0x00000000000bac95      0x3e7 CMakeFiles/testdebug.dir/Drivers/STM32L4xx_HAL_Driver/Src/stm32l4xx_hal_cortex.c.obj
                                      0xb86a9 (size before relaxing)
 .debug_str     0x00000000000bb07c       0x66 CMakeFiles/testdebug.dir/Core/Src/system_stm32l4xx.c.obj
                                      0xb7f53 (size before relaxing)
 .debug_str     0x00000000000bb0e2       0x4b CMakeFiles/testdebug.dir/startup_stm32l432xx.s.obj
                                         0x74 (size before relaxing)
 .debug_str     0x00000000000bb12d       0xa6 /usr/lib/gcc/arm-none-eabi/10.3.1/thumb/v7e-m+fp/hard/libgcc.a(_aeabi_uldivmod.o)
 .debug_str     0x00000000000bb1d3      0x544 /usr/lib/gcc/arm-none-eabi/10.3.1/thumb/v7e-m+fp/hard/libgcc.a(_udivmoddi4.o)
                                        0x647 (size before relaxing)
 .debug_str     0x00000000000bb717       0x30 /usr/lib/gcc/arm-none-eabi/10.3.1/thumb/v7e-m+fp/hard/libgcc.a(_dvmd_tls.o)
                                         0xaa (size before relaxing)

.debug_frame    0x0000000000000000     0x2404
 .debug_frame   0x0000000000000000       0x2c /usr/lib/gcc/arm-none-eabi/10.3.1/../../../arm-none-eabi/lib/thumb/v7e-m+fp/hard/libc_nano.a(lib_a-init.o)
 .debug_frame   0x000000000000002c       0x2c /usr/lib/gcc/arm-none-eabi/10.3.1/../../../arm-none-eabi/lib/thumb/v7e-m+fp/hard/libc_nano.a(lib_a-memset.o)
 .debug_frame   0x0000000000000058       0xa8 CMakeFiles/testdebug.dir/Core/Src/main.c.obj
 .debug_frame   0x0000000000000100      0x104 CMakeFiles/testdebug.dir/Core/Src/stm32l4xx_it.c.obj
 .debug_frame   0x0000000000000204       0x84 CMakeFiles/testdebug.dir/Core/Src/stm32l4xx_hal_msp.c.obj
 .debug_frame   0x0000000000000288      0x9f4 CMakeFiles/testdebug.dir/Drivers/STM32L4xx_HAL_Driver/Src/stm32l4xx_hal_uart.c.obj
 .debug_frame   0x0000000000000c7c      0x3dc CMakeFiles/testdebug.dir/Drivers/STM32L4xx_HAL_Driver/Src/stm32l4xx_hal.c.obj
 .debug_frame   0x0000000000001058      0x21c CMakeFiles/testdebug.dir/Drivers/STM32L4xx_HAL_Driver/Src/stm32l4xx_hal_rcc.c.obj
 .debug_frame   0x0000000000001274      0x3d0 CMakeFiles/testdebug.dir/Drivers/STM32L4xx_HAL_Driver/Src/stm32l4xx_hal_rcc_ex.c.obj
 .debug_frame   0x0000000000001644      0x14c CMakeFiles/testdebug.dir/Drivers/STM32L4xx_HAL_Driver/Src/stm32l4xx_hal_gpio.c.obj
 .debug_frame   0x0000000000001790      0x230 CMakeFiles/testdebug.dir/Drivers/STM32L4xx_HAL_Driver/Src/stm32l4xx_hal_pwr.c.obj
 .debug_frame   0x00000000000019c0      0x4a4 CMakeFiles/testdebug.dir/Drivers/STM32L4xx_HAL_Driver/Src/stm32l4xx_hal_pwr_ex.c.obj
 .debug_frame   0x0000000000001e64      0x4e8 CMakeFiles/testdebug.dir/Drivers/STM32L4xx_HAL_Driver/Src/stm32l4xx_hal_cortex.c.obj
 .debug_frame   0x000000000000234c       0x58 CMakeFiles/testdebug.dir/Core/Src/system_stm32l4xx.c.obj
 .debug_frame   0x00000000000023a4       0x2c /usr/lib/gcc/arm-none-eabi/10.3.1/thumb/v7e-m+fp/hard/libgcc.a(_aeabi_uldivmod.o)
 .debug_frame   0x00000000000023d0       0x34 /usr/lib/gcc/arm-none-eabi/10.3.1/thumb/v7e-m+fp/hard/libgcc.a(_udivmoddi4.o)

.debug_ranges   0x0000000000000000      0x960
 .debug_ranges  0x0000000000000000       0x30 CMakeFiles/testdebug.dir/Core/Src/main.c.obj
 .debug_ranges  0x0000000000000030       0x50 CMakeFiles/testdebug.dir/Core/Src/stm32l4xx_it.c.obj
 .debug_ranges  0x0000000000000080       0x20 CMakeFiles/testdebug.dir/Core/Src/stm32l4xx_hal_msp.c.obj
 .debug_ranges  0x00000000000000a0      0x248 CMakeFiles/testdebug.dir/Drivers/STM32L4xx_HAL_Driver/Src/stm32l4xx_hal_uart.c.obj
 .debug_ranges  0x00000000000002e8       0xf8 CMakeFiles/testdebug.dir/Drivers/STM32L4xx_HAL_Driver/Src/stm32l4xx_hal.c.obj
 .debug_ranges  0x00000000000003e0       0x80 CMakeFiles/testdebug.dir/Drivers/STM32L4xx_HAL_Driver/Src/stm32l4xx_hal_rcc.c.obj
 .debug_ranges  0x0000000000000460       0xe0 CMakeFiles/testdebug.dir/Drivers/STM32L4xx_HAL_Driver/Src/stm32l4xx_hal_rcc_ex.c.obj
 .debug_ranges  0x0000000000000540       0x48 CMakeFiles/testdebug.dir/Drivers/STM32L4xx_HAL_Driver/Src/stm32l4xx_hal_gpio.c.obj
 .debug_ranges  0x0000000000000588       0x88 CMakeFiles/testdebug.dir/Drivers/STM32L4xx_HAL_Driver/Src/stm32l4xx_hal_pwr.c.obj
 .debug_ranges  0x0000000000000610      0x118 CMakeFiles/testdebug.dir/Drivers/STM32L4xx_HAL_Driver/Src/stm32l4xx_hal_pwr_ex.c.obj
 .debug_ranges  0x0000000000000728      0x118 CMakeFiles/testdebug.dir/Drivers/STM32L4xx_HAL_Driver/Src/stm32l4xx_hal_cortex.c.obj
 .debug_ranges  0x0000000000000840       0x18 CMakeFiles/testdebug.dir/Core/Src/system_stm32l4xx.c.obj
 .debug_ranges  0x0000000000000858       0x20 CMakeFiles/testdebug.dir/startup_stm32l432xx.s.obj
 .debug_ranges  0x0000000000000878       0xe8 /usr/lib/gcc/arm-none-eabi/10.3.1/thumb/v7e-m+fp/hard/libgcc.a(_udivmoddi4.o)

.debug_macro    0x0000000000000000    0x1e919
 .debug_macro   0x0000000000000000      0x172 CMakeFiles/testdebug.dir/Core/Src/main.c.obj
 .debug_macro   0x0000000000000172      0xa78 CMakeFiles/testdebug.dir/Core/Src/main.c.obj
 .debug_macro   0x0000000000000bea      0x1a1 CMakeFiles/testdebug.dir/Core/Src/main.c.obj
 .debug_macro   0x0000000000000d8b       0x2e CMakeFiles/testdebug.dir/Core/Src/main.c.obj
 .debug_macro   0x0000000000000db9       0x28 CMakeFiles/testdebug.dir/Core/Src/main.c.obj
 .debug_macro   0x0000000000000de1      0x34e CMakeFiles/testdebug.dir/Core/Src/main.c.obj
 .debug_macro   0x000000000000112f       0x1c CMakeFiles/testdebug.dir/Core/Src/main.c.obj
 .debug_macro   0x000000000000114b       0x22 CMakeFiles/testdebug.dir/Core/Src/main.c.obj
 .debug_macro   0x000000000000116d       0xfb CMakeFiles/testdebug.dir/Core/Src/main.c.obj
 .debug_macro   0x0000000000001268     0x1011 CMakeFiles/testdebug.dir/Core/Src/main.c.obj
 .debug_macro   0x0000000000002279      0x11f CMakeFiles/testdebug.dir/Core/Src/main.c.obj
 .debug_macro   0x0000000000002398    0x147a6 CMakeFiles/testdebug.dir/Core/Src/main.c.obj
 .debug_macro   0x0000000000016b3e       0x6d CMakeFiles/testdebug.dir/Core/Src/main.c.obj
 .debug_macro   0x0000000000016bab     0x38fb CMakeFiles/testdebug.dir/Core/Src/main.c.obj
 .debug_macro   0x000000000001a4a6      0x174 CMakeFiles/testdebug.dir/Core/Src/main.c.obj
 .debug_macro   0x000000000001a61a       0x5c CMakeFiles/testdebug.dir/Core/Src/main.c.obj
 .debug_macro   0x000000000001a676     0x11ca CMakeFiles/testdebug.dir/Core/Src/main.c.obj
 .debug_macro   0x000000000001b840      0x53c CMakeFiles/testdebug.dir/Core/Src/main.c.obj
 .debug_macro   0x000000000001bd7c      0x1b9 CMakeFiles/testdebug.dir/Core/Src/main.c.obj
 .debug_macro   0x000000000001bf35      0x122 CMakeFiles/testdebug.dir/Core/Src/main.c.obj
 .debug_macro   0x000000000001c057      0x26b CMakeFiles/testdebug.dir/Core/Src/main.c.obj
 .debug_macro   0x000000000001c2c2      0x23d CMakeFiles/testdebug.dir/Core/Src/main.c.obj
 .debug_macro   0x000000000001c4ff      0x241 CMakeFiles/testdebug.dir/Core/Src/main.c.obj
 .debug_macro   0x000000000001c740      0x375 CMakeFiles/testdebug.dir/Core/Src/main.c.obj
 .debug_macro   0x000000000001cab5       0xd6 CMakeFiles/testdebug.dir/Core/Src/main.c.obj
 .debug_macro   0x000000000001cb8b      0x122 CMakeFiles/testdebug.dir/Core/Src/main.c.obj
 .debug_macro   0x000000000001ccad      0x356 CMakeFiles/testdebug.dir/Core/Src/main.c.obj
 .debug_macro   0x000000000001d003      0x5cf CMakeFiles/testdebug.dir/Core/Src/main.c.obj
 .debug_macro   0x000000000001d5d2       0x44 CMakeFiles/testdebug.dir/Core/Src/main.c.obj
 .debug_macro   0x000000000001d616      0x220 CMakeFiles/testdebug.dir/Core/Src/main.c.obj
 .debug_macro   0x000000000001d836       0x4c CMakeFiles/testdebug.dir/Core/Src/main.c.obj
 .debug_macro   0x000000000001d882      0x17c CMakeFiles/testdebug.dir/Core/Src/stm32l4xx_it.c.obj
 .debug_macro   0x000000000001d9fe      0x172 CMakeFiles/testdebug.dir/Core/Src/stm32l4xx_hal_msp.c.obj
 .debug_macro   0x000000000001db70      0x18e CMakeFiles/testdebug.dir/Drivers/STM32L4xx_HAL_Driver/Src/stm32l4xx_hal_uart.c.obj
 .debug_macro   0x000000000001dcfe      0x1ab CMakeFiles/testdebug.dir/Drivers/STM32L4xx_HAL_Driver/Src/stm32l4xx_hal.c.obj
 .debug_macro   0x000000000001dea9      0x1a5 CMakeFiles/testdebug.dir/Drivers/STM32L4xx_HAL_Driver/Src/stm32l4xx_hal_rcc.c.obj
 .debug_macro   0x000000000001e04e      0x199 CMakeFiles/testdebug.dir/Drivers/STM32L4xx_HAL_Driver/Src/stm32l4xx_hal_rcc_ex.c.obj
 .debug_macro   0x000000000001e1e7      0x16a CMakeFiles/testdebug.dir/Drivers/STM32L4xx_HAL_Driver/Src/stm32l4xx_hal_gpio.c.obj
 .debug_macro   0x000000000001e351      0x17b CMakeFiles/testdebug.dir/Drivers/STM32L4xx_HAL_Driver/Src/stm32l4xx_hal_pwr.c.obj
 .debug_macro   0x000000000001e4cc      0x187 CMakeFiles/testdebug.dir/Drivers/STM32L4xx_HAL_Driver/Src/stm32l4xx_hal_pwr_ex.c.obj
 .debug_macro   0x000000000001e653      0x163 CMakeFiles/testdebug.dir/Drivers/STM32L4xx_HAL_Driver/Src/stm32l4xx_hal_cortex.c.obj
 .debug_macro   0x000000000001e7b6      0x163 CMakeFiles/testdebug.dir/Core/Src/system_stm32l4xx.c.obj
