Archive member included to satisfy reference by file (symbol)

/usr/lib/gcc/arm-none-eabi/10.3.1/../../../arm-none-eabi/lib/thumb/v7e-m+fp/hard/libc_nano.a(lib_a-atexit.o)
                              /usr/lib/gcc/arm-none-eabi/10.3.1/../../../arm-none-eabi/lib/thumb/v7e-m+fp/hard/crt0.o (atexit)
/usr/lib/gcc/arm-none-eabi/10.3.1/../../../arm-none-eabi/lib/thumb/v7e-m+fp/hard/libc_nano.a(lib_a-exit.o)
                              /usr/lib/gcc/arm-none-eabi/10.3.1/../../../arm-none-eabi/lib/thumb/v7e-m+fp/hard/crt0.o (exit)
/usr/lib/gcc/arm-none-eabi/10.3.1/../../../arm-none-eabi/lib/thumb/v7e-m+fp/hard/libc_nano.a(lib_a-fini.o)
                              /usr/lib/gcc/arm-none-eabi/10.3.1/../../../arm-none-eabi/lib/thumb/v7e-m+fp/hard/crt0.o (__libc_fini_array)
/usr/lib/gcc/arm-none-eabi/10.3.1/../../../arm-none-eabi/lib/thumb/v7e-m+fp/hard/libc_nano.a(lib_a-impure.o)
                              /usr/lib/gcc/arm-none-eabi/10.3.1/../../../arm-none-eabi/lib/thumb/v7e-m+fp/hard/libc_nano.a(lib_a-exit.o) (_global_impure_ptr)
/usr/lib/gcc/arm-none-eabi/10.3.1/../../../arm-none-eabi/lib/thumb/v7e-m+fp/hard/libc_nano.a(lib_a-init.o)
                              /usr/lib/gcc/arm-none-eabi/10.3.1/../../../arm-none-eabi/lib/thumb/v7e-m+fp/hard/crt0.o (__libc_init_array)
/usr/lib/gcc/arm-none-eabi/10.3.1/../../../arm-none-eabi/lib/thumb/v7e-m+fp/hard/libc_nano.a(lib_a-memset.o)
                              /usr/lib/gcc/arm-none-eabi/10.3.1/../../../arm-none-eabi/lib/thumb/v7e-m+fp/hard/crt0.o (memset)
/usr/lib/gcc/arm-none-eabi/10.3.1/../../../arm-none-eabi/lib/thumb/v7e-m+fp/hard/libc_nano.a(lib_a-__atexit.o)
                              /usr/lib/gcc/arm-none-eabi/10.3.1/../../../arm-none-eabi/lib/thumb/v7e-m+fp/hard/libc_nano.a(lib_a-atexit.o) (__register_exitproc)
/usr/lib/gcc/arm-none-eabi/10.3.1/../../../arm-none-eabi/lib/thumb/v7e-m+fp/hard/libc_nano.a(lib_a-__call_atexit.o)
                              /usr/lib/gcc/arm-none-eabi/10.3.1/../../../arm-none-eabi/lib/thumb/v7e-m+fp/hard/libc_nano.a(lib_a-__atexit.o) (__call_exitprocs)
/usr/lib/gcc/arm-none-eabi/10.3.1/thumb/v7e-m+fp/hard/libgcc.a(_aeabi_uldivmod.o)
                              CMakeFiles/testing1.dir/Drivers/STM32L4xx_HAL_Driver/Src/stm32l4xx_hal_uart.c.obj (__aeabi_uldivmod)
/usr/lib/gcc/arm-none-eabi/10.3.1/thumb/v7e-m+fp/hard/libgcc.a(_udivmoddi4.o)
                              /usr/lib/gcc/arm-none-eabi/10.3.1/thumb/v7e-m+fp/hard/libgcc.a(_aeabi_uldivmod.o) (__udivmoddi4)
/usr/lib/gcc/arm-none-eabi/10.3.1/thumb/v7e-m+fp/hard/libgcc.a(_dvmd_tls.o)
                              /usr/lib/gcc/arm-none-eabi/10.3.1/thumb/v7e-m+fp/hard/libgcc.a(_aeabi_uldivmod.o) (__aeabi_ldiv0)
/usr/lib/gcc/arm-none-eabi/10.3.1/../../../arm-none-eabi/lib/thumb/v7e-m+fp/hard/libg_nano.a(lib_a-errno.o)
                              CMakeFiles/testing1.dir/Core/Src/sysmem.c.obj (__errno)

Discarded input sections

 .text          0x0000000000000000        0x0 /usr/lib/gcc/arm-none-eabi/10.3.1/thumb/v7e-m+fp/hard/crti.o
 .data          0x0000000000000000        0x0 /usr/lib/gcc/arm-none-eabi/10.3.1/thumb/v7e-m+fp/hard/crti.o
 .bss           0x0000000000000000        0x0 /usr/lib/gcc/arm-none-eabi/10.3.1/thumb/v7e-m+fp/hard/crti.o
 .data          0x0000000000000000        0x4 /usr/lib/gcc/arm-none-eabi/10.3.1/thumb/v7e-m+fp/hard/crtbegin.o
 .rodata        0x0000000000000000       0x24 /usr/lib/gcc/arm-none-eabi/10.3.1/thumb/v7e-m+fp/hard/crtbegin.o
 .text          0x0000000000000000       0x70 /usr/lib/gcc/arm-none-eabi/10.3.1/../../../arm-none-eabi/lib/thumb/v7e-m+fp/hard/crt0.o
 .data          0x0000000000000000        0x0 /usr/lib/gcc/arm-none-eabi/10.3.1/../../../arm-none-eabi/lib/thumb/v7e-m+fp/hard/crt0.o
 .bss           0x0000000000000000        0x0 /usr/lib/gcc/arm-none-eabi/10.3.1/../../../arm-none-eabi/lib/thumb/v7e-m+fp/hard/crt0.o
 .ARM.extab     0x0000000000000000        0x0 /usr/lib/gcc/arm-none-eabi/10.3.1/../../../arm-none-eabi/lib/thumb/v7e-m+fp/hard/crt0.o
 .ARM.exidx     0x0000000000000000       0x10 /usr/lib/gcc/arm-none-eabi/10.3.1/../../../arm-none-eabi/lib/thumb/v7e-m+fp/hard/crt0.o
 .debug_line    0x0000000000000000       0x87 /usr/lib/gcc/arm-none-eabi/10.3.1/../../../arm-none-eabi/lib/thumb/v7e-m+fp/hard/crt0.o
 .debug_info    0x0000000000000000       0x26 /usr/lib/gcc/arm-none-eabi/10.3.1/../../../arm-none-eabi/lib/thumb/v7e-m+fp/hard/crt0.o
 .debug_abbrev  0x0000000000000000       0x14 /usr/lib/gcc/arm-none-eabi/10.3.1/../../../arm-none-eabi/lib/thumb/v7e-m+fp/hard/crt0.o
 .debug_aranges
                0x0000000000000000       0x20 /usr/lib/gcc/arm-none-eabi/10.3.1/../../../arm-none-eabi/lib/thumb/v7e-m+fp/hard/crt0.o
 .debug_str     0x0000000000000000       0x98 /usr/lib/gcc/arm-none-eabi/10.3.1/../../../arm-none-eabi/lib/thumb/v7e-m+fp/hard/crt0.o
 .ARM.attributes
                0x0000000000000000       0x1c /usr/lib/gcc/arm-none-eabi/10.3.1/../../../arm-none-eabi/lib/thumb/v7e-m+fp/hard/crt0.o
[...]
Memory Configuration

Name             Origin             Length             Attributes
RAM              0x0000000020000000 0x0000000000010000 xrw
RAM2             0x0000000010000000 0x0000000000004000 xrw
FLASH            0x0000000008000000 0x0000000000040000 xr
*default*        0x0000000000000000 0xffffffffffffffff

Linker script and memory map

LOAD /usr/lib/gcc/arm-none-eabi/10.3.1/thumb/v7e-m+fp/hard/crti.o
LOAD /usr/lib/gcc/arm-none-eabi/10.3.1/thumb/v7e-m+fp/hard/crtbegin.o
LOAD /usr/lib/gcc/arm-none-eabi/10.3.1/../../../arm-none-eabi/lib/thumb/v7e-m+fp/hard/crt0.o
START GROUP
LOAD /usr/lib/gcc/arm-none-eabi/10.3.1/../../../arm-none-eabi/lib/thumb/v7e-m+fp/hard/libc_nano.a
LOAD /usr/lib/gcc/arm-none-eabi/10.3.1/../../../arm-none-eabi/lib/thumb/v7e-m+fp/hard/libm.a
END GROUP
LOAD CMakeFiles/testing1.dir/Core/Src/main.c.obj
LOAD CMakeFiles/testing1.dir/Core/Src/stm32l4xx_it.c.obj
LOAD CMakeFiles/testing1.dir/Core/Src/stm32l4xx_hal_msp.c.obj
LOAD CMakeFiles/testing1.dir/Drivers/STM32L4xx_HAL_Driver/Src/stm32l4xx_hal_tim.c.obj
LOAD CMakeFiles/testing1.dir/Drivers/STM32L4xx_HAL_Driver/Src/stm32l4xx_hal_tim_ex.c.obj
LOAD CMakeFiles/testing1.dir/Drivers/STM32L4xx_HAL_Driver/Src/stm32l4xx_hal_uart.c.obj
LOAD CMakeFiles/testing1.dir/Drivers/STM32L4xx_HAL_Driver/Src/stm32l4xx_hal_uart_ex.c.obj
LOAD CMakeFiles/testing1.dir/Drivers/STM32L4xx_HAL_Driver/Src/stm32l4xx_hal.c.obj
LOAD CMakeFiles/testing1.dir/Drivers/STM32L4xx_HAL_Driver/Src/stm32l4xx_hal_rcc.c.obj
LOAD CMakeFiles/testing1.dir/Drivers/STM32L4xx_HAL_Driver/Src/stm32l4xx_hal_rcc_ex.c.obj
LOAD CMakeFiles/testing1.dir/Drivers/STM32L4xx_HAL_Driver/Src/stm32l4xx_hal_flash.c.obj
LOAD CMakeFiles/testing1.dir/Drivers/STM32L4xx_HAL_Driver/Src/stm32l4xx_hal_flash_ex.c.obj
LOAD CMakeFiles/testing1.dir/Drivers/STM32L4xx_HAL_Driver/Src/stm32l4xx_hal_flash_ramfunc.c.obj
LOAD CMakeFiles/testing1.dir/Drivers/STM32L4xx_HAL_Driver/Src/stm32l4xx_hal_gpio.c.obj
LOAD CMakeFiles/testing1.dir/Drivers/STM32L4xx_HAL_Driver/Src/stm32l4xx_hal_i2c.c.obj
LOAD CMakeFiles/testing1.dir/Drivers/STM32L4xx_HAL_Driver/Src/stm32l4xx_hal_i2c_ex.c.obj
LOAD CMakeFiles/testing1.dir/Drivers/STM32L4xx_HAL_Driver/Src/stm32l4xx_hal_dma.c.obj
LOAD CMakeFiles/testing1.dir/Drivers/STM32L4xx_HAL_Driver/Src/stm32l4xx_hal_dma_ex.c.obj
LOAD CMakeFiles/testing1.dir/Drivers/STM32L4xx_HAL_Driver/Src/stm32l4xx_hal_pwr.c.obj
LOAD CMakeFiles/testing1.dir/Drivers/STM32L4xx_HAL_Driver/Src/stm32l4xx_hal_pwr_ex.c.obj
LOAD CMakeFiles/testing1.dir/Drivers/STM32L4xx_HAL_Driver/Src/stm32l4xx_hal_cortex.c.obj
LOAD CMakeFiles/testing1.dir/Drivers/STM32L4xx_HAL_Driver/Src/stm32l4xx_hal_exti.c.obj
LOAD CMakeFiles/testing1.dir/Core/Src/system_stm32l4xx.c.obj
LOAD CMakeFiles/testing1.dir/Core/Src/sysmem.c.obj
LOAD CMakeFiles/testing1.dir/Core/Src/syscalls.c.obj
LOAD CMakeFiles/testing1.dir/startup_stm32l432xx.s.obj
START GROUP
LOAD /usr/lib/gcc/arm-none-eabi/10.3.1/thumb/v7e-m+fp/hard/libgcc.a
LOAD /usr/lib/gcc/arm-none-eabi/10.3.1/../../../arm-none-eabi/lib/thumb/v7e-m+fp/hard/libg_nano.a
LOAD /usr/lib/gcc/arm-none-eabi/10.3.1/../../../arm-none-eabi/lib/thumb/v7e-m+fp/hard/libc_nano.a
END GROUP
START GROUP
LOAD /usr/lib/gcc/arm-none-eabi/10.3.1/thumb/v7e-m+fp/hard/libgcc.a
LOAD /usr/lib/gcc/arm-none-eabi/10.3.1/../../../arm-none-eabi/lib/thumb/v7e-m+fp/hard/libc_nano.a
END GROUP
LOAD /usr/lib/gcc/arm-none-eabi/10.3.1/thumb/v7e-m+fp/hard/crtend.o
LOAD /usr/lib/gcc/arm-none-eabi/10.3.1/thumb/v7e-m+fp/hard/crtn.o
                0x0000000020010000                _estack = (ORIGIN (RAM) + LENGTH (RAM))
                0x0000000000000200                _Min_Heap_Size = 0x200
                0x0000000000000400                _Min_Stack_Size = 0x400

.isr_vector     0x0000000008000000      0x190
                0x0000000008000000                . = ALIGN (0x8)
 *(.isr_vector)
 .isr_vector    0x0000000008000000      0x18c CMakeFiles/testing1.dir/startup_stm32l432xx.s.obj
                0x0000000008000000                g_pfnVectors
                0x0000000008000190                . = ALIGN (0x8)
 *fill*         0x000000000800018c        0x4 

.text           0x0000000008000190     0x2c50
                0x0000000008000190                . = ALIGN (0x8)
 *(.text)
 .text          0x0000000008000190       0x88 /usr/lib/gcc/arm-none-eabi/10.3.1/thumb/v7e-m+fp/hard/crtbegin.o
 .text          0x0000000008000218       0x48 /usr/lib/gcc/arm-none-eabi/10.3.1/../../../arm-none-eabi/lib/thumb/v7e-m+fp/hard/libc_nano.a(lib_a-init.o)
                0x0000000008000218                __libc_init_array
 .text          0x0000000008000260       0xa4 /usr/lib/gcc/arm-none-eabi/10.3.1/../../../arm-none-eabi/lib/thumb/v7e-m+fp/hard/libc_nano.a(lib_a-memset.o)
                0x0000000008000260                memset
 .text          0x0000000008000304       0x30 /usr/lib/gcc/arm-none-eabi/10.3.1/thumb/v7e-m+fp/hard/libgcc.a(_aeabi_uldivmod.o)
                0x0000000008000304                __aeabi_uldivmod
 .text          0x0000000008000334      0x2d0 /usr/lib/gcc/arm-none-eabi/10.3.1/thumb/v7e-m+fp/hard/libgcc.a(_udivmoddi4.o)
                0x0000000008000334                __udivmoddi4
 .text          0x0000000008000604        0x4 /usr/lib/gcc/arm-none-eabi/10.3.1/thumb/v7e-m+fp/hard/libgcc.a(_dvmd_tls.o)
                0x0000000008000604                __aeabi_ldiv0
                0x0000000008000604                __aeabi_idiv0
 *(.text*)
 .text.main     0x0000000008000608      0x13c CMakeFiles/testing1.dir/Core/Src/main.c.obj
                0x0000000008000608                main
 .text.SystemClock_Config
                0x0000000008000744       0xc4 CMakeFiles/testing1.dir/Core/Src/main.c.obj
                0x0000000008000744                SystemClock_Config
 .text.MX_USART2_UART_Init
                0x0000000008000808       0x60 CMakeFiles/testing1.dir/Core/Src/main.c.obj
 .text.MX_GPIO_Init
                0x0000000008000868       0xc0 CMakeFiles/testing1.dir/Core/Src/main.c.obj
 .text.Error_Handler
                0x0000000008000928        0xa CMakeFiles/testing1.dir/Core/Src/main.c.obj
                0x0000000008000928                Error_Handler
 .text.NMI_Handler
                0x0000000008000932        0x6 CMakeFiles/testing1.dir/Core/Src/stm32l4xx_it.c.obj
                0x0000000008000932                NMI_Handler
 .text.HardFault_Handler
                0x0000000008000938        0x6 CMakeFiles/testing1.dir/Core/Src/stm32l4xx_it.c.obj
                0x0000000008000938                HardFault_Handler
 .text.MemManage_Handler
                0x000000000800093e        0x6 CMakeFiles/testing1.dir/Core/Src/stm32l4xx_it.c.obj
                0x000000000800093e                MemManage_Handler
 .text.BusFault_Handler
                0x0000000008000944        0x6 CMakeFiles/testing1.dir/Core/Src/stm32l4xx_it.c.obj
                0x0000000008000944                BusFault_Handler
 .text.UsageFault_Handler
                0x000000000800094a        0x6 CMakeFiles/testing1.dir/Core/Src/stm32l4xx_it.c.obj
                0x000000000800094a                UsageFault_Handler
 .text.SVC_Handler
                0x0000000008000950        0xe CMakeFiles/testing1.dir/Core/Src/stm32l4xx_it.c.obj
                0x0000000008000950                SVC_Handler
 .text.DebugMon_Handler
                0x000000000800095e        0xe CMakeFiles/testing1.dir/Core/Src/stm32l4xx_it.c.obj
                0x000000000800095e                DebugMon_Handler
 .text.PendSV_Handler
                0x000000000800096c        0xe CMakeFiles/testing1.dir/Core/Src/stm32l4xx_it.c.obj
                0x000000000800096c                PendSV_Handler
 .text.SysTick_Handler
                0x000000000800097a        0xc CMakeFiles/testing1.dir/Core/Src/stm32l4xx_it.c.obj
                0x000000000800097a                SysTick_Handler
 *fill*         0x0000000008000986        0x2 
 .text.HAL_MspInit
                0x0000000008000988       0x48 CMakeFiles/testing1.dir/Core/Src/stm32l4xx_hal_msp.c.obj
                0x0000000008000988                HAL_MspInit
 .text.HAL_UART_MspInit
                0x00000000080009d0       0xd4 CMakeFiles/testing1.dir/Core/Src/stm32l4xx_hal_msp.c.obj
                0x00000000080009d0                HAL_UART_MspInit
 .text.HAL_UART_Init
                0x0000000008000aa4       0x9c CMakeFiles/testing1.dir/Drivers/STM32L4xx_HAL_Driver/Src/stm32l4xx_hal_uart.c.obj
                0x0000000008000aa4                HAL_UART_Init
 .text.UART_SetConfig
                0x0000000008000b40      0x458 CMakeFiles/testing1.dir/Drivers/STM32L4xx_HAL_Driver/Src/stm32l4xx_hal_uart.c.obj
                0x0000000008000b40                UART_SetConfig
 .text.UART_AdvFeatureConfig
                0x0000000008000f98      0x144 CMakeFiles/testing1.dir/Drivers/STM32L4xx_HAL_Driver/Src/stm32l4xx_hal_uart.c.obj
                0x0000000008000f98                UART_AdvFeatureConfig
 .text.UART_CheckIdleState
                0x00000000080010dc      0x150 CMakeFiles/testing1.dir/Drivers/STM32L4xx_HAL_Driver/Src/stm32l4xx_hal_uart.c.obj
                0x00000000080010dc                UART_CheckIdleState
 .text.UART_WaitOnFlagUntilTimeout
                0x000000000800122c       0xda CMakeFiles/testing1.dir/Drivers/STM32L4xx_HAL_Driver/Src/stm32l4xx_hal_uart.c.obj
                0x000000000800122c                UART_WaitOnFlagUntilTimeout
 .text.UART_EndRxTransfer
                0x0000000008001306       0xc8 CMakeFiles/testing1.dir/Drivers/STM32L4xx_HAL_Driver/Src/stm32l4xx_hal_uart.c.obj
 .text.HAL_Init
                0x00000000080013ce       0x30 CMakeFiles/testing1.dir/Drivers/STM32L4xx_HAL_Driver/Src/stm32l4xx_hal.c.obj
                0x00000000080013ce                HAL_Init
 *fill*         0x00000000080013fe        0x2 
 .text.HAL_InitTick
                0x0000000008001400       0x78 CMakeFiles/testing1.dir/Drivers/STM32L4xx_HAL_Driver/Src/stm32l4xx_hal.c.obj
                0x0000000008001400                HAL_InitTick
 .text.HAL_IncTick
                0x0000000008001478       0x28 CMakeFiles/testing1.dir/Drivers/STM32L4xx_HAL_Driver/Src/stm32l4xx_hal.c.obj
                0x0000000008001478                HAL_IncTick
 .text.HAL_GetTick
                0x00000000080014a0       0x18 CMakeFiles/testing1.dir/Drivers/STM32L4xx_HAL_Driver/Src/stm32l4xx_hal.c.obj
                0x00000000080014a0                HAL_GetTick
 .text.HAL_Delay
                0x00000000080014b8       0x48 CMakeFiles/testing1.dir/Drivers/STM32L4xx_HAL_Driver/Src/stm32l4xx_hal.c.obj
                0x00000000080014b8                HAL_Delay
 .text.HAL_RCC_OscConfig
                0x0000000008001500      0x828 CMakeFiles/testing1.dir/Drivers/STM32L4xx_HAL_Driver/Src/stm32l4xx_hal_rcc.c.obj
                0x0000000008001500                HAL_RCC_OscConfig
 .text.HAL_RCC_ClockConfig
                0x0000000008001d28      0x200 CMakeFiles/testing1.dir/Drivers/STM32L4xx_HAL_Driver/Src/stm32l4xx_hal_rcc.c.obj
                0x0000000008001d28                HAL_RCC_ClockConfig
 .text.HAL_RCC_GetSysClockFreq
                0x0000000008001f28      0x118 CMakeFiles/testing1.dir/Drivers/STM32L4xx_HAL_Driver/Src/stm32l4xx_hal_rcc.c.obj
                0x0000000008001f28                HAL_RCC_GetSysClockFreq
 .text.HAL_RCC_GetHCLKFreq
                0x0000000008002040       0x18 CMakeFiles/testing1.dir/Drivers/STM32L4xx_HAL_Driver/Src/stm32l4xx_hal_rcc.c.obj
                0x0000000008002040                HAL_RCC_GetHCLKFreq
 .text.HAL_RCC_GetPCLK1Freq
                0x0000000008002058       0x2c CMakeFiles/testing1.dir/Drivers/STM32L4xx_HAL_Driver/Src/stm32l4xx_hal_rcc.c.obj
                0x0000000008002058                HAL_RCC_GetPCLK1Freq
 .text.HAL_RCC_GetPCLK2Freq
                0x0000000008002084       0x2c CMakeFiles/testing1.dir/Drivers/STM32L4xx_HAL_Driver/Src/stm32l4xx_hal_rcc.c.obj
                0x0000000008002084                HAL_RCC_GetPCLK2Freq
 .text.RCC_SetFlashLatencyFromMSIRange
                0x00000000080020b0       0xc0 CMakeFiles/testing1.dir/Drivers/STM32L4xx_HAL_Driver/Src/stm32l4xx_hal_rcc.c.obj
 .text.HAL_RCCEx_PeriphCLKConfig
                0x0000000008002170      0x3ec CMakeFiles/testing1.dir/Drivers/STM32L4xx_HAL_Driver/Src/stm32l4xx_hal_rcc_ex.c.obj
                0x0000000008002170                HAL_RCCEx_PeriphCLKConfig
 .text.HAL_RCCEx_EnableMSIPLLMode
                0x000000000800255c       0x20 CMakeFiles/testing1.dir/Drivers/STM32L4xx_HAL_Driver/Src/stm32l4xx_hal_rcc_ex.c.obj
                0x000000000800255c                HAL_RCCEx_EnableMSIPLLMode
 .text.RCCEx_PLLSAI1_Config
                0x000000000800257c      0x1e4 CMakeFiles/testing1.dir/Drivers/STM32L4xx_HAL_Driver/Src/stm32l4xx_hal_rcc_ex.c.obj
 .text.HAL_GPIO_Init
                0x0000000008002760      0x2d4 CMakeFiles/testing1.dir/Drivers/STM32L4xx_HAL_Driver/Src/stm32l4xx_hal_gpio.c.obj
                0x0000000008002760                HAL_GPIO_Init
 .text.HAL_GPIO_WritePin
                0x0000000008002a34       0x30 CMakeFiles/testing1.dir/Drivers/STM32L4xx_HAL_Driver/Src/stm32l4xx_hal_gpio.c.obj
                0x0000000008002a34                HAL_GPIO_WritePin
 .text.HAL_GPIO_TogglePin
                0x0000000008002a64       0x34 CMakeFiles/testing1.dir/Drivers/STM32L4xx_HAL_Driver/Src/stm32l4xx_hal_gpio.c.obj
                0x0000000008002a64                HAL_GPIO_TogglePin
 .text.HAL_PWR_EnableBkUpAccess
                0x0000000008002a98       0x20 CMakeFiles/testing1.dir/Drivers/STM32L4xx_HAL_Driver/Src/stm32l4xx_hal_pwr.c.obj
                0x0000000008002a98                HAL_PWR_EnableBkUpAccess
 .text.HAL_PWREx_GetVoltageRange
                0x0000000008002ab8       0x1c CMakeFiles/testing1.dir/Drivers/STM32L4xx_HAL_Driver/Src/stm32l4xx_hal_pwr_ex.c.obj
                0x0000000008002ab8                HAL_PWREx_GetVoltageRange
 .text.HAL_PWREx_ControlVoltageScaling
                0x0000000008002ad4       0xac CMakeFiles/testing1.dir/Drivers/STM32L4xx_HAL_Driver/Src/stm32l4xx_hal_pwr_ex.c.obj
                0x0000000008002ad4                HAL_PWREx_ControlVoltageScaling
 .text.__NVIC_SetPriorityGrouping
                0x0000000008002b80       0x48 CMakeFiles/testing1.dir/Drivers/STM32L4xx_HAL_Driver/Src/stm32l4xx_hal_cortex.c.obj
 .text.__NVIC_GetPriorityGrouping
                0x0000000008002bc8       0x1c CMakeFiles/testing1.dir/Drivers/STM32L4xx_HAL_Driver/Src/stm32l4xx_hal_cortex.c.obj
 .text.__NVIC_SetPriority
                0x0000000008002be4       0x54 CMakeFiles/testing1.dir/Drivers/STM32L4xx_HAL_Driver/Src/stm32l4xx_hal_cortex.c.obj
 .text.NVIC_EncodePriority
                0x0000000008002c38       0x66 CMakeFiles/testing1.dir/Drivers/STM32L4xx_HAL_Driver/Src/stm32l4xx_hal_cortex.c.obj
 *fill*         0x0000000008002c9e        0x2 
 .text.SysTick_Config
                0x0000000008002ca0       0x44 CMakeFiles/testing1.dir/Drivers/STM32L4xx_HAL_Driver/Src/stm32l4xx_hal_cortex.c.obj
 .text.HAL_NVIC_SetPriorityGrouping
                0x0000000008002ce4       0x16 CMakeFiles/testing1.dir/Drivers/STM32L4xx_HAL_Driver/Src/stm32l4xx_hal_cortex.c.obj
                0x0000000008002ce4                HAL_NVIC_SetPriorityGrouping
 .text.HAL_NVIC_SetPriority
                0x0000000008002cfa       0x38 CMakeFiles/testing1.dir/Drivers/STM32L4xx_HAL_Driver/Src/stm32l4xx_hal_cortex.c.obj
                0x0000000008002cfa                HAL_NVIC_SetPriority
 .text.HAL_SYSTICK_Config
                0x0000000008002d32       0x18 CMakeFiles/testing1.dir/Drivers/STM32L4xx_HAL_Driver/Src/stm32l4xx_hal_cortex.c.obj
                0x0000000008002d32                HAL_SYSTICK_Config
 *fill*         0x0000000008002d4a        0x2 
 .text.SystemInit
                0x0000000008002d4c       0x24 CMakeFiles/testing1.dir/Core/Src/system_stm32l4xx.c.obj
                0x0000000008002d4c                SystemInit
 .text.Reset_Handler
                0x0000000008002d70       0x50 CMakeFiles/testing1.dir/startup_stm32l432xx.s.obj
                0x0000000008002d70                Reset_Handler
 .text.Default_Handler
                0x0000000008002dc0        0x2 CMakeFiles/testing1.dir/startup_stm32l432xx.s.obj
                0x0000000008002dc0                RTC_Alarm_IRQHandler
                0x0000000008002dc0                EXTI2_IRQHandler
                0x0000000008002dc0                TIM1_CC_IRQHandler
                0x0000000008002dc0                TSC_IRQHandler
                0x0000000008002dc0                TAMP_STAMP_IRQHandler
                0x0000000008002dc0                EXTI3_IRQHandler
                0x0000000008002dc0                LPTIM2_IRQHandler
                0x0000000008002dc0                I2C3_ER_IRQHandler
                0x0000000008002dc0                EXTI0_IRQHandler
                0x0000000008002dc0                CAN1_RX0_IRQHandler
                0x0000000008002dc0                FPU_IRQHandler
                0x0000000008002dc0                TIM1_UP_TIM16_IRQHandler
                0x0000000008002dc0                SPI1_IRQHandler
                0x0000000008002dc0                TIM6_DAC_IRQHandler
                0x0000000008002dc0                DMA2_Channel2_IRQHandler
                0x0000000008002dc0                DMA1_Channel4_IRQHandler
                0x0000000008002dc0                ADC1_IRQHandler
                0x0000000008002dc0                DMA1_Channel7_IRQHandler
                0x0000000008002dc0                CAN1_RX1_IRQHandler
                0x0000000008002dc0                DMA2_Channel1_IRQHandler
                0x0000000008002dc0                QUADSPI_IRQHandler
                0x0000000008002dc0                I2C1_EV_IRQHandler
                0x0000000008002dc0                DMA1_Channel6_IRQHandler
                0x0000000008002dc0                DMA2_Channel4_IRQHandler
                0x0000000008002dc0                RCC_IRQHandler
                0x0000000008002dc0                TIM1_TRG_COM_IRQHandler
                0x0000000008002dc0                DMA1_Channel1_IRQHandler
                0x0000000008002dc0                Default_Handler
                0x0000000008002dc0                DMA2_Channel7_IRQHandler
                0x0000000008002dc0                EXTI15_10_IRQHandler
                0x0000000008002dc0                TIM7_IRQHandler
                0x0000000008002dc0                I2C3_EV_IRQHandler
                0x0000000008002dc0                USB_IRQHandler
                0x0000000008002dc0                EXTI9_5_IRQHandler
                0x0000000008002dc0                RTC_WKUP_IRQHandler
                0x0000000008002dc0                PVD_PVM_IRQHandler
                0x0000000008002dc0                CAN1_TX_IRQHandler
                0x0000000008002dc0                DMA2_Channel5_IRQHandler
                0x0000000008002dc0                CRS_IRQHandler
                0x0000000008002dc0                DMA1_Channel5_IRQHandler
                0x0000000008002dc0                EXTI4_IRQHandler
                0x0000000008002dc0                RNG_IRQHandler
                0x0000000008002dc0                DMA1_Channel3_IRQHandler
                0x0000000008002dc0                COMP_IRQHandler
                0x0000000008002dc0                WWDG_IRQHandler
                0x0000000008002dc0                LPUART1_IRQHandler
                0x0000000008002dc0                DMA2_Channel6_IRQHandler
                0x0000000008002dc0                TIM2_IRQHandler
                0x0000000008002dc0                EXTI1_IRQHandler
                0x0000000008002dc0                USART2_IRQHandler
                0x0000000008002dc0                DMA1_Channel2_IRQHandler
                0x0000000008002dc0                CAN1_SCE_IRQHandler
                0x0000000008002dc0                FLASH_IRQHandler
                0x0000000008002dc0                USART1_IRQHandler
                0x0000000008002dc0                SPI3_IRQHandler
                0x0000000008002dc0                I2C1_ER_IRQHandler
                0x0000000008002dc0                SWPMI1_IRQHandler
                0x0000000008002dc0                LPTIM1_IRQHandler
                0x0000000008002dc0                SAI1_IRQHandler
                0x0000000008002dc0                DMA2_Channel3_IRQHandler
                0x0000000008002dc0                TIM1_BRK_TIM15_IRQHandler
 *(.glue_7)
 .glue_7        0x0000000008002dc2        0x0 linker stubs
 *(.glue_7t)
 .glue_7t       0x0000000008002dc2        0x0 linker stubs
 *(.eh_frame)
 *fill*         0x0000000008002dc2        0x2 
 .eh_frame      0x0000000008002dc4        0x0 /usr/lib/gcc/arm-none-eabi/10.3.1/thumb/v7e-m+fp/hard/crtbegin.o
 *(.init)
 .init          0x0000000008002dc4        0x4 /usr/lib/gcc/arm-none-eabi/10.3.1/thumb/v7e-m+fp/hard/crti.o
                0x0000000008002dc4                _init
 .init          0x0000000008002dc8        0x8 /usr/lib/gcc/arm-none-eabi/10.3.1/thumb/v7e-m+fp/hard/crtn.o
 *(.fini)
 .fini          0x0000000008002dd0        0x4 /usr/lib/gcc/arm-none-eabi/10.3.1/thumb/v7e-m+fp/hard/crti.o
                0x0000000008002dd0                _fini
 .fini          0x0000000008002dd4        0x8 /usr/lib/gcc/arm-none-eabi/10.3.1/thumb/v7e-m+fp/hard/crtn.o
                0x0000000008002de0                . = ALIGN (0x8)
 *fill*         0x0000000008002ddc        0x4 
                0x0000000008002de0                _etext = .

.vfp11_veneer   0x0000000008002de0        0x0
 .vfp11_veneer  0x0000000008002de0        0x0 linker stubs

.v4_bx          0x0000000008002de0        0x0
 .v4_bx         0x0000000008002de0        0x0 linker stubs

.iplt           0x0000000008002de0        0x0
 .iplt          0x0000000008002de0        0x0 /usr/lib/gcc/arm-none-eabi/10.3.1/thumb/v7e-m+fp/hard/crtbegin.o

.rodata         0x0000000008002de0       0x48
                0x0000000008002de0                . = ALIGN (0x8)
 *(.rodata)
 *(.rodata*)
 .rodata.AHBPrescTable
                0x0000000008002de0       0x10 CMakeFiles/testing1.dir/Core/Src/system_stm32l4xx.c.obj
                0x0000000008002de0                AHBPrescTable
 .rodata.APBPrescTable
                0x0000000008002df0        0x8 CMakeFiles/testing1.dir/Core/Src/system_stm32l4xx.c.obj
                0x0000000008002df0                APBPrescTable
 .rodata.MSIRangeTable
                0x0000000008002df8       0x30 CMakeFiles/testing1.dir/Core/Src/system_stm32l4xx.c.obj
                0x0000000008002df8                MSIRangeTable
                0x0000000008002e28                . = ALIGN (0x8)

.ARM.extab      0x0000000008002e28        0x0
                0x0000000008002e28                . = ALIGN (0x8)
 *(.ARM.extab* .gnu.linkonce.armextab.*)
                0x0000000008002e28                . = ALIGN (0x8)

.ARM            0x0000000008002e28        0x8
                0x0000000008002e28                . = ALIGN (0x8)
                0x0000000008002e28                __exidx_start = .
 *(.ARM.exidx*)
 .ARM.exidx     0x0000000008002e28        0x8 /usr/lib/gcc/arm-none-eabi/10.3.1/thumb/v7e-m+fp/hard/libgcc.a(_udivmoddi4.o)
                0x0000000008002e30                __exidx_end = .
                0x0000000008002e30                . = ALIGN (0x8)

.rel.dyn        0x0000000008002e30        0x0
 .rel.iplt      0x0000000008002e30        0x0 /usr/lib/gcc/arm-none-eabi/10.3.1/thumb/v7e-m+fp/hard/crtbegin.o

.preinit_array  0x0000000008002e30        0x0
                0x0000000008002e30                . = ALIGN (0x8)
                0x0000000008002e30                PROVIDE (__preinit_array_start = .)
 *(.preinit_array*)
                0x0000000008002e30                PROVIDE (__preinit_array_end = .)
                0x0000000008002e30                . = ALIGN (0x8)

.init_array     0x0000000008002e30        0x8
                0x0000000008002e30                . = ALIGN (0x8)
                0x0000000008002e30                PROVIDE (__init_array_start = .)
 *(SORT_BY_NAME(.init_array.*))
 *(.init_array*)
 .init_array    0x0000000008002e30        0x4 /usr/lib/gcc/arm-none-eabi/10.3.1/thumb/v7e-m+fp/hard/crtbegin.o
                0x0000000008002e34                PROVIDE (__init_array_end = .)
                0x0000000008002e38                . = ALIGN (0x8)
 *fill*         0x0000000008002e34        0x4 

.fini_array     0x0000000008002e38        0x8
                0x0000000008002e38                . = ALIGN (0x8)
                0x0000000008002e38                PROVIDE (__fini_array_start = .)
 *(SORT_BY_NAME(.fini_array.*))
 *(.fini_array*)
 .fini_array    0x0000000008002e38        0x4 /usr/lib/gcc/arm-none-eabi/10.3.1/thumb/v7e-m+fp/hard/crtbegin.o
                0x0000000008002e3c                PROVIDE (__fini_array_end = .)
                0x0000000008002e40                . = ALIGN (0x8)
 *fill*         0x0000000008002e3c        0x4 
                0x0000000008002e40                _sidata = LOADADDR (.data)

.data           0x0000000020000000       0x10 load address 0x0000000008002e40
                0x0000000020000000                . = ALIGN (0x8)
                0x0000000020000000                _sdata = .
 *(.data)
 *(.data*)
 .data.uwTickPrio
                0x0000000020000000        0x4 CMakeFiles/testing1.dir/Drivers/STM32L4xx_HAL_Driver/Src/stm32l4xx_hal.c.obj
                0x0000000020000000                uwTickPrio
 .data.uwTickFreq
                0x0000000020000004        0x1 CMakeFiles/testing1.dir/Drivers/STM32L4xx_HAL_Driver/Src/stm32l4xx_hal.c.obj
                0x0000000020000004                uwTickFreq
 *fill*         0x0000000020000005        0x3 
 .data.SystemCoreClock
                0x0000000020000008        0x4 CMakeFiles/testing1.dir/Core/Src/system_stm32l4xx.c.obj
                0x0000000020000008                SystemCoreClock
                0x0000000020000010                . = ALIGN (0x8)
 *fill*         0x000000002000000c        0x4 
                0x0000000020000010                _edata = .

.tm_clone_table
                0x0000000020000010        0x0 load address 0x0000000008002e50
 .tm_clone_table
                0x0000000020000010        0x0 /usr/lib/gcc/arm-none-eabi/10.3.1/thumb/v7e-m+fp/hard/crtbegin.o
 .tm_clone_table
                0x0000000020000010        0x0 /usr/lib/gcc/arm-none-eabi/10.3.1/thumb/v7e-m+fp/hard/crtend.o

.igot.plt       0x0000000020000010        0x0 load address 0x0000000008002e50
 .igot.plt      0x0000000020000010        0x0 /usr/lib/gcc/arm-none-eabi/10.3.1/thumb/v7e-m+fp/hard/crtbegin.o
                0x0000000020000010                . = ALIGN (0x4)

.bss            0x0000000020000010       0xa8 load address 0x0000000008002e50
                0x0000000020000010                _sbss = .
                0x0000000020000010                __bss_start__ = _sbss
 *(.bss)
 .bss           0x0000000020000010       0x1c /usr/lib/gcc/arm-none-eabi/10.3.1/thumb/v7e-m+fp/hard/crtbegin.o
 *(.bss*)
 .bss.huart2    0x000000002000002c       0x88 CMakeFiles/testing1.dir/Core/Src/main.c.obj
                0x000000002000002c                huart2
 .bss.uwTick    0x00000000200000b4        0x4 CMakeFiles/testing1.dir/Drivers/STM32L4xx_HAL_Driver/Src/stm32l4xx_hal.c.obj
                0x00000000200000b4                uwTick
 *(COMMON)
                0x00000000200000b8                . = ALIGN (0x4)
                0x00000000200000b8                _ebss = .
                0x00000000200000b8                __bss_end__ = _ebss

._user_heap_stack
                0x00000000200000b8      0x600 load address 0x0000000008002e50
                0x00000000200000b8                . = ALIGN (0x8)
                [!provide]                        PROVIDE (end = .)
                0x00000000200000b8                PROVIDE (_end = .)
                0x00000000200002b8                . = (. + _Min_Heap_Size)
 *fill*         0x00000000200000b8      0x200 
                0x00000000200006b8                . = (. + _Min_Stack_Size)
 *fill*         0x00000000200002b8      0x400 
                0x00000000200006b8                . = ALIGN (0x8)

/DISCARD/
 libc.a(*)
 libm.a(*)
 libgcc.a(*)

.ARM.attributes
                0x0000000000000000       0x30
 *(.ARM.attributes)
 .ARM.attributes
                0x0000000000000000       0x1e /usr/lib/gcc/arm-none-eabi/10.3.1/thumb/v7e-m+fp/hard/crti.o
 .ARM.attributes
                0x000000000000001e       0x34 /usr/lib/gcc/arm-none-eabi/10.3.1/thumb/v7e-m+fp/hard/crtbegin.o
 .ARM.attributes
                0x0000000000000052       0x34 /usr/lib/gcc/arm-none-eabi/10.3.1/../../../arm-none-eabi/lib/thumb/v7e-m+fp/hard/libc_nano.a(lib_a-init.o)
 .ARM.attributes
                0x0000000000000086       0x34 /usr/lib/gcc/arm-none-eabi/10.3.1/../../../arm-none-eabi/lib/thumb/v7e-m+fp/hard/libc_nano.a(lib_a-memset.o)
 .ARM.attributes
                0x00000000000000ba       0x34 CMakeFiles/testing1.dir/Core/Src/main.c.obj
 .ARM.attributes
                0x00000000000000ee       0x34 CMakeFiles/testing1.dir/Core/Src/stm32l4xx_it.c.obj
 .ARM.attributes
                0x0000000000000122       0x34 CMakeFiles/testing1.dir/Core/Src/stm32l4xx_hal_msp.c.obj
 .ARM.attributes
                0x0000000000000156       0x34 CMakeFiles/testing1.dir/Drivers/STM32L4xx_HAL_Driver/Src/stm32l4xx_hal_uart.c.obj
 .ARM.attributes
                0x000000000000018a       0x34 CMakeFiles/testing1.dir/Drivers/STM32L4xx_HAL_Driver/Src/stm32l4xx_hal.c.obj
 .ARM.attributes
                0x00000000000001be       0x34 CMakeFiles/testing1.dir/Drivers/STM32L4xx_HAL_Driver/Src/stm32l4xx_hal_rcc.c.obj
 .ARM.attributes
                0x00000000000001f2       0x34 CMakeFiles/testing1.dir/Drivers/STM32L4xx_HAL_Driver/Src/stm32l4xx_hal_rcc_ex.c.obj
 .ARM.attributes
                0x0000000000000226       0x34 CMakeFiles/testing1.dir/Drivers/STM32L4xx_HAL_Driver/Src/stm32l4xx_hal_gpio.c.obj
 .ARM.attributes
                0x000000000000025a       0x34 CMakeFiles/testing1.dir/Drivers/STM32L4xx_HAL_Driver/Src/stm32l4xx_hal_pwr.c.obj
 .ARM.attributes
                0x000000000000028e       0x34 CMakeFiles/testing1.dir/Drivers/STM32L4xx_HAL_Driver/Src/stm32l4xx_hal_pwr_ex.c.obj
 .ARM.attributes
                0x00000000000002c2       0x34 CMakeFiles/testing1.dir/Drivers/STM32L4xx_HAL_Driver/Src/stm32l4xx_hal_cortex.c.obj
 .ARM.attributes
                0x00000000000002f6       0x34 CMakeFiles/testing1.dir/Core/Src/system_stm32l4xx.c.obj
 .ARM.attributes
                0x000000000000032a       0x21 CMakeFiles/testing1.dir/startup_stm32l432xx.s.obj
 .ARM.attributes
                0x000000000000034b       0x1e /usr/lib/gcc/arm-none-eabi/10.3.1/thumb/v7e-m+fp/hard/libgcc.a(_aeabi_uldivmod.o)
 .ARM.attributes
                0x0000000000000369       0x34 /usr/lib/gcc/arm-none-eabi/10.3.1/thumb/v7e-m+fp/hard/libgcc.a(_udivmoddi4.o)
 .ARM.attributes
                0x000000000000039d       0x1e /usr/lib/gcc/arm-none-eabi/10.3.1/thumb/v7e-m+fp/hard/libgcc.a(_dvmd_tls.o)
 .ARM.attributes
                0x00000000000003bb       0x32 /usr/lib/gcc/arm-none-eabi/10.3.1/thumb/v7e-m+fp/hard/crtend.o
 .ARM.attributes
                0x00000000000003ed       0x1e /usr/lib/gcc/arm-none-eabi/10.3.1/thumb/v7e-m+fp/hard/crtn.o
OUTPUT(testing1.elf elf32-littlearm)
LOAD linker stubs
LOAD /usr/lib/gcc/arm-none-eabi/10.3.1/../../../arm-none-eabi/lib/thumb/v7e-m+fp/hard/libc.a
LOAD /usr/lib/gcc/arm-none-eabi/10.3.1/../../../arm-none-eabi/lib/thumb/v7e-m+fp/hard/libm.a
LOAD /usr/lib/gcc/arm-none-eabi/10.3.1/thumb/v7e-m+fp/hard/libgcc.a

.comment        0x0000000000000000       0x33
 .comment       0x0000000000000000       0x33 /usr/lib/gcc/arm-none-eabi/10.3.1/thumb/v7e-m+fp/hard/crtbegin.o
                                         0x34 (size before relaxing)
 .comment       0x0000000000000033       0x34 /usr/lib/gcc/arm-none-eabi/10.3.1/../../../arm-none-eabi/lib/thumb/v7e-m+fp/hard/libc_nano.a(lib_a-init.o)
 .comment       0x0000000000000033       0x34 /usr/lib/gcc/arm-none-eabi/10.3.1/../../../arm-none-eabi/lib/thumb/v7e-m+fp/hard/libc_nano.a(lib_a-memset.o)
 .comment       0x0000000000000033       0x34 CMakeFiles/testing1.dir/Core/Src/main.c.obj
 .comment       0x0000000000000033       0x34 CMakeFiles/testing1.dir/Core/Src/stm32l4xx_it.c.obj
 .comment       0x0000000000000033       0x34 CMakeFiles/testing1.dir/Core/Src/stm32l4xx_hal_msp.c.obj
 .comment       0x0000000000000033       0x34 CMakeFiles/testing1.dir/Drivers/STM32L4xx_HAL_Driver/Src/stm32l4xx_hal_uart.c.obj
 .comment       0x0000000000000033       0x34 CMakeFiles/testing1.dir/Drivers/STM32L4xx_HAL_Driver/Src/stm32l4xx_hal.c.obj
 .comment       0x0000000000000033       0x34 CMakeFiles/testing1.dir/Drivers/STM32L4xx_HAL_Driver/Src/stm32l4xx_hal_rcc.c.obj
 .comment       0x0000000000000033       0x34 CMakeFiles/testing1.dir/Drivers/STM32L4xx_HAL_Driver/Src/stm32l4xx_hal_rcc_ex.c.obj
 .comment       0x0000000000000033       0x34 CMakeFiles/testing1.dir/Drivers/STM32L4xx_HAL_Driver/Src/stm32l4xx_hal_gpio.c.obj
 .comment       0x0000000000000033       0x34 CMakeFiles/testing1.dir/Drivers/STM32L4xx_HAL_Driver/Src/stm32l4xx_hal_pwr.c.obj
 .comment       0x0000000000000033       0x34 CMakeFiles/testing1.dir/Drivers/STM32L4xx_HAL_Driver/Src/stm32l4xx_hal_pwr_ex.c.obj
 .comment       0x0000000000000033       0x34 CMakeFiles/testing1.dir/Drivers/STM32L4xx_HAL_Driver/Src/stm32l4xx_hal_cortex.c.obj
 .comment       0x0000000000000033       0x34 CMakeFiles/testing1.dir/Core/Src/system_stm32l4xx.c.obj
 .comment       0x0000000000000033       0x34 /usr/lib/gcc/arm-none-eabi/10.3.1/thumb/v7e-m+fp/hard/libgcc.a(_udivmoddi4.o)
 .comment       0x0000000000000033       0x34 /usr/lib/gcc/arm-none-eabi/10.3.1/thumb/v7e-m+fp/hard/crtend.o

.debug_info     0x0000000000000000     0xb2a3
 .debug_info    0x0000000000000000      0x11a /usr/lib/gcc/arm-none-eabi/10.3.1/../../../arm-none-eabi/lib/thumb/v7e-m+fp/hard/libc_nano.a(lib_a-init.o)
 .debug_info    0x000000000000011a      0x137 /usr/lib/gcc/arm-none-eabi/10.3.1/../../../arm-none-eabi/lib/thumb/v7e-m+fp/hard/libc_nano.a(lib_a-memset.o)
 .debug_info    0x0000000000000251      0xc84 CMakeFiles/testing1.dir/Core/Src/main.c.obj
 .debug_info    0x0000000000000ed5      0x119 CMakeFiles/testing1.dir/Core/Src/stm32l4xx_it.c.obj
 .debug_info    0x0000000000000fee      0xc1f CMakeFiles/testing1.dir/Core/Src/stm32l4xx_hal_msp.c.obj
 .debug_info    0x0000000000001c0d     0x3cd2 CMakeFiles/testing1.dir/Drivers/STM32L4xx_HAL_Driver/Src/stm32l4xx_hal_uart.c.obj
 .debug_info    0x00000000000058df      0x97b CMakeFiles/testing1.dir/Drivers/STM32L4xx_HAL_Driver/Src/stm32l4xx_hal.c.obj
 .debug_info    0x000000000000625a      0xc1e CMakeFiles/testing1.dir/Drivers/STM32L4xx_HAL_Driver/Src/stm32l4xx_hal_rcc.c.obj
 .debug_info    0x0000000000006e78      0xed9 CMakeFiles/testing1.dir/Drivers/STM32L4xx_HAL_Driver/Src/stm32l4xx_hal_rcc_ex.c.obj
 .debug_info    0x0000000000007d51      0x809 CMakeFiles/testing1.dir/Drivers/STM32L4xx_HAL_Driver/Src/stm32l4xx_hal_gpio.c.obj
 .debug_info    0x000000000000855a      0x90a CMakeFiles/testing1.dir/Drivers/STM32L4xx_HAL_Driver/Src/stm32l4xx_hal_pwr.c.obj
 .debug_info    0x0000000000008e64      0x94a CMakeFiles/testing1.dir/Drivers/STM32L4xx_HAL_Driver/Src/stm32l4xx_hal_pwr_ex.c.obj
 .debug_info    0x00000000000097ae      0xdb4 CMakeFiles/testing1.dir/Drivers/STM32L4xx_HAL_Driver/Src/stm32l4xx_hal_cortex.c.obj
 .debug_info    0x000000000000a562      0x5bc CMakeFiles/testing1.dir/Core/Src/system_stm32l4xx.c.obj
 .debug_info    0x000000000000ab1e       0x22 CMakeFiles/testing1.dir/startup_stm32l432xx.s.obj
 .debug_info    0x000000000000ab40       0x26 /usr/lib/gcc/arm-none-eabi/10.3.1/thumb/v7e-m+fp/hard/libgcc.a(_aeabi_uldivmod.o)
 .debug_info    0x000000000000ab66      0x717 /usr/lib/gcc/arm-none-eabi/10.3.1/thumb/v7e-m+fp/hard/libgcc.a(_udivmoddi4.o)
 .debug_info    0x000000000000b27d       0x26 /usr/lib/gcc/arm-none-eabi/10.3.1/thumb/v7e-m+fp/hard/libgcc.a(_dvmd_tls.o)

.debug_abbrev   0x0000000000000000     0x1971
 .debug_abbrev  0x0000000000000000       0xcc /usr/lib/gcc/arm-none-eabi/10.3.1/../../../arm-none-eabi/lib/thumb/v7e-m+fp/hard/libc_nano.a(lib_a-init.o)
 .debug_abbrev  0x00000000000000cc       0xb4 /usr/lib/gcc/arm-none-eabi/10.3.1/../../../arm-none-eabi/lib/thumb/v7e-m+fp/hard/libc_nano.a(lib_a-memset.o)
 .debug_abbrev  0x0000000000000180      0x1fa CMakeFiles/testing1.dir/Core/Src/main.c.obj
 .debug_abbrev  0x000000000000037a       0x61 CMakeFiles/testing1.dir/Core/Src/stm32l4xx_it.c.obj
 .debug_abbrev  0x00000000000003db      0x186 CMakeFiles/testing1.dir/Core/Src/stm32l4xx_hal_msp.c.obj
 .debug_abbrev  0x0000000000000561      0x27b CMakeFiles/testing1.dir/Drivers/STM32L4xx_HAL_Driver/Src/stm32l4xx_hal_uart.c.obj
 .debug_abbrev  0x00000000000007dc      0x1eb CMakeFiles/testing1.dir/Drivers/STM32L4xx_HAL_Driver/Src/stm32l4xx_hal.c.obj
 .debug_abbrev  0x00000000000009c7      0x275 CMakeFiles/testing1.dir/Drivers/STM32L4xx_HAL_Driver/Src/stm32l4xx_hal_rcc.c.obj
 .debug_abbrev  0x0000000000000c3c      0x255 CMakeFiles/testing1.dir/Drivers/STM32L4xx_HAL_Driver/Src/stm32l4xx_hal_rcc_ex.c.obj
 .debug_abbrev  0x0000000000000e91      0x1bb CMakeFiles/testing1.dir/Drivers/STM32L4xx_HAL_Driver/Src/stm32l4xx_hal_gpio.c.obj
 .debug_abbrev  0x000000000000104c      0x185 CMakeFiles/testing1.dir/Drivers/STM32L4xx_HAL_Driver/Src/stm32l4xx_hal_pwr.c.obj
 .debug_abbrev  0x00000000000011d1      0x1e0 CMakeFiles/testing1.dir/Drivers/STM32L4xx_HAL_Driver/Src/stm32l4xx_hal_pwr_ex.c.obj
 .debug_abbrev  0x00000000000013b1      0x30d CMakeFiles/testing1.dir/Drivers/STM32L4xx_HAL_Driver/Src/stm32l4xx_hal_cortex.c.obj
 .debug_abbrev  0x00000000000016be      0x116 CMakeFiles/testing1.dir/Core/Src/system_stm32l4xx.c.obj
 .debug_abbrev  0x00000000000017d4       0x12 CMakeFiles/testing1.dir/startup_stm32l432xx.s.obj
 .debug_abbrev  0x00000000000017e6       0x14 /usr/lib/gcc/arm-none-eabi/10.3.1/thumb/v7e-m+fp/hard/libgcc.a(_aeabi_uldivmod.o)
 .debug_abbrev  0x00000000000017fa      0x163 /usr/lib/gcc/arm-none-eabi/10.3.1/thumb/v7e-m+fp/hard/libgcc.a(_udivmoddi4.o)
 .debug_abbrev  0x000000000000195d       0x14 /usr/lib/gcc/arm-none-eabi/10.3.1/thumb/v7e-m+fp/hard/libgcc.a(_dvmd_tls.o)

.debug_loc      0x0000000000000000     0x12f5
 .debug_loc     0x0000000000000000       0xba /usr/lib/gcc/arm-none-eabi/10.3.1/../../../arm-none-eabi/lib/thumb/v7e-m+fp/hard/libc_nano.a(lib_a-init.o)
 .debug_loc     0x00000000000000ba      0x22c /usr/lib/gcc/arm-none-eabi/10.3.1/../../../arm-none-eabi/lib/thumb/v7e-m+fp/hard/libc_nano.a(lib_a-memset.o)
 .debug_loc     0x00000000000002e6     0x100f /usr/lib/gcc/arm-none-eabi/10.3.1/thumb/v7e-m+fp/hard/libgcc.a(_udivmoddi4.o)

.debug_aranges  0x0000000000000000      0x9b0
 .debug_aranges
                0x0000000000000000       0x20 /usr/lib/gcc/arm-none-eabi/10.3.1/../../../arm-none-eabi/lib/thumb/v7e-m+fp/hard/libc_nano.a(lib_a-init.o)
 .debug_aranges
                0x0000000000000020       0x20 /usr/lib/gcc/arm-none-eabi/10.3.1/../../../arm-none-eabi/lib/thumb/v7e-m+fp/hard/libc_nano.a(lib_a-memset.o)
 .debug_aranges
                0x0000000000000040       0x40 CMakeFiles/testing1.dir/Core/Src/main.c.obj
 .debug_aranges
                0x0000000000000080       0x60 CMakeFiles/testing1.dir/Core/Src/stm32l4xx_it.c.obj
 .debug_aranges
                0x00000000000000e0       0x30 CMakeFiles/testing1.dir/Core/Src/stm32l4xx_hal_msp.c.obj
 .debug_aranges
                0x0000000000000110      0x228 CMakeFiles/testing1.dir/Drivers/STM32L4xx_HAL_Driver/Src/stm32l4xx_hal_uart.c.obj
 .debug_aranges
                0x0000000000000338      0x108 CMakeFiles/testing1.dir/Drivers/STM32L4xx_HAL_Driver/Src/stm32l4xx_hal.c.obj
 .debug_aranges
                0x0000000000000440       0x90 CMakeFiles/testing1.dir/Drivers/STM32L4xx_HAL_Driver/Src/stm32l4xx_hal_rcc.c.obj
 .debug_aranges
                0x00000000000004d0       0xf0 CMakeFiles/testing1.dir/Drivers/STM32L4xx_HAL_Driver/Src/stm32l4xx_hal_rcc_ex.c.obj
 .debug_aranges
                0x00000000000005c0       0x58 CMakeFiles/testing1.dir/Drivers/STM32L4xx_HAL_Driver/Src/stm32l4xx_hal_gpio.c.obj
 .debug_aranges
                0x0000000000000618       0x98 CMakeFiles/testing1.dir/Drivers/STM32L4xx_HAL_Driver/Src/stm32l4xx_hal_pwr.c.obj
 .debug_aranges
                0x00000000000006b0      0x128 CMakeFiles/testing1.dir/Drivers/STM32L4xx_HAL_Driver/Src/stm32l4xx_hal_pwr_ex.c.obj
 .debug_aranges
                0x00000000000007d8      0x128 CMakeFiles/testing1.dir/Drivers/STM32L4xx_HAL_Driver/Src/stm32l4xx_hal_cortex.c.obj
 .debug_aranges
                0x0000000000000900       0x28 CMakeFiles/testing1.dir/Core/Src/system_stm32l4xx.c.obj
 .debug_aranges
                0x0000000000000928       0x28 CMakeFiles/testing1.dir/startup_stm32l432xx.s.obj
 .debug_aranges
                0x0000000000000950       0x20 /usr/lib/gcc/arm-none-eabi/10.3.1/thumb/v7e-m+fp/hard/libgcc.a(_aeabi_uldivmod.o)
 .debug_aranges
                0x0000000000000970       0x20 /usr/lib/gcc/arm-none-eabi/10.3.1/thumb/v7e-m+fp/hard/libgcc.a(_udivmoddi4.o)
 .debug_aranges
                0x0000000000000990       0x20 /usr/lib/gcc/arm-none-eabi/10.3.1/thumb/v7e-m+fp/hard/libgcc.a(_dvmd_tls.o)

.debug_line     0x0000000000000000     0x9e83
 .debug_line    0x0000000000000000      0x138 /usr/lib/gcc/arm-none-eabi/10.3.1/../../../arm-none-eabi/lib/thumb/v7e-m+fp/hard/libc_nano.a(lib_a-init.o)
 .debug_line    0x0000000000000138      0x1bf /usr/lib/gcc/arm-none-eabi/10.3.1/../../../arm-none-eabi/lib/thumb/v7e-m+fp/hard/libc_nano.a(lib_a-memset.o)
 .debug_line    0x00000000000002f7      0x6ce CMakeFiles/testing1.dir/Core/Src/main.c.obj
 .debug_line    0x00000000000009c5      0x5f4 CMakeFiles/testing1.dir/Core/Src/stm32l4xx_it.c.obj
 .debug_line    0x0000000000000fb9      0x5a1 CMakeFiles/testing1.dir/Core/Src/stm32l4xx_hal_msp.c.obj
 .debug_line    0x000000000000155a     0x2fbf CMakeFiles/testing1.dir/Drivers/STM32L4xx_HAL_Driver/Src/stm32l4xx_hal_uart.c.obj
 .debug_line    0x0000000000004519      0x88e CMakeFiles/testing1.dir/Drivers/STM32L4xx_HAL_Driver/Src/stm32l4xx_hal.c.obj
 .debug_line    0x0000000000004da7      0xddb CMakeFiles/testing1.dir/Drivers/STM32L4xx_HAL_Driver/Src/stm32l4xx_hal_rcc.c.obj
 .debug_line    0x0000000000005b82     0x10f3 CMakeFiles/testing1.dir/Drivers/STM32L4xx_HAL_Driver/Src/stm32l4xx_hal_rcc_ex.c.obj
 .debug_line    0x0000000000006c75      0x918 CMakeFiles/testing1.dir/Drivers/STM32L4xx_HAL_Driver/Src/stm32l4xx_hal_gpio.c.obj
 .debug_line    0x000000000000758d      0x6fe CMakeFiles/testing1.dir/Drivers/STM32L4xx_HAL_Driver/Src/stm32l4xx_hal_pwr.c.obj
 .debug_line    0x0000000000007c8b      0xa20 CMakeFiles/testing1.dir/Drivers/STM32L4xx_HAL_Driver/Src/stm32l4xx_hal_pwr_ex.c.obj
 .debug_line    0x00000000000086ab      0xaf6 CMakeFiles/testing1.dir/Drivers/STM32L4xx_HAL_Driver/Src/stm32l4xx_hal_cortex.c.obj
 .debug_line    0x00000000000091a1      0x5c9 CMakeFiles/testing1.dir/Core/Src/system_stm32l4xx.c.obj
 .debug_line    0x000000000000976a       0xab CMakeFiles/testing1.dir/startup_stm32l432xx.s.obj
 .debug_line    0x0000000000009815       0x60 /usr/lib/gcc/arm-none-eabi/10.3.1/thumb/v7e-m+fp/hard/libgcc.a(_aeabi_uldivmod.o)
 .debug_line    0x0000000000009875      0x5ae /usr/lib/gcc/arm-none-eabi/10.3.1/thumb/v7e-m+fp/hard/libgcc.a(_udivmoddi4.o)
 .debug_line    0x0000000000009e23       0x60 /usr/lib/gcc/arm-none-eabi/10.3.1/thumb/v7e-m+fp/hard/libgcc.a(_dvmd_tls.o)

.debug_str      0x0000000000000000    0xbb7ef
 .debug_str     0x0000000000000000      0x17b /usr/lib/gcc/arm-none-eabi/10.3.1/../../../arm-none-eabi/lib/thumb/v7e-m+fp/hard/libc_nano.a(lib_a-init.o)
                                        0x20b (size before relaxing)
 .debug_str     0x000000000000017b       0xb1 /usr/lib/gcc/arm-none-eabi/10.3.1/../../../arm-none-eabi/lib/thumb/v7e-m+fp/hard/libc_nano.a(lib_a-memset.o)
                                        0x1c0 (size before relaxing)
 .debug_str     0x000000000000022c    0xb82ff CMakeFiles/testing1.dir/Core/Src/main.c.obj
                                      0xb85fe (size before relaxing)
 .debug_str     0x00000000000b852b       0xef CMakeFiles/testing1.dir/Core/Src/stm32l4xx_it.c.obj
                                      0xb7ee4 (size before relaxing)
 .debug_str     0x00000000000b861a      0x226 CMakeFiles/testing1.dir/Core/Src/stm32l4xx_hal_msp.c.obj
                                      0xb8626 (size before relaxing)
 .debug_str     0x00000000000b8840      0x928 CMakeFiles/testing1.dir/Drivers/STM32L4xx_HAL_Driver/Src/stm32l4xx_hal_uart.c.obj
                                      0xb8c04 (size before relaxing)
 .debug_str     0x00000000000b9168      0x907 CMakeFiles/testing1.dir/Drivers/STM32L4xx_HAL_Driver/Src/stm32l4xx_hal.c.obj
                                      0xb88b3 (size before relaxing)
 .debug_str     0x00000000000b9a6f      0x47b CMakeFiles/testing1.dir/Drivers/STM32L4xx_HAL_Driver/Src/stm32l4xx_hal_rcc.c.obj
                                      0xb851f (size before relaxing)
 .debug_str     0x00000000000b9eea      0x5aa CMakeFiles/testing1.dir/Drivers/STM32L4xx_HAL_Driver/Src/stm32l4xx_hal_rcc_ex.c.obj
                                      0xb873b (size before relaxing)
 .debug_str     0x00000000000ba494      0x14c CMakeFiles/testing1.dir/Drivers/STM32L4xx_HAL_Driver/Src/stm32l4xx_hal_gpio.c.obj
                                      0xb80de (size before relaxing)
 .debug_str     0x00000000000ba5e0      0x30b CMakeFiles/testing1.dir/Drivers/STM32L4xx_HAL_Driver/Src/stm32l4xx_hal_pwr.c.obj
                                      0xb8242 (size before relaxing)
 .debug_str     0x00000000000ba8eb      0x42e CMakeFiles/testing1.dir/Drivers/STM32L4xx_HAL_Driver/Src/stm32l4xx_hal_pwr_ex.c.obj
                                      0xb83ff (size before relaxing)
 .debug_str     0x00000000000bad19      0x3f3 CMakeFiles/testing1.dir/Drivers/STM32L4xx_HAL_Driver/Src/stm32l4xx_hal_cortex.c.obj
                                      0xb86c1 (size before relaxing)
 .debug_str     0x00000000000bb10c       0x72 CMakeFiles/testing1.dir/Core/Src/system_stm32l4xx.c.obj
                                      0xb7f6b (size before relaxing)
 .debug_str     0x00000000000bb17e       0x57 CMakeFiles/testing1.dir/startup_stm32l432xx.s.obj
                                         0x8c (size before relaxing)
 .debug_str     0x00000000000bb1d5       0xa6 /usr/lib/gcc/arm-none-eabi/10.3.1/thumb/v7e-m+fp/hard/libgcc.a(_aeabi_uldivmod.o)
 .debug_str     0x00000000000bb27b      0x544 /usr/lib/gcc/arm-none-eabi/10.3.1/thumb/v7e-m+fp/hard/libgcc.a(_udivmoddi4.o)
                                        0x647 (size before relaxing)
 .debug_str     0x00000000000bb7bf       0x30 /usr/lib/gcc/arm-none-eabi/10.3.1/thumb/v7e-m+fp/hard/libgcc.a(_dvmd_tls.o)
                                         0xaa (size before relaxing)

.debug_frame    0x0000000000000000     0x2404
 .debug_frame   0x0000000000000000       0x2c /usr/lib/gcc/arm-none-eabi/10.3.1/../../../arm-none-eabi/lib/thumb/v7e-m+fp/hard/libc_nano.a(lib_a-init.o)
 .debug_frame   0x000000000000002c       0x2c /usr/lib/gcc/arm-none-eabi/10.3.1/../../../arm-none-eabi/lib/thumb/v7e-m+fp/hard/libc_nano.a(lib_a-memset.o)
 .debug_frame   0x0000000000000058       0xa8 CMakeFiles/testing1.dir/Core/Src/main.c.obj
 .debug_frame   0x0000000000000100      0x104 CMakeFiles/testing1.dir/Core/Src/stm32l4xx_it.c.obj
 .debug_frame   0x0000000000000204       0x84 CMakeFiles/testing1.dir/Core/Src/stm32l4xx_hal_msp.c.obj
 .debug_frame   0x0000000000000288      0x9f4 CMakeFiles/testing1.dir/Drivers/STM32L4xx_HAL_Driver/Src/stm32l4xx_hal_uart.c.obj
 .debug_frame   0x0000000000000c7c      0x3dc CMakeFiles/testing1.dir/Drivers/STM32L4xx_HAL_Driver/Src/stm32l4xx_hal.c.obj
 .debug_frame   0x0000000000001058      0x21c CMakeFiles/testing1.dir/Drivers/STM32L4xx_HAL_Driver/Src/stm32l4xx_hal_rcc.c.obj
 .debug_frame   0x0000000000001274      0x3d0 CMakeFiles/testing1.dir/Drivers/STM32L4xx_HAL_Driver/Src/stm32l4xx_hal_rcc_ex.c.obj
 .debug_frame   0x0000000000001644      0x14c CMakeFiles/testing1.dir/Drivers/STM32L4xx_HAL_Driver/Src/stm32l4xx_hal_gpio.c.obj
 .debug_frame   0x0000000000001790      0x230 CMakeFiles/testing1.dir/Drivers/STM32L4xx_HAL_Driver/Src/stm32l4xx_hal_pwr.c.obj
 .debug_frame   0x00000000000019c0      0x4a4 CMakeFiles/testing1.dir/Drivers/STM32L4xx_HAL_Driver/Src/stm32l4xx_hal_pwr_ex.c.obj
 .debug_frame   0x0000000000001e64      0x4e8 CMakeFiles/testing1.dir/Drivers/STM32L4xx_HAL_Driver/Src/stm32l4xx_hal_cortex.c.obj
 .debug_frame   0x000000000000234c       0x58 CMakeFiles/testing1.dir/Core/Src/system_stm32l4xx.c.obj
 .debug_frame   0x00000000000023a4       0x2c /usr/lib/gcc/arm-none-eabi/10.3.1/thumb/v7e-m+fp/hard/libgcc.a(_aeabi_uldivmod.o)
 .debug_frame   0x00000000000023d0       0x34 /usr/lib/gcc/arm-none-eabi/10.3.1/thumb/v7e-m+fp/hard/libgcc.a(_udivmoddi4.o)

.debug_ranges   0x0000000000000000      0x960
 .debug_ranges  0x0000000000000000       0x30 CMakeFiles/testing1.dir/Core/Src/main.c.obj
 .debug_ranges  0x0000000000000030       0x50 CMakeFiles/testing1.dir/Core/Src/stm32l4xx_it.c.obj
 .debug_ranges  0x0000000000000080       0x20 CMakeFiles/testing1.dir/Core/Src/stm32l4xx_hal_msp.c.obj
 .debug_ranges  0x00000000000000a0      0x248 CMakeFiles/testing1.dir/Drivers/STM32L4xx_HAL_Driver/Src/stm32l4xx_hal_uart.c.obj
 .debug_ranges  0x00000000000002e8       0xf8 CMakeFiles/testing1.dir/Drivers/STM32L4xx_HAL_Driver/Src/stm32l4xx_hal.c.obj
 .debug_ranges  0x00000000000003e0       0x80 CMakeFiles/testing1.dir/Drivers/STM32L4xx_HAL_Driver/Src/stm32l4xx_hal_rcc.c.obj
 .debug_ranges  0x0000000000000460       0xe0 CMakeFiles/testing1.dir/Drivers/STM32L4xx_HAL_Driver/Src/stm32l4xx_hal_rcc_ex.c.obj
 .debug_ranges  0x0000000000000540       0x48 CMakeFiles/testing1.dir/Drivers/STM32L4xx_HAL_Driver/Src/stm32l4xx_hal_gpio.c.obj
 .debug_ranges  0x0000000000000588       0x88 CMakeFiles/testing1.dir/Drivers/STM32L4xx_HAL_Driver/Src/stm32l4xx_hal_pwr.c.obj
 .debug_ranges  0x0000000000000610      0x118 CMakeFiles/testing1.dir/Drivers/STM32L4xx_HAL_Driver/Src/stm32l4xx_hal_pwr_ex.c.obj
 .debug_ranges  0x0000000000000728      0x118 CMakeFiles/testing1.dir/Drivers/STM32L4xx_HAL_Driver/Src/stm32l4xx_hal_cortex.c.obj
 .debug_ranges  0x0000000000000840       0x18 CMakeFiles/testing1.dir/Core/Src/system_stm32l4xx.c.obj
 .debug_ranges  0x0000000000000858       0x20 CMakeFiles/testing1.dir/startup_stm32l432xx.s.obj
 .debug_ranges  0x0000000000000878       0xe8 /usr/lib/gcc/arm-none-eabi/10.3.1/thumb/v7e-m+fp/hard/libgcc.a(_udivmoddi4.o)

.debug_macro    0x0000000000000000    0x1e919
 .debug_macro   0x0000000000000000      0x172 CMakeFiles/testing1.dir/Core/Src/main.c.obj
 .debug_macro   0x0000000000000172      0xa78 CMakeFiles/testing1.dir/Core/Src/main.c.obj
 .debug_macro   0x0000000000000bea      0x1a1 CMakeFiles/testing1.dir/Core/Src/main.c.obj
 .debug_macro   0x0000000000000d8b       0x2e CMakeFiles/testing1.dir/Core/Src/main.c.obj
 .debug_macro   0x0000000000000db9       0x28 CMakeFiles/testing1.dir/Core/Src/main.c.obj
 .debug_macro   0x0000000000000de1      0x34e CMakeFiles/testing1.dir/Core/Src/main.c.obj
 .debug_macro   0x000000000000112f       0x1c CMakeFiles/testing1.dir/Core/Src/main.c.obj
 .debug_macro   0x000000000000114b       0x22 CMakeFiles/testing1.dir/Core/Src/main.c.obj
 .debug_macro   0x000000000000116d       0xfb CMakeFiles/testing1.dir/Core/Src/main.c.obj
 .debug_macro   0x0000000000001268     0x1011 CMakeFiles/testing1.dir/Core/Src/main.c.obj
 .debug_macro   0x0000000000002279      0x11f CMakeFiles/testing1.dir/Core/Src/main.c.obj
 .debug_macro   0x0000000000002398    0x147a6 CMakeFiles/testing1.dir/Core/Src/main.c.obj
 .debug_macro   0x0000000000016b3e       0x6d CMakeFiles/testing1.dir/Core/Src/main.c.obj
 .debug_macro   0x0000000000016bab     0x38fb CMakeFiles/testing1.dir/Core/Src/main.c.obj
 .debug_macro   0x000000000001a4a6      0x174 CMakeFiles/testing1.dir/Core/Src/main.c.obj
 .debug_macro   0x000000000001a61a       0x5c CMakeFiles/testing1.dir/Core/Src/main.c.obj
 .debug_macro   0x000000000001a676     0x11ca CMakeFiles/testing1.dir/Core/Src/main.c.obj
 .debug_macro   0x000000000001b840      0x53c CMakeFiles/testing1.dir/Core/Src/main.c.obj
 .debug_macro   0x000000000001bd7c      0x1b9 CMakeFiles/testing1.dir/Core/Src/main.c.obj
 .debug_macro   0x000000000001bf35      0x122 CMakeFiles/testing1.dir/Core/Src/main.c.obj
 .debug_macro   0x000000000001c057      0x26b CMakeFiles/testing1.dir/Core/Src/main.c.obj
 .debug_macro   0x000000000001c2c2      0x23d CMakeFiles/testing1.dir/Core/Src/main.c.obj
 .debug_macro   0x000000000001c4ff      0x241 CMakeFiles/testing1.dir/Core/Src/main.c.obj
 .debug_macro   0x000000000001c740      0x375 CMakeFiles/testing1.dir/Core/Src/main.c.obj
 .debug_macro   0x000000000001cab5       0xd6 CMakeFiles/testing1.dir/Core/Src/main.c.obj
 .debug_macro   0x000000000001cb8b      0x122 CMakeFiles/testing1.dir/Core/Src/main.c.obj
 .debug_macro   0x000000000001ccad      0x356 CMakeFiles/testing1.dir/Core/Src/main.c.obj
 .debug_macro   0x000000000001d003      0x5cf CMakeFiles/testing1.dir/Core/Src/main.c.obj
 .debug_macro   0x000000000001d5d2       0x44 CMakeFiles/testing1.dir/Core/Src/main.c.obj
 .debug_macro   0x000000000001d616      0x220 CMakeFiles/testing1.dir/Core/Src/main.c.obj
 .debug_macro   0x000000000001d836       0x4c CMakeFiles/testing1.dir/Core/Src/main.c.obj
 .debug_macro   0x000000000001d882      0x17c CMakeFiles/testing1.dir/Core/Src/stm32l4xx_it.c.obj
 .debug_macro   0x000000000001d9fe      0x172 CMakeFiles/testing1.dir/Core/Src/stm32l4xx_hal_msp.c.obj
 .debug_macro   0x000000000001db70      0x18e CMakeFiles/testing1.dir/Drivers/STM32L4xx_HAL_Driver/Src/stm32l4xx_hal_uart.c.obj
 .debug_macro   0x000000000001dcfe      0x1ab CMakeFiles/testing1.dir/Drivers/STM32L4xx_HAL_Driver/Src/stm32l4xx_hal.c.obj
 .debug_macro   0x000000000001dea9      0x1a5 CMakeFiles/testing1.dir/Drivers/STM32L4xx_HAL_Driver/Src/stm32l4xx_hal_rcc.c.obj
 .debug_macro   0x000000000001e04e      0x199 CMakeFiles/testing1.dir/Drivers/STM32L4xx_HAL_Driver/Src/stm32l4xx_hal_rcc_ex.c.obj
 .debug_macro   0x000000000001e1e7      0x16a CMakeFiles/testing1.dir/Drivers/STM32L4xx_HAL_Driver/Src/stm32l4xx_hal_gpio.c.obj
 .debug_macro   0x000000000001e351      0x17b CMakeFiles/testing1.dir/Drivers/STM32L4xx_HAL_Driver/Src/stm32l4xx_hal_pwr.c.obj
 .debug_macro   0x000000000001e4cc      0x187 CMakeFiles/testing1.dir/Drivers/STM32L4xx_HAL_Driver/Src/stm32l4xx_hal_pwr_ex.c.obj
 .debug_macro   0x000000000001e653      0x163 CMakeFiles/testing1.dir/Drivers/STM32L4xx_HAL_Driver/Src/stm32l4xx_hal_cortex.c.obj
 .debug_macro   0x000000000001e7b6      0x163 CMakeFiles/testing1.dir/Core/Src/system_stm32l4xx.c.obj
