Archive member included to satisfy reference by file (symbol)

/usr/lib/gcc/arm-none-eabi/10.3.1/../../../arm-none-eabi/lib/thumb/v7-m/nofp/libc_nano.a(lib_a-atexit.o)
                              /usr/lib/gcc/arm-none-eabi/10.3.1/../../../arm-none-eabi/lib/thumb/v7-m/nofp/crt0.o (atexit)
/usr/lib/gcc/arm-none-eabi/10.3.1/../../../arm-none-eabi/lib/thumb/v7-m/nofp/libc_nano.a(lib_a-exit.o)
                              /usr/lib/gcc/arm-none-eabi/10.3.1/../../../arm-none-eabi/lib/thumb/v7-m/nofp/crt0.o (exit)
/usr/lib/gcc/arm-none-eabi/10.3.1/../../../arm-none-eabi/lib/thumb/v7-m/nofp/libc_nano.a(lib_a-fini.o)
                              /usr/lib/gcc/arm-none-eabi/10.3.1/../../../arm-none-eabi/lib/thumb/v7-m/nofp/crt0.o (__libc_fini_array)
/usr/lib/gcc/arm-none-eabi/10.3.1/../../../arm-none-eabi/lib/thumb/v7-m/nofp/libc_nano.a(lib_a-impure.o)
                              /usr/lib/gcc/arm-none-eabi/10.3.1/../../../arm-none-eabi/lib/thumb/v7-m/nofp/libc_nano.a(lib_a-exit.o) (_global_impure_ptr)
/usr/lib/gcc/arm-none-eabi/10.3.1/../../../arm-none-eabi/lib/thumb/v7-m/nofp/libc_nano.a(lib_a-init.o)
                              /usr/lib/gcc/arm-none-eabi/10.3.1/../../../arm-none-eabi/lib/thumb/v7-m/nofp/crt0.o (__libc_init_array)
/usr/lib/gcc/arm-none-eabi/10.3.1/../../../arm-none-eabi/lib/thumb/v7-m/nofp/libc_nano.a(lib_a-memset.o)
                              /usr/lib/gcc/arm-none-eabi/10.3.1/../../../arm-none-eabi/lib/thumb/v7-m/nofp/crt0.o (memset)
/usr/lib/gcc/arm-none-eabi/10.3.1/../../../arm-none-eabi/lib/thumb/v7-m/nofp/libc_nano.a(lib_a-__atexit.o)
                              /usr/lib/gcc/arm-none-eabi/10.3.1/../../../arm-none-eabi/lib/thumb/v7-m/nofp/libc_nano.a(lib_a-atexit.o) (__register_exitproc)
/usr/lib/gcc/arm-none-eabi/10.3.1/../../../arm-none-eabi/lib/thumb/v7-m/nofp/libc_nano.a(lib_a-__call_atexit.o)
                              /usr/lib/gcc/arm-none-eabi/10.3.1/../../../arm-none-eabi/lib/thumb/v7-m/nofp/libc_nano.a(lib_a-__atexit.o) (__call_exitprocs)
/usr/lib/gcc/arm-none-eabi/10.3.1/../../../arm-none-eabi/lib/thumb/v7-m/nofp/libg_nano.a(lib_a-errno.o)
                              CMakeFiles/bluepillMotor.dir/Core/Src/sysmem.c.obj (__errno)

Discarded input sections

 .text          0x0000000000000000        0x0 /usr/lib/gcc/arm-none-eabi/10.3.1/thumb/v7-m/nofp/crti.o
 .data          0x0000000000000000        0x0 /usr/lib/gcc/arm-none-eabi/10.3.1/thumb/v7-m/nofp/crti.o
 .bss           0x0000000000000000        0x0 /usr/lib/gcc/arm-none-eabi/10.3.1/thumb/v7-m/nofp/crti.o
 .data          0x0000000000000000        0x4 /usr/lib/gcc/arm-none-eabi/10.3.1/thumb/v7-m/nofp/crtbegin.o
 .rodata        0x0000000000000000       0x24 /usr/lib/gcc/arm-none-eabi/10.3.1/thumb/v7-m/nofp/crtbegin.o
 .text          0x0000000000000000       0x70 /usr/lib/gcc/arm-none-eabi/10.3.1/../../../arm-none-eabi/lib/thumb/v7-m/nofp/crt0.o
 .data          0x0000000000000000        0x0 /usr/lib/gcc/arm-none-eabi/10.3.1/../../../arm-none-eabi/lib/thumb/v7-m/nofp/crt0.o
 .bss           0x0000000000000000        0x0 /usr/lib/gcc/arm-none-eabi/10.3.1/../../../arm-none-eabi/lib/thumb/v7-m/nofp/crt0.o
 .ARM.extab     0x0000000000000000        0x0 /usr/lib/gcc/arm-none-eabi/10.3.1/../../../arm-none-eabi/lib/thumb/v7-m/nofp/crt0.o
 .ARM.exidx     0x0000000000000000       0x10 /usr/lib/gcc/arm-none-eabi/10.3.1/../../../arm-none-eabi/lib/thumb/v7-m/nofp/crt0.o
 .debug_line    0x0000000000000000       0x87 /usr/lib/gcc/arm-none-eabi/10.3.1/../../../arm-none-eabi/lib/thumb/v7-m/nofp/crt0.o
 .debug_info    0x0000000000000000       0x26 /usr/lib/gcc/arm-none-eabi/10.3.1/../../../arm-none-eabi/lib/thumb/v7-m/nofp/crt0.o
 .debug_abbrev  0x0000000000000000       0x14 /usr/lib/gcc/arm-none-eabi/10.3.1/../../../arm-none-eabi/lib/thumb/v7-m/nofp/crt0.o
 .debug_aranges
                0x0000000000000000       0x20 /usr/lib/gcc/arm-none-eabi/10.3.1/../../../arm-none-eabi/lib/thumb/v7-m/nofp/crt0.o
 .debug_str     0x0000000000000000       0x94 /usr/lib/gcc/arm-none-eabi/10.3.1/../../../arm-none-eabi/lib/thumb/v7-m/nofp/crt0.o
 .ARM.attributes
                0x0000000000000000       0x1b /usr/lib/gcc/arm-none-eabi/10.3.1/../../../arm-none-eabi/lib/thumb/v7-m/nofp/crt0.o
 .text          0x0000000000000000        0xc /usr/lib/gcc/arm-none-eabi/10.3.1/../../../arm-none-eabi/lib/thumb/v7-m/nofp/libc_nano.a(lib_a-atexit.o)
 .data          0x0000000000000000        0x0 /usr/lib/gcc/arm-none-eabi/10.3.1/../../../arm-none-eabi/lib/thumb/v7-m/nofp/libc_nano.a(lib_a-atexit.o)
 .bss           0x0000000000000000        0x0 /usr/lib/gcc/arm-none-eabi/10.3.1/../../../arm-none-eabi/lib/thumb/v7-m/nofp/libc_nano.a(lib_a-atexit.o)
 .debug_info    0x0000000000000000      0x100 /usr/lib/gcc/arm-none-eabi/10.3.1/../../../arm-none-eabi/lib/thumb/v7-m/nofp/libc_nano.a(lib_a-atexit.o)
 .debug_abbrev  0x0000000000000000       0xb7 /usr/lib/gcc/arm-none-eabi/10.3.1/../../../arm-none-eabi/lib/thumb/v7-m/nofp/libc_nano.a(lib_a-atexit.o)
[...]
Memory Configuration

Name             Origin             Length             Attributes
RAM              0x0000000020000000 0x0000000000005000 xrw
FLASH            0x0000000008000000 0x0000000000010000 xr
*default*        0x0000000000000000 0xffffffffffffffff

Linker script and memory map

LOAD /usr/lib/gcc/arm-none-eabi/10.3.1/thumb/v7-m/nofp/crti.o
LOAD /usr/lib/gcc/arm-none-eabi/10.3.1/thumb/v7-m/nofp/crtbegin.o
LOAD /usr/lib/gcc/arm-none-eabi/10.3.1/../../../arm-none-eabi/lib/thumb/v7-m/nofp/crt0.o
START GROUP
LOAD /usr/lib/gcc/arm-none-eabi/10.3.1/../../../arm-none-eabi/lib/thumb/v7-m/nofp/libc_nano.a
LOAD /usr/lib/gcc/arm-none-eabi/10.3.1/../../../arm-none-eabi/lib/thumb/v7-m/nofp/libm.a
END GROUP
LOAD CMakeFiles/bluepillMotor.dir/Core/Src/main.c.obj
LOAD CMakeFiles/bluepillMotor.dir/Core/Src/stm32f1xx_it.c.obj
LOAD CMakeFiles/bluepillMotor.dir/Core/Src/stm32f1xx_hal_msp.c.obj
LOAD CMakeFiles/bluepillMotor.dir/Drivers/STM32F1xx_HAL_Driver/Src/stm32f1xx_hal_gpio_ex.c.obj
LOAD CMakeFiles/bluepillMotor.dir/Drivers/STM32F1xx_HAL_Driver/Src/stm32f1xx_hal_tim.c.obj
LOAD CMakeFiles/bluepillMotor.dir/Drivers/STM32F1xx_HAL_Driver/Src/stm32f1xx_hal_tim_ex.c.obj
LOAD CMakeFiles/bluepillMotor.dir/Drivers/STM32F1xx_HAL_Driver/Src/stm32f1xx_hal.c.obj
LOAD CMakeFiles/bluepillMotor.dir/Drivers/STM32F1xx_HAL_Driver/Src/stm32f1xx_hal_rcc.c.obj
LOAD CMakeFiles/bluepillMotor.dir/Drivers/STM32F1xx_HAL_Driver/Src/stm32f1xx_hal_rcc_ex.c.obj
LOAD CMakeFiles/bluepillMotor.dir/Drivers/STM32F1xx_HAL_Driver/Src/stm32f1xx_hal_gpio.c.obj
LOAD CMakeFiles/bluepillMotor.dir/Drivers/STM32F1xx_HAL_Driver/Src/stm32f1xx_hal_dma.c.obj
LOAD CMakeFiles/bluepillMotor.dir/Drivers/STM32F1xx_HAL_Driver/Src/stm32f1xx_hal_cortex.c.obj
LOAD CMakeFiles/bluepillMotor.dir/Drivers/STM32F1xx_HAL_Driver/Src/stm32f1xx_hal_pwr.c.obj
LOAD CMakeFiles/bluepillMotor.dir/Drivers/STM32F1xx_HAL_Driver/Src/stm32f1xx_hal_flash.c.obj
LOAD CMakeFiles/bluepillMotor.dir/Drivers/STM32F1xx_HAL_Driver/Src/stm32f1xx_hal_flash_ex.c.obj
LOAD CMakeFiles/bluepillMotor.dir/Drivers/STM32F1xx_HAL_Driver/Src/stm32f1xx_hal_exti.c.obj
LOAD CMakeFiles/bluepillMotor.dir/Core/Src/system_stm32f1xx.c.obj
LOAD CMakeFiles/bluepillMotor.dir/Core/Src/sysmem.c.obj
LOAD CMakeFiles/bluepillMotor.dir/Core/Src/syscalls.c.obj
LOAD CMakeFiles/bluepillMotor.dir/startup_stm32f103xb.s.obj
START GROUP
LOAD /usr/lib/gcc/arm-none-eabi/10.3.1/thumb/v7-m/nofp/libgcc.a
LOAD /usr/lib/gcc/arm-none-eabi/10.3.1/../../../arm-none-eabi/lib/thumb/v7-m/nofp/libg_nano.a
LOAD /usr/lib/gcc/arm-none-eabi/10.3.1/../../../arm-none-eabi/lib/thumb/v7-m/nofp/libc_nano.a
END GROUP
START GROUP
LOAD /usr/lib/gcc/arm-none-eabi/10.3.1/thumb/v7-m/nofp/libgcc.a
LOAD /usr/lib/gcc/arm-none-eabi/10.3.1/../../../arm-none-eabi/lib/thumb/v7-m/nofp/libc_nano.a
END GROUP
LOAD /usr/lib/gcc/arm-none-eabi/10.3.1/thumb/v7-m/nofp/crtend.o
LOAD /usr/lib/gcc/arm-none-eabi/10.3.1/thumb/v7-m/nofp/crtn.o
                0x0000000020005000                _estack = (ORIGIN (RAM) + LENGTH (RAM))
                0x0000000000000200                _Min_Heap_Size = 0x200
                0x0000000000000400                _Min_Stack_Size = 0x400

.isr_vector     0x0000000008000000      0x10c
                0x0000000008000000                . = ALIGN (0x4)
 *(.isr_vector)
 .isr_vector    0x0000000008000000      0x10c CMakeFiles/bluepillMotor.dir/startup_stm32f103xb.s.obj
                0x0000000008000000                g_pfnVectors
                0x000000000800010c                . = ALIGN (0x4)

.text           0x000000000800010c     0x1e20
                0x000000000800010c                . = ALIGN (0x4)
 *(.text)
 .text          0x000000000800010c       0x88 /usr/lib/gcc/arm-none-eabi/10.3.1/thumb/v7-m/nofp/crtbegin.o
 .text          0x0000000008000194       0x48 /usr/lib/gcc/arm-none-eabi/10.3.1/../../../arm-none-eabi/lib/thumb/v7-m/nofp/libc_nano.a(lib_a-init.o)
                0x0000000008000194                __libc_init_array
 .text          0x00000000080001dc       0xa4 /usr/lib/gcc/arm-none-eabi/10.3.1/../../../arm-none-eabi/lib/thumb/v7-m/nofp/libc_nano.a(lib_a-memset.o)
                0x00000000080001dc                memset
 *(.text*)
 .text.main     0x0000000008000280       0x2c CMakeFiles/bluepillMotor.dir/Core/Src/main.c.obj
                0x0000000008000280                main
 .text.SystemClock_Config
                0x00000000080002ac       0x76 CMakeFiles/bluepillMotor.dir/Core/Src/main.c.obj
                0x00000000080002ac                SystemClock_Config
 *fill*         0x0000000008000322        0x2 
 .text.MX_TIM2_Init
                0x0000000008000324       0xec CMakeFiles/bluepillMotor.dir/Core/Src/main.c.obj
 .text.MX_GPIO_Init
                0x0000000008000410       0x44 CMakeFiles/bluepillMotor.dir/Core/Src/main.c.obj
 .text.Error_Handler
                0x0000000008000454        0xa CMakeFiles/bluepillMotor.dir/Core/Src/main.c.obj
                0x0000000008000454                Error_Handler
 .text.NMI_Handler
                0x000000000800045e        0x6 CMakeFiles/bluepillMotor.dir/Core/Src/stm32f1xx_it.c.obj
                0x000000000800045e                NMI_Handler
 .text.HardFault_Handler
                0x0000000008000464        0x6 CMakeFiles/bluepillMotor.dir/Core/Src/stm32f1xx_it.c.obj
                0x0000000008000464                HardFault_Handler
 .text.MemManage_Handler
                0x000000000800046a        0x6 CMakeFiles/bluepillMotor.dir/Core/Src/stm32f1xx_it.c.obj
                0x000000000800046a                MemManage_Handler
 .text.BusFault_Handler
                0x0000000008000470        0x6 CMakeFiles/bluepillMotor.dir/Core/Src/stm32f1xx_it.c.obj
                0x0000000008000470                BusFault_Handler
 .text.UsageFault_Handler
                0x0000000008000476        0x6 CMakeFiles/bluepillMotor.dir/Core/Src/stm32f1xx_it.c.obj
                0x0000000008000476                UsageFault_Handler
 .text.SVC_Handler
                0x000000000800047c        0xc CMakeFiles/bluepillMotor.dir/Core/Src/stm32f1xx_it.c.obj
                0x000000000800047c                SVC_Handler
 .text.DebugMon_Handler
                0x0000000008000488        0xc CMakeFiles/bluepillMotor.dir/Core/Src/stm32f1xx_it.c.obj
                0x0000000008000488                DebugMon_Handler
 .text.PendSV_Handler
                0x0000000008000494        0xc CMakeFiles/bluepillMotor.dir/Core/Src/stm32f1xx_it.c.obj
                0x0000000008000494                PendSV_Handler
 .text.SysTick_Handler
                0x00000000080004a0        0xc CMakeFiles/bluepillMotor.dir/Core/Src/stm32f1xx_it.c.obj
                0x00000000080004a0                SysTick_Handler
 .text.HAL_MspInit
                0x00000000080004ac       0x64 CMakeFiles/bluepillMotor.dir/Core/Src/stm32f1xx_hal_msp.c.obj
                0x00000000080004ac                HAL_MspInit
 .text.HAL_TIM_Base_MspInit
                0x0000000008000510       0x38 CMakeFiles/bluepillMotor.dir/Core/Src/stm32f1xx_hal_msp.c.obj
                0x0000000008000510                HAL_TIM_Base_MspInit
 .text.HAL_TIM_MspPostInit
                0x0000000008000548       0x60 CMakeFiles/bluepillMotor.dir/Core/Src/stm32f1xx_hal_msp.c.obj
                0x0000000008000548                HAL_TIM_MspPostInit
 .text.HAL_TIM_Base_Init
                0x00000000080005a8       0x9e CMakeFiles/bluepillMotor.dir/Drivers/STM32F1xx_HAL_Driver/Src/stm32f1xx_hal_tim.c.obj
                0x00000000080005a8                HAL_TIM_Base_Init
 .text.HAL_TIM_PWM_Init
                0x0000000008000646       0x9e CMakeFiles/bluepillMotor.dir/Drivers/STM32F1xx_HAL_Driver/Src/stm32f1xx_hal_tim.c.obj
                0x0000000008000646                HAL_TIM_PWM_Init
 .text.HAL_TIM_PWM_MspInit
                0x00000000080006e4       0x12 CMakeFiles/bluepillMotor.dir/Drivers/STM32F1xx_HAL_Driver/Src/stm32f1xx_hal_tim.c.obj
                0x00000000080006e4                HAL_TIM_PWM_MspInit
 *fill*         0x00000000080006f6        0x2 
 .text.HAL_TIM_PWM_Start
                0x00000000080006f8      0x144 CMakeFiles/bluepillMotor.dir/Drivers/STM32F1xx_HAL_Driver/Src/stm32f1xx_hal_tim.c.obj
                0x00000000080006f8                HAL_TIM_PWM_Start
 .text.HAL_TIM_PWM_ConfigChannel
                0x000000000800083c      0x184 CMakeFiles/bluepillMotor.dir/Drivers/STM32F1xx_HAL_Driver/Src/stm32f1xx_hal_tim.c.obj
                0x000000000800083c                HAL_TIM_PWM_ConfigChannel
 .text.HAL_TIM_ConfigClockSource
                0x00000000080009c0      0x18e CMakeFiles/bluepillMotor.dir/Drivers/STM32F1xx_HAL_Driver/Src/stm32f1xx_hal_tim.c.obj
                0x00000000080009c0                HAL_TIM_ConfigClockSource
 *fill*         0x0000000008000b4e        0x2 
 .text.TIM_Base_SetConfig
                0x0000000008000b50       0xdc CMakeFiles/bluepillMotor.dir/Drivers/STM32F1xx_HAL_Driver/Src/stm32f1xx_hal_tim.c.obj
                0x0000000008000b50                TIM_Base_SetConfig
 .text.TIM_OC1_SetConfig
                0x0000000008000c2c       0xcc CMakeFiles/bluepillMotor.dir/Drivers/STM32F1xx_HAL_Driver/Src/stm32f1xx_hal_tim.c.obj
 .text.TIM_OC2_SetConfig
                0x0000000008000cf8       0xd4 CMakeFiles/bluepillMotor.dir/Drivers/STM32F1xx_HAL_Driver/Src/stm32f1xx_hal_tim.c.obj
                0x0000000008000cf8                TIM_OC2_SetConfig
 .text.TIM_OC3_SetConfig
                0x0000000008000dcc       0xd4 CMakeFiles/bluepillMotor.dir/Drivers/STM32F1xx_HAL_Driver/Src/stm32f1xx_hal_tim.c.obj
 .text.TIM_OC4_SetConfig
                0x0000000008000ea0       0x9c CMakeFiles/bluepillMotor.dir/Drivers/STM32F1xx_HAL_Driver/Src/stm32f1xx_hal_tim.c.obj
 .text.TIM_TI1_ConfigInputStage
                0x0000000008000f3c       0x5c CMakeFiles/bluepillMotor.dir/Drivers/STM32F1xx_HAL_Driver/Src/stm32f1xx_hal_tim.c.obj
 .text.TIM_TI2_ConfigInputStage
                0x0000000008000f98       0x5e CMakeFiles/bluepillMotor.dir/Drivers/STM32F1xx_HAL_Driver/Src/stm32f1xx_hal_tim.c.obj
 .text.TIM_ITRx_SetConfig
                0x0000000008000ff6       0x34 CMakeFiles/bluepillMotor.dir/Drivers/STM32F1xx_HAL_Driver/Src/stm32f1xx_hal_tim.c.obj
 .text.TIM_ETR_SetConfig
                0x000000000800102a       0x3e CMakeFiles/bluepillMotor.dir/Drivers/STM32F1xx_HAL_Driver/Src/stm32f1xx_hal_tim.c.obj
                0x000000000800102a                TIM_ETR_SetConfig
 .text.TIM_CCxChannelCmd
                0x0000000008001068       0x48 CMakeFiles/bluepillMotor.dir/Drivers/STM32F1xx_HAL_Driver/Src/stm32f1xx_hal_tim.c.obj
                0x0000000008001068                TIM_CCxChannelCmd
 .text.HAL_TIMEx_MasterConfigSynchronization
                0x00000000080010b0       0xbc CMakeFiles/bluepillMotor.dir/Drivers/STM32F1xx_HAL_Driver/Src/stm32f1xx_hal_tim_ex.c.obj
                0x00000000080010b0                HAL_TIMEx_MasterConfigSynchronization
 .text.HAL_Init
                0x000000000800116c       0x2c CMakeFiles/bluepillMotor.dir/Drivers/STM32F1xx_HAL_Driver/Src/stm32f1xx_hal.c.obj
                0x000000000800116c                HAL_Init
 .text.HAL_InitTick
                0x0000000008001198       0x60 CMakeFiles/bluepillMotor.dir/Drivers/STM32F1xx_HAL_Driver/Src/stm32f1xx_hal.c.obj
                0x0000000008001198                HAL_InitTick
 .text.HAL_IncTick
                0x00000000080011f8       0x24 CMakeFiles/bluepillMotor.dir/Drivers/STM32F1xx_HAL_Driver/Src/stm32f1xx_hal.c.obj
                0x00000000080011f8                HAL_IncTick
 .text.HAL_GetTick
                0x000000000800121c       0x14 CMakeFiles/bluepillMotor.dir/Drivers/STM32F1xx_HAL_Driver/Src/stm32f1xx_hal.c.obj
                0x000000000800121c                HAL_GetTick
 .text.HAL_RCC_OscConfig
                0x0000000008001230      0x504 CMakeFiles/bluepillMotor.dir/Drivers/STM32F1xx_HAL_Driver/Src/stm32f1xx_hal_rcc.c.obj
                0x0000000008001230                HAL_RCC_OscConfig
 .text.HAL_RCC_ClockConfig
                0x0000000008001734      0x1d4 CMakeFiles/bluepillMotor.dir/Drivers/STM32F1xx_HAL_Driver/Src/stm32f1xx_hal_rcc.c.obj
                0x0000000008001734                HAL_RCC_ClockConfig
 .text.HAL_RCC_GetSysClockFreq
                0x0000000008001908       0xa8 CMakeFiles/bluepillMotor.dir/Drivers/STM32F1xx_HAL_Driver/Src/stm32f1xx_hal_rcc.c.obj
                0x0000000008001908                HAL_RCC_GetSysClockFreq
 .text.RCC_Delay
                0x00000000080019b0       0x3c CMakeFiles/bluepillMotor.dir/Drivers/STM32F1xx_HAL_Driver/Src/stm32f1xx_hal_rcc.c.obj
 .text.HAL_GPIO_Init
                0x00000000080019ec      0x308 CMakeFiles/bluepillMotor.dir/Drivers/STM32F1xx_HAL_Driver/Src/stm32f1xx_hal_gpio.c.obj
                0x00000000080019ec                HAL_GPIO_Init
 .text.__NVIC_SetPriorityGrouping
                0x0000000008001cf4       0x48 CMakeFiles/bluepillMotor.dir/Drivers/STM32F1xx_HAL_Driver/Src/stm32f1xx_hal_cortex.c.obj
 .text.__NVIC_GetPriorityGrouping
                0x0000000008001d3c       0x1c CMakeFiles/bluepillMotor.dir/Drivers/STM32F1xx_HAL_Driver/Src/stm32f1xx_hal_cortex.c.obj
 .text.__NVIC_SetPriority
                0x0000000008001d58       0x54 CMakeFiles/bluepillMotor.dir/Drivers/STM32F1xx_HAL_Driver/Src/stm32f1xx_hal_cortex.c.obj
 .text.NVIC_EncodePriority
                0x0000000008001dac       0x64 CMakeFiles/bluepillMotor.dir/Drivers/STM32F1xx_HAL_Driver/Src/stm32f1xx_hal_cortex.c.obj
 .text.SysTick_Config
                0x0000000008001e10       0x44 CMakeFiles/bluepillMotor.dir/Drivers/STM32F1xx_HAL_Driver/Src/stm32f1xx_hal_cortex.c.obj
 .text.HAL_NVIC_SetPriorityGrouping
                0x0000000008001e54       0x16 CMakeFiles/bluepillMotor.dir/Drivers/STM32F1xx_HAL_Driver/Src/stm32f1xx_hal_cortex.c.obj
                0x0000000008001e54                HAL_NVIC_SetPriorityGrouping
 .text.HAL_NVIC_SetPriority
                0x0000000008001e6a       0x38 CMakeFiles/bluepillMotor.dir/Drivers/STM32F1xx_HAL_Driver/Src/stm32f1xx_hal_cortex.c.obj
                0x0000000008001e6a                HAL_NVIC_SetPriority
 .text.HAL_SYSTICK_Config
                0x0000000008001ea2       0x18 CMakeFiles/bluepillMotor.dir/Drivers/STM32F1xx_HAL_Driver/Src/stm32f1xx_hal_cortex.c.obj
                0x0000000008001ea2                HAL_SYSTICK_Config
 .text.SystemInit
                0x0000000008001eba        0xc CMakeFiles/bluepillMotor.dir/Core/Src/system_stm32f1xx.c.obj
                0x0000000008001eba                SystemInit
 *fill*         0x0000000008001ec6        0x2 
 .text.Reset_Handler
                0x0000000008001ec8       0x48 CMakeFiles/bluepillMotor.dir/startup_stm32f103xb.s.obj
                0x0000000008001ec8                Reset_Handler
 .text.Default_Handler
                0x0000000008001f10        0x2 CMakeFiles/bluepillMotor.dir/startup_stm32f103xb.s.obj
                0x0000000008001f10                RTC_Alarm_IRQHandler
                0x0000000008001f10                EXTI2_IRQHandler
                0x0000000008001f10                TIM1_CC_IRQHandler
                0x0000000008001f10                PVD_IRQHandler
                0x0000000008001f10                EXTI3_IRQHandler
                0x0000000008001f10                EXTI0_IRQHandler
                0x0000000008001f10                I2C2_EV_IRQHandler
                0x0000000008001f10                ADC1_2_IRQHandler
                0x0000000008001f10                SPI1_IRQHandler
                0x0000000008001f10                TAMPER_IRQHandler
                0x0000000008001f10                DMA1_Channel4_IRQHandler
                0x0000000008001f10                USART3_IRQHandler
                0x0000000008001f10                RTC_IRQHandler
                0x0000000008001f10                DMA1_Channel7_IRQHandler
                0x0000000008001f10                CAN1_RX1_IRQHandler
                0x0000000008001f10                TIM4_IRQHandler
                0x0000000008001f10                I2C1_EV_IRQHandler
                0x0000000008001f10                DMA1_Channel6_IRQHandler
                0x0000000008001f10                TIM3_IRQHandler
                0x0000000008001f10                RCC_IRQHandler
                0x0000000008001f10                TIM1_TRG_COM_IRQHandler
                0x0000000008001f10                DMA1_Channel1_IRQHandler
                0x0000000008001f10                Default_Handler
                0x0000000008001f10                EXTI15_10_IRQHandler
                0x0000000008001f10                EXTI9_5_IRQHandler
                0x0000000008001f10                SPI2_IRQHandler
                0x0000000008001f10                DMA1_Channel5_IRQHandler
                0x0000000008001f10                EXTI4_IRQHandler
                0x0000000008001f10                USB_LP_CAN1_RX0_IRQHandler
                0x0000000008001f10                USB_HP_CAN1_TX_IRQHandler
                0x0000000008001f10                DMA1_Channel3_IRQHandler
                0x0000000008001f10                TIM1_UP_IRQHandler
                0x0000000008001f10                WWDG_IRQHandler
                0x0000000008001f10                TIM2_IRQHandler
                0x0000000008001f10                TIM1_BRK_IRQHandler
                0x0000000008001f10                EXTI1_IRQHandler
                0x0000000008001f10                USART2_IRQHandler
                0x0000000008001f10                I2C2_ER_IRQHandler
                0x0000000008001f10                DMA1_Channel2_IRQHandler
                0x0000000008001f10                CAN1_SCE_IRQHandler
                0x0000000008001f10                FLASH_IRQHandler
                0x0000000008001f10                USART1_IRQHandler
                0x0000000008001f10                I2C1_ER_IRQHandler
                0x0000000008001f10                USBWakeUp_IRQHandler
 *(.glue_7)
 .glue_7        0x0000000008001f12        0x0 linker stubs
 *(.glue_7t)
 .glue_7t       0x0000000008001f12        0x0 linker stubs
 *(.eh_frame)
 *fill*         0x0000000008001f12        0x2 
 .eh_frame      0x0000000008001f14        0x0 /usr/lib/gcc/arm-none-eabi/10.3.1/thumb/v7-m/nofp/crtbegin.o
 *(.init)
 .init          0x0000000008001f14        0x4 /usr/lib/gcc/arm-none-eabi/10.3.1/thumb/v7-m/nofp/crti.o
                0x0000000008001f14                _init
 .init          0x0000000008001f18        0x8 /usr/lib/gcc/arm-none-eabi/10.3.1/thumb/v7-m/nofp/crtn.o
 *(.fini)
 .fini          0x0000000008001f20        0x4 /usr/lib/gcc/arm-none-eabi/10.3.1/thumb/v7-m/nofp/crti.o
                0x0000000008001f20                _fini
 .fini          0x0000000008001f24        0x8 /usr/lib/gcc/arm-none-eabi/10.3.1/thumb/v7-m/nofp/crtn.o
                0x0000000008001f2c                . = ALIGN (0x4)
                0x0000000008001f2c                _etext = .

.vfp11_veneer   0x0000000008001f2c        0x0
 .vfp11_veneer  0x0000000008001f2c        0x0 linker stubs

.v4_bx          0x0000000008001f2c        0x0
 .v4_bx         0x0000000008001f2c        0x0 linker stubs

.iplt           0x0000000008001f2c        0x0
 .iplt          0x0000000008001f2c        0x0 /usr/lib/gcc/arm-none-eabi/10.3.1/thumb/v7-m/nofp/crtbegin.o

.rodata         0x0000000008001f2c       0x24
                0x0000000008001f2c                . = ALIGN (0x4)
 *(.rodata)
 *(.rodata*)
 .rodata.aPLLMULFactorTable.1
                0x0000000008001f2c       0x10 CMakeFiles/bluepillMotor.dir/Drivers/STM32F1xx_HAL_Driver/Src/stm32f1xx_hal_rcc.c.obj
 .rodata.aPredivFactorTable.0
                0x0000000008001f3c        0x2 CMakeFiles/bluepillMotor.dir/Drivers/STM32F1xx_HAL_Driver/Src/stm32f1xx_hal_rcc.c.obj
 *fill*         0x0000000008001f3e        0x2 
 .rodata.AHBPrescTable
                0x0000000008001f40       0x10 CMakeFiles/bluepillMotor.dir/Core/Src/system_stm32f1xx.c.obj
                0x0000000008001f40                AHBPrescTable
                0x0000000008001f50                . = ALIGN (0x4)

.rel.dyn        0x0000000008001f50        0x0
 .rel.iplt      0x0000000008001f50        0x0 /usr/lib/gcc/arm-none-eabi/10.3.1/thumb/v7-m/nofp/crtbegin.o

.ARM.extab
 *(.ARM.extab* .gnu.linkonce.armextab.*)

.ARM            0x0000000008001f50        0x0
                0x0000000008001f50                __exidx_start = .
 *(.ARM.exidx*)
                0x0000000008001f50                __exidx_end = .

.preinit_array  0x0000000008001f50        0x0
                0x0000000008001f50                PROVIDE (__preinit_array_start = .)
 *(.preinit_array*)
                0x0000000008001f50                PROVIDE (__preinit_array_end = .)

.init_array     0x0000000008001f50        0x4
                0x0000000008001f50                PROVIDE (__init_array_start = .)
 *(SORT_BY_NAME(.init_array.*))
 *(.init_array*)
 .init_array    0x0000000008001f50        0x4 /usr/lib/gcc/arm-none-eabi/10.3.1/thumb/v7-m/nofp/crtbegin.o
                0x0000000008001f54                PROVIDE (__init_array_end = .)

.fini_array     0x0000000008001f54        0x4
                0x0000000008001f54                PROVIDE (__fini_array_start = .)
 *(SORT_BY_NAME(.fini_array.*))
 *(.fini_array*)
 .fini_array    0x0000000008001f54        0x4 /usr/lib/gcc/arm-none-eabi/10.3.1/thumb/v7-m/nofp/crtbegin.o
                0x0000000008001f58                PROVIDE (__fini_array_end = .)
                0x0000000008001f58                _sidata = LOADADDR (.data)

.data           0x0000000020000000        0xc load address 0x0000000008001f58
                0x0000000020000000                . = ALIGN (0x4)
                0x0000000020000000                _sdata = .
 *(.data)
 *(.data*)
 .data.uwTickPrio
                0x0000000020000000        0x4 CMakeFiles/bluepillMotor.dir/Drivers/STM32F1xx_HAL_Driver/Src/stm32f1xx_hal.c.obj
                0x0000000020000000                uwTickPrio
 .data.uwTickFreq
                0x0000000020000004        0x1 CMakeFiles/bluepillMotor.dir/Drivers/STM32F1xx_HAL_Driver/Src/stm32f1xx_hal.c.obj
                0x0000000020000004                uwTickFreq
 *fill*         0x0000000020000005        0x3 
 .data.SystemCoreClock
                0x0000000020000008        0x4 CMakeFiles/bluepillMotor.dir/Core/Src/system_stm32f1xx.c.obj
                0x0000000020000008                SystemCoreClock
                0x000000002000000c                . = ALIGN (0x4)
                0x000000002000000c                _edata = .

.tm_clone_table
                0x000000002000000c        0x0 load address 0x0000000008001f64
 .tm_clone_table
                0x000000002000000c        0x0 /usr/lib/gcc/arm-none-eabi/10.3.1/thumb/v7-m/nofp/crtbegin.o
 .tm_clone_table
                0x000000002000000c        0x0 /usr/lib/gcc/arm-none-eabi/10.3.1/thumb/v7-m/nofp/crtend.o

.igot.plt       0x000000002000000c        0x0 load address 0x0000000008001f64
 .igot.plt      0x000000002000000c        0x0 /usr/lib/gcc/arm-none-eabi/10.3.1/thumb/v7-m/nofp/crtbegin.o
                0x000000002000000c                . = ALIGN (0x4)

.bss            0x000000002000000c       0x68 load address 0x0000000008001f64
                0x000000002000000c                _sbss = .
                0x000000002000000c                __bss_start__ = _sbss
 *(.bss)
 .bss           0x000000002000000c       0x1c /usr/lib/gcc/arm-none-eabi/10.3.1/thumb/v7-m/nofp/crtbegin.o
 *(.bss*)
 .bss.htim2     0x0000000020000028       0x48 CMakeFiles/bluepillMotor.dir/Core/Src/main.c.obj
                0x0000000020000028                htim2
 .bss.uwTick    0x0000000020000070        0x4 CMakeFiles/bluepillMotor.dir/Drivers/STM32F1xx_HAL_Driver/Src/stm32f1xx_hal.c.obj
                0x0000000020000070                uwTick
 *(COMMON)
                0x0000000020000074                . = ALIGN (0x4)
                0x0000000020000074                _ebss = .
                0x0000000020000074                __bss_end__ = _ebss

._user_heap_stack
                0x0000000020000074      0x604 load address 0x0000000008001f64
                0x0000000020000078                . = ALIGN (0x8)
 *fill*         0x0000000020000074        0x4 
                [!provide]                        PROVIDE (end = .)
                0x0000000020000078                PROVIDE (_end = .)
                0x0000000020000278                . = (. + _Min_Heap_Size)
 *fill*         0x0000000020000078      0x200 
                0x0000000020000678                . = (. + _Min_Stack_Size)
 *fill*         0x0000000020000278      0x400 
                0x0000000020000678                . = ALIGN (0x8)

/DISCARD/
 libc.a(*)
 libm.a(*)
 libgcc.a(*)

.ARM.attributes
                0x0000000000000000       0x29
 *(.ARM.attributes)
 .ARM.attributes
                0x0000000000000000       0x1d /usr/lib/gcc/arm-none-eabi/10.3.1/thumb/v7-m/nofp/crti.o
 .ARM.attributes
                0x000000000000001d       0x2d /usr/lib/gcc/arm-none-eabi/10.3.1/thumb/v7-m/nofp/crtbegin.o
 .ARM.attributes
                0x000000000000004a       0x2d /usr/lib/gcc/arm-none-eabi/10.3.1/../../../arm-none-eabi/lib/thumb/v7-m/nofp/libc_nano.a(lib_a-init.o)
 .ARM.attributes
                0x0000000000000077       0x2d /usr/lib/gcc/arm-none-eabi/10.3.1/../../../arm-none-eabi/lib/thumb/v7-m/nofp/libc_nano.a(lib_a-memset.o)
 .ARM.attributes
                0x00000000000000a4       0x2d CMakeFiles/bluepillMotor.dir/Core/Src/main.c.obj
 .ARM.attributes
                0x00000000000000d1       0x2d CMakeFiles/bluepillMotor.dir/Core/Src/stm32f1xx_it.c.obj
 .ARM.attributes
                0x00000000000000fe       0x2d CMakeFiles/bluepillMotor.dir/Core/Src/stm32f1xx_hal_msp.c.obj
 .ARM.attributes
                0x000000000000012b       0x2d CMakeFiles/bluepillMotor.dir/Drivers/STM32F1xx_HAL_Driver/Src/stm32f1xx_hal_tim.c.obj
 .ARM.attributes
                0x0000000000000158       0x2d CMakeFiles/bluepillMotor.dir/Drivers/STM32F1xx_HAL_Driver/Src/stm32f1xx_hal_tim_ex.c.obj
 .ARM.attributes
                0x0000000000000185       0x2d CMakeFiles/bluepillMotor.dir/Drivers/STM32F1xx_HAL_Driver/Src/stm32f1xx_hal.c.obj
 .ARM.attributes
                0x00000000000001b2       0x2d CMakeFiles/bluepillMotor.dir/Drivers/STM32F1xx_HAL_Driver/Src/stm32f1xx_hal_rcc.c.obj
 .ARM.attributes
                0x00000000000001df       0x2d CMakeFiles/bluepillMotor.dir/Drivers/STM32F1xx_HAL_Driver/Src/stm32f1xx_hal_gpio.c.obj
 .ARM.attributes
                0x000000000000020c       0x2d CMakeFiles/bluepillMotor.dir/Drivers/STM32F1xx_HAL_Driver/Src/stm32f1xx_hal_cortex.c.obj
 .ARM.attributes
                0x0000000000000239       0x2d CMakeFiles/bluepillMotor.dir/Core/Src/system_stm32f1xx.c.obj
 .ARM.attributes
                0x0000000000000266       0x21 CMakeFiles/bluepillMotor.dir/startup_stm32f103xb.s.obj
 .ARM.attributes
                0x0000000000000287       0x2d /usr/lib/gcc/arm-none-eabi/10.3.1/thumb/v7-m/nofp/crtend.o
 .ARM.attributes
                0x00000000000002b4       0x1d /usr/lib/gcc/arm-none-eabi/10.3.1/thumb/v7-m/nofp/crtn.o
OUTPUT(bluepillMotor.elf elf32-littlearm)
LOAD linker stubs
LOAD /usr/lib/gcc/arm-none-eabi/10.3.1/../../../arm-none-eabi/lib/thumb/v7-m/nofp/libc.a
LOAD /usr/lib/gcc/arm-none-eabi/10.3.1/../../../arm-none-eabi/lib/thumb/v7-m/nofp/libm.a
LOAD /usr/lib/gcc/arm-none-eabi/10.3.1/thumb/v7-m/nofp/libgcc.a

.comment        0x0000000000000000       0x33
 .comment       0x0000000000000000       0x33 /usr/lib/gcc/arm-none-eabi/10.3.1/thumb/v7-m/nofp/crtbegin.o
                                         0x34 (size before relaxing)
 .comment       0x0000000000000033       0x34 /usr/lib/gcc/arm-none-eabi/10.3.1/../../../arm-none-eabi/lib/thumb/v7-m/nofp/libc_nano.a(lib_a-init.o)
 .comment       0x0000000000000033       0x34 /usr/lib/gcc/arm-none-eabi/10.3.1/../../../arm-none-eabi/lib/thumb/v7-m/nofp/libc_nano.a(lib_a-memset.o)
 .comment       0x0000000000000033       0x34 CMakeFiles/bluepillMotor.dir/Core/Src/main.c.obj
 .comment       0x0000000000000033       0x34 CMakeFiles/bluepillMotor.dir/Core/Src/stm32f1xx_it.c.obj
 .comment       0x0000000000000033       0x34 CMakeFiles/bluepillMotor.dir/Core/Src/stm32f1xx_hal_msp.c.obj
 .comment       0x0000000000000033       0x34 CMakeFiles/bluepillMotor.dir/Drivers/STM32F1xx_HAL_Driver/Src/stm32f1xx_hal_tim.c.obj
 .comment       0x0000000000000033       0x34 CMakeFiles/bluepillMotor.dir/Drivers/STM32F1xx_HAL_Driver/Src/stm32f1xx_hal_tim_ex.c.obj
 .comment       0x0000000000000033       0x34 CMakeFiles/bluepillMotor.dir/Drivers/STM32F1xx_HAL_Driver/Src/stm32f1xx_hal.c.obj
 .comment       0x0000000000000033       0x34 CMakeFiles/bluepillMotor.dir/Drivers/STM32F1xx_HAL_Driver/Src/stm32f1xx_hal_rcc.c.obj
 .comment       0x0000000000000033       0x34 CMakeFiles/bluepillMotor.dir/Drivers/STM32F1xx_HAL_Driver/Src/stm32f1xx_hal_gpio.c.obj
 .comment       0x0000000000000033       0x34 CMakeFiles/bluepillMotor.dir/Drivers/STM32F1xx_HAL_Driver/Src/stm32f1xx_hal_cortex.c.obj
 .comment       0x0000000000000033       0x34 CMakeFiles/bluepillMotor.dir/Core/Src/system_stm32f1xx.c.obj
 .comment       0x0000000000000033       0x34 /usr/lib/gcc/arm-none-eabi/10.3.1/thumb/v7-m/nofp/crtend.o

.debug_info     0x0000000000000000     0x7810
 .debug_info    0x0000000000000000      0x11a /usr/lib/gcc/arm-none-eabi/10.3.1/../../../arm-none-eabi/lib/thumb/v7-m/nofp/libc_nano.a(lib_a-init.o)
 .debug_info    0x000000000000011a      0x137 /usr/lib/gcc/arm-none-eabi/10.3.1/../../../arm-none-eabi/lib/thumb/v7-m/nofp/libc_nano.a(lib_a-memset.o)
 .debug_info    0x0000000000000251      0x9e8 CMakeFiles/bluepillMotor.dir/Core/Src/main.c.obj
 .debug_info    0x0000000000000c39      0x119 CMakeFiles/bluepillMotor.dir/Core/Src/stm32f1xx_it.c.obj
 .debug_info    0x0000000000000d52      0x906 CMakeFiles/bluepillMotor.dir/Core/Src/stm32f1xx_hal_msp.c.obj
 .debug_info    0x0000000000001658     0x2b2e CMakeFiles/bluepillMotor.dir/Drivers/STM32F1xx_HAL_Driver/Src/stm32f1xx_hal_tim.c.obj
 .debug_info    0x0000000000004186     0x147b CMakeFiles/bluepillMotor.dir/Drivers/STM32F1xx_HAL_Driver/Src/stm32f1xx_hal_tim_ex.c.obj
 .debug_info    0x0000000000005601      0x6d5 CMakeFiles/bluepillMotor.dir/Drivers/STM32F1xx_HAL_Driver/Src/stm32f1xx_hal.c.obj
 .debug_info    0x0000000000005cd6      0x7fa CMakeFiles/bluepillMotor.dir/Drivers/STM32F1xx_HAL_Driver/Src/stm32f1xx_hal_rcc.c.obj
 .debug_info    0x00000000000064d0      0x5fd CMakeFiles/bluepillMotor.dir/Drivers/STM32F1xx_HAL_Driver/Src/stm32f1xx_hal_gpio.c.obj
 .debug_info    0x0000000000006acd      0xafc CMakeFiles/bluepillMotor.dir/Drivers/STM32F1xx_HAL_Driver/Src/stm32f1xx_hal_cortex.c.obj
 .debug_info    0x00000000000075c9      0x225 CMakeFiles/bluepillMotor.dir/Core/Src/system_stm32f1xx.c.obj
 .debug_info    0x00000000000077ee       0x22 CMakeFiles/bluepillMotor.dir/startup_stm32f103xb.s.obj

.debug_abbrev   0x0000000000000000     0x142c
 .debug_abbrev  0x0000000000000000       0xcc /usr/lib/gcc/arm-none-eabi/10.3.1/../../../arm-none-eabi/lib/thumb/v7-m/nofp/libc_nano.a(lib_a-init.o)
 .debug_abbrev  0x00000000000000cc       0xb4 /usr/lib/gcc/arm-none-eabi/10.3.1/../../../arm-none-eabi/lib/thumb/v7-m/nofp/libc_nano.a(lib_a-memset.o)
 .debug_abbrev  0x0000000000000180      0x208 CMakeFiles/bluepillMotor.dir/Core/Src/main.c.obj
 .debug_abbrev  0x0000000000000388       0x61 CMakeFiles/bluepillMotor.dir/Core/Src/stm32f1xx_it.c.obj
 .debug_abbrev  0x00000000000003e9      0x1ae CMakeFiles/bluepillMotor.dir/Core/Src/stm32f1xx_hal_msp.c.obj
 .debug_abbrev  0x0000000000000597      0x238 CMakeFiles/bluepillMotor.dir/Drivers/STM32F1xx_HAL_Driver/Src/stm32f1xx_hal_tim.c.obj
 .debug_abbrev  0x00000000000007cf      0x240 CMakeFiles/bluepillMotor.dir/Drivers/STM32F1xx_HAL_Driver/Src/stm32f1xx_hal_tim_ex.c.obj
 .debug_abbrev  0x0000000000000a0f      0x1c8 CMakeFiles/bluepillMotor.dir/Drivers/STM32F1xx_HAL_Driver/Src/stm32f1xx_hal.c.obj
 .debug_abbrev  0x0000000000000bd7      0x260 CMakeFiles/bluepillMotor.dir/Drivers/STM32F1xx_HAL_Driver/Src/stm32f1xx_hal_rcc.c.obj
 .debug_abbrev  0x0000000000000e37      0x1bb CMakeFiles/bluepillMotor.dir/Drivers/STM32F1xx_HAL_Driver/Src/stm32f1xx_hal_gpio.c.obj
 .debug_abbrev  0x0000000000000ff2      0x2ed CMakeFiles/bluepillMotor.dir/Drivers/STM32F1xx_HAL_Driver/Src/stm32f1xx_hal_cortex.c.obj
 .debug_abbrev  0x00000000000012df      0x13b CMakeFiles/bluepillMotor.dir/Core/Src/system_stm32f1xx.c.obj
 .debug_abbrev  0x000000000000141a       0x12 CMakeFiles/bluepillMotor.dir/startup_stm32f103xb.s.obj

.debug_loc      0x0000000000000000      0x2e6
 .debug_loc     0x0000000000000000       0xba /usr/lib/gcc/arm-none-eabi/10.3.1/../../../arm-none-eabi/lib/thumb/v7-m/nofp/libc_nano.a(lib_a-init.o)
 .debug_loc     0x00000000000000ba      0x22c /usr/lib/gcc/arm-none-eabi/10.3.1/../../../arm-none-eabi/lib/thumb/v7-m/nofp/libc_nano.a(lib_a-memset.o)

.debug_aranges  0x0000000000000000      0x968
 .debug_aranges
                0x0000000000000000       0x20 /usr/lib/gcc/arm-none-eabi/10.3.1/../../../arm-none-eabi/lib/thumb/v7-m/nofp/libc_nano.a(lib_a-init.o)
 .debug_aranges
                0x0000000000000020       0x20 /usr/lib/gcc/arm-none-eabi/10.3.1/../../../arm-none-eabi/lib/thumb/v7-m/nofp/libc_nano.a(lib_a-memset.o)
 .debug_aranges
                0x0000000000000040       0x40 CMakeFiles/bluepillMotor.dir/Core/Src/main.c.obj
 .debug_aranges
                0x0000000000000080       0x60 CMakeFiles/bluepillMotor.dir/Core/Src/stm32f1xx_it.c.obj
 .debug_aranges
                0x00000000000000e0       0x38 CMakeFiles/bluepillMotor.dir/Core/Src/stm32f1xx_hal_msp.c.obj
 .debug_aranges
                0x0000000000000118      0x3d0 CMakeFiles/bluepillMotor.dir/Drivers/STM32F1xx_HAL_Driver/Src/stm32f1xx_hal_tim.c.obj
 .debug_aranges
                0x00000000000004e8      0x168 CMakeFiles/bluepillMotor.dir/Drivers/STM32F1xx_HAL_Driver/Src/stm32f1xx_hal_tim_ex.c.obj
 .debug_aranges
                0x0000000000000650       0xe0 CMakeFiles/bluepillMotor.dir/Drivers/STM32F1xx_HAL_Driver/Src/stm32f1xx_hal.c.obj
 .debug_aranges
                0x0000000000000730       0x90 CMakeFiles/bluepillMotor.dir/Drivers/STM32F1xx_HAL_Driver/Src/stm32f1xx_hal_rcc.c.obj
 .debug_aranges
                0x00000000000007c0       0x58 CMakeFiles/bluepillMotor.dir/Drivers/STM32F1xx_HAL_Driver/Src/stm32f1xx_hal_gpio.c.obj
 .debug_aranges
                0x0000000000000818      0x100 CMakeFiles/bluepillMotor.dir/Drivers/STM32F1xx_HAL_Driver/Src/stm32f1xx_hal_cortex.c.obj
 .debug_aranges
                0x0000000000000918       0x28 CMakeFiles/bluepillMotor.dir/Core/Src/system_stm32f1xx.c.obj
 .debug_aranges
                0x0000000000000940       0x28 CMakeFiles/bluepillMotor.dir/startup_stm32f103xb.s.obj

.debug_line     0x0000000000000000     0x86d5
 .debug_line    0x0000000000000000      0x13f /usr/lib/gcc/arm-none-eabi/10.3.1/../../../arm-none-eabi/lib/thumb/v7-m/nofp/libc_nano.a(lib_a-init.o)
 .debug_line    0x000000000000013f      0x1bf /usr/lib/gcc/arm-none-eabi/10.3.1/../../../arm-none-eabi/lib/thumb/v7-m/nofp/libc_nano.a(lib_a-memset.o)
 .debug_line    0x00000000000002fe      0x5c7 CMakeFiles/bluepillMotor.dir/Core/Src/main.c.obj
 .debug_line    0x00000000000008c5      0x592 CMakeFiles/bluepillMotor.dir/Core/Src/stm32f1xx_it.c.obj
 .debug_line    0x0000000000000e57      0x534 CMakeFiles/bluepillMotor.dir/Core/Src/stm32f1xx_hal_msp.c.obj
 .debug_line    0x000000000000138b     0x3221 CMakeFiles/bluepillMotor.dir/Drivers/STM32F1xx_HAL_Driver/Src/stm32f1xx_hal_tim.c.obj
 .debug_line    0x00000000000045ac     0x16c1 CMakeFiles/bluepillMotor.dir/Drivers/STM32F1xx_HAL_Driver/Src/stm32f1xx_hal_tim_ex.c.obj
 .debug_line    0x0000000000005c6d      0x77b CMakeFiles/bluepillMotor.dir/Drivers/STM32F1xx_HAL_Driver/Src/stm32f1xx_hal.c.obj
 .debug_line    0x00000000000063e8      0xb87 CMakeFiles/bluepillMotor.dir/Drivers/STM32F1xx_HAL_Driver/Src/stm32f1xx_hal_rcc.c.obj
 .debug_line    0x0000000000006f6f      0x814 CMakeFiles/bluepillMotor.dir/Drivers/STM32F1xx_HAL_Driver/Src/stm32f1xx_hal_gpio.c.obj
 .debug_line    0x0000000000007783      0x963 CMakeFiles/bluepillMotor.dir/Drivers/STM32F1xx_HAL_Driver/Src/stm32f1xx_hal_cortex.c.obj
 .debug_line    0x00000000000080e6      0x54e CMakeFiles/bluepillMotor.dir/Core/Src/system_stm32f1xx.c.obj
 .debug_line    0x0000000000008634       0xa1 CMakeFiles/bluepillMotor.dir/startup_stm32f103xb.s.obj

.debug_str      0x0000000000000000    0x83f2f
 .debug_str     0x0000000000000000      0x173 /usr/lib/gcc/arm-none-eabi/10.3.1/../../../arm-none-eabi/lib/thumb/v7-m/nofp/libc_nano.a(lib_a-init.o)
                                        0x203 (size before relaxing)
 .debug_str     0x0000000000000173       0xad /usr/lib/gcc/arm-none-eabi/10.3.1/../../../arm-none-eabi/lib/thumb/v7-m/nofp/libc_nano.a(lib_a-memset.o)
                                        0x1b8 (size before relaxing)
 .debug_str     0x0000000000000220    0x81807 CMakeFiles/bluepillMotor.dir/Core/Src/main.c.obj
                                      0x81be0 (size before relaxing)
 .debug_str     0x0000000000081a27       0xe7 CMakeFiles/bluepillMotor.dir/Core/Src/stm32f1xx_it.c.obj
                                      0x814ef (size before relaxing)
 .debug_str     0x0000000000081b0e      0x11f CMakeFiles/bluepillMotor.dir/Core/Src/stm32f1xx_hal_msp.c.obj
                                      0x81a2a (size before relaxing)
 .debug_str     0x0000000000081c2d      0xddd CMakeFiles/bluepillMotor.dir/Drivers/STM32F1xx_HAL_Driver/Src/stm32f1xx_hal_tim.c.obj
                                      0x828a3 (size before relaxing)
 .debug_str     0x0000000000082a0a      0x518 CMakeFiles/bluepillMotor.dir/Drivers/STM32F1xx_HAL_Driver/Src/stm32f1xx_hal_tim_ex.c.obj
                                      0x82044 (size before relaxing)
 .debug_str     0x0000000000082f22      0x611 CMakeFiles/bluepillMotor.dir/Drivers/STM32F1xx_HAL_Driver/Src/stm32f1xx_hal.c.obj
                                      0x81bea (size before relaxing)
 .debug_str     0x0000000000083533      0x29d CMakeFiles/bluepillMotor.dir/Drivers/STM32F1xx_HAL_Driver/Src/stm32f1xx_hal_rcc.c.obj
                                      0x818f9 (size before relaxing)
 .debug_str     0x00000000000837d0      0x36a CMakeFiles/bluepillMotor.dir/Drivers/STM32F1xx_HAL_Driver/Src/stm32f1xx_hal_gpio.c.obj
                                      0x81881 (size before relaxing)
 .debug_str     0x0000000000083b3a      0x32a CMakeFiles/bluepillMotor.dir/Drivers/STM32F1xx_HAL_Driver/Src/stm32f1xx_hal_cortex.c.obj
                                      0x81b71 (size before relaxing)
 .debug_str     0x0000000000083e64       0x7c CMakeFiles/bluepillMotor.dir/Core/Src/system_stm32f1xx.c.obj
                                      0x814fc (size before relaxing)
 .debug_str     0x0000000000083ee0       0x4f CMakeFiles/bluepillMotor.dir/startup_stm32f103xb.s.obj
                                         0x7c (size before relaxing)

.debug_frame    0x0000000000000000     0x25c4
 .debug_frame   0x0000000000000000       0x2c /usr/lib/gcc/arm-none-eabi/10.3.1/../../../arm-none-eabi/lib/thumb/v7-m/nofp/libc_nano.a(lib_a-init.o)
 .debug_frame   0x000000000000002c       0x2c /usr/lib/gcc/arm-none-eabi/10.3.1/../../../arm-none-eabi/lib/thumb/v7-m/nofp/libc_nano.a(lib_a-memset.o)
 .debug_frame   0x0000000000000058       0xb4 CMakeFiles/bluepillMotor.dir/Core/Src/main.c.obj
 .debug_frame   0x000000000000010c      0x104 CMakeFiles/bluepillMotor.dir/Core/Src/stm32f1xx_it.c.obj
 .debug_frame   0x0000000000000210       0xac CMakeFiles/bluepillMotor.dir/Core/Src/stm32f1xx_hal_msp.c.obj
 .debug_frame   0x00000000000002bc     0x11b8 CMakeFiles/bluepillMotor.dir/Drivers/STM32F1xx_HAL_Driver/Src/stm32f1xx_hal_tim.c.obj
 .debug_frame   0x0000000000001474      0x638 CMakeFiles/bluepillMotor.dir/Drivers/STM32F1xx_HAL_Driver/Src/stm32f1xx_hal_tim_ex.c.obj
 .debug_frame   0x0000000000001aac      0x334 CMakeFiles/bluepillMotor.dir/Drivers/STM32F1xx_HAL_Driver/Src/stm32f1xx_hal.c.obj
 .debug_frame   0x0000000000001de0      0x218 CMakeFiles/bluepillMotor.dir/Drivers/STM32F1xx_HAL_Driver/Src/stm32f1xx_hal_rcc.c.obj
 .debug_frame   0x0000000000001ff8      0x14c CMakeFiles/bluepillMotor.dir/Drivers/STM32F1xx_HAL_Driver/Src/stm32f1xx_hal_gpio.c.obj
 .debug_frame   0x0000000000002144      0x428 CMakeFiles/bluepillMotor.dir/Drivers/STM32F1xx_HAL_Driver/Src/stm32f1xx_hal_cortex.c.obj
 .debug_frame   0x000000000000256c       0x58 CMakeFiles/bluepillMotor.dir/Core/Src/system_stm32f1xx.c.obj

.debug_ranges   0x0000000000000000      0x880
 .debug_ranges  0x0000000000000000       0x30 CMakeFiles/bluepillMotor.dir/Core/Src/main.c.obj
 .debug_ranges  0x0000000000000030       0x50 CMakeFiles/bluepillMotor.dir/Core/Src/stm32f1xx_it.c.obj
 .debug_ranges  0x0000000000000080       0x28 CMakeFiles/bluepillMotor.dir/Core/Src/stm32f1xx_hal_msp.c.obj
 .debug_ranges  0x00000000000000a8      0x3c0 CMakeFiles/bluepillMotor.dir/Drivers/STM32F1xx_HAL_Driver/Src/stm32f1xx_hal_tim.c.obj
 .debug_ranges  0x0000000000000468      0x158 CMakeFiles/bluepillMotor.dir/Drivers/STM32F1xx_HAL_Driver/Src/stm32f1xx_hal_tim_ex.c.obj
 .debug_ranges  0x00000000000005c0       0xd0 CMakeFiles/bluepillMotor.dir/Drivers/STM32F1xx_HAL_Driver/Src/stm32f1xx_hal.c.obj
 .debug_ranges  0x0000000000000690       0x80 CMakeFiles/bluepillMotor.dir/Drivers/STM32F1xx_HAL_Driver/Src/stm32f1xx_hal_rcc.c.obj
 .debug_ranges  0x0000000000000710       0x48 CMakeFiles/bluepillMotor.dir/Drivers/STM32F1xx_HAL_Driver/Src/stm32f1xx_hal_gpio.c.obj
 .debug_ranges  0x0000000000000758       0xf0 CMakeFiles/bluepillMotor.dir/Drivers/STM32F1xx_HAL_Driver/Src/stm32f1xx_hal_cortex.c.obj
 .debug_ranges  0x0000000000000848       0x18 CMakeFiles/bluepillMotor.dir/Core/Src/system_stm32f1xx.c.obj
 .debug_ranges  0x0000000000000860       0x20 CMakeFiles/bluepillMotor.dir/startup_stm32f103xb.s.obj

.debug_macro    0x0000000000000000    0x161d5
 .debug_macro   0x0000000000000000      0x15e CMakeFiles/bluepillMotor.dir/Core/Src/main.c.obj
 .debug_macro   0x000000000000015e      0xa6c CMakeFiles/bluepillMotor.dir/Core/Src/main.c.obj
 .debug_macro   0x0000000000000bca      0x215 CMakeFiles/bluepillMotor.dir/Core/Src/main.c.obj
 .debug_macro   0x0000000000000ddf       0x2e CMakeFiles/bluepillMotor.dir/Core/Src/main.c.obj
 .debug_macro   0x0000000000000e0d       0x22 CMakeFiles/bluepillMotor.dir/Core/Src/main.c.obj
 .debug_macro   0x0000000000000e2f      0x34e CMakeFiles/bluepillMotor.dir/Core/Src/main.c.obj
 .debug_macro   0x000000000000117d       0x1c CMakeFiles/bluepillMotor.dir/Core/Src/main.c.obj
 .debug_macro   0x0000000000001199       0x22 CMakeFiles/bluepillMotor.dir/Core/Src/main.c.obj
 .debug_macro   0x00000000000011bb       0xbd CMakeFiles/bluepillMotor.dir/Core/Src/main.c.obj
 .debug_macro   0x0000000000001278      0xd23 CMakeFiles/bluepillMotor.dir/Core/Src/main.c.obj
 .debug_macro   0x0000000000001f9b     0xe09e CMakeFiles/bluepillMotor.dir/Core/Src/main.c.obj
 .debug_macro   0x0000000000010039       0x6d CMakeFiles/bluepillMotor.dir/Core/Src/main.c.obj
 .debug_macro   0x00000000000100a6     0x34a2 CMakeFiles/bluepillMotor.dir/Core/Src/main.c.obj
 .debug_macro   0x0000000000013548      0x174 CMakeFiles/bluepillMotor.dir/Core/Src/main.c.obj
 .debug_macro   0x00000000000136bc       0x5c CMakeFiles/bluepillMotor.dir/Core/Src/main.c.obj
 .debug_macro   0x0000000000013718      0x5bc CMakeFiles/bluepillMotor.dir/Core/Src/main.c.obj
 .debug_macro   0x0000000000013cd4      0x289 CMakeFiles/bluepillMotor.dir/Core/Src/main.c.obj
 .debug_macro   0x0000000000013f5d      0x1cb CMakeFiles/bluepillMotor.dir/Core/Src/main.c.obj
 .debug_macro   0x0000000000014128      0x114 CMakeFiles/bluepillMotor.dir/Core/Src/main.c.obj
 .debug_macro   0x000000000001423c      0x1b2 CMakeFiles/bluepillMotor.dir/Core/Src/main.c.obj
 .debug_macro   0x00000000000143ee       0x27 CMakeFiles/bluepillMotor.dir/Core/Src/main.c.obj
 .debug_macro   0x0000000000014415      0x136 CMakeFiles/bluepillMotor.dir/Core/Src/main.c.obj
 .debug_macro   0x000000000001454b      0x1bc CMakeFiles/bluepillMotor.dir/Core/Src/main.c.obj
 .debug_macro   0x0000000000014707       0x34 CMakeFiles/bluepillMotor.dir/Core/Src/main.c.obj
 .debug_macro   0x000000000001473b       0x3c CMakeFiles/bluepillMotor.dir/Core/Src/main.c.obj
 .debug_macro   0x0000000000014777       0x57 CMakeFiles/bluepillMotor.dir/Core/Src/main.c.obj
 .debug_macro   0x00000000000147ce       0x87 CMakeFiles/bluepillMotor.dir/Core/Src/main.c.obj
 .debug_macro   0x0000000000014855      0x240 CMakeFiles/bluepillMotor.dir/Core/Src/main.c.obj
 .debug_macro   0x0000000000014a95      0x140 CMakeFiles/bluepillMotor.dir/Core/Src/main.c.obj
 .debug_macro   0x0000000000014bd5      0x8ed CMakeFiles/bluepillMotor.dir/Core/Src/main.c.obj
 .debug_macro   0x00000000000154c2       0x83 CMakeFiles/bluepillMotor.dir/Core/Src/main.c.obj
 .debug_macro   0x0000000000015545      0x164 CMakeFiles/bluepillMotor.dir/Core/Src/stm32f1xx_it.c.obj
 .debug_macro   0x00000000000156a9      0x15a CMakeFiles/bluepillMotor.dir/Core/Src/stm32f1xx_hal_msp.c.obj
 .debug_macro   0x0000000000015803      0x151 CMakeFiles/bluepillMotor.dir/Drivers/STM32F1xx_HAL_Driver/Src/stm32f1xx_hal_tim.c.obj
 .debug_macro   0x0000000000015954      0x150 CMakeFiles/bluepillMotor.dir/Drivers/STM32F1xx_HAL_Driver/Src/stm32f1xx_hal_tim_ex.c.obj
 .debug_macro   0x0000000000015aa4      0x174 CMakeFiles/bluepillMotor.dir/Drivers/STM32F1xx_HAL_Driver/Src/stm32f1xx_hal.c.obj
 .debug_macro   0x0000000000015c18      0x162 CMakeFiles/bluepillMotor.dir/Drivers/STM32F1xx_HAL_Driver/Src/stm32f1xx_hal_rcc.c.obj
 .debug_macro   0x0000000000015d7a      0x1bb CMakeFiles/bluepillMotor.dir/Drivers/STM32F1xx_HAL_Driver/Src/stm32f1xx_hal_gpio.c.obj
 .debug_macro   0x0000000000015f35      0x150 CMakeFiles/bluepillMotor.dir/Drivers/STM32F1xx_HAL_Driver/Src/stm32f1xx_hal_cortex.c.obj
 .debug_macro   0x0000000000016085      0x150 CMakeFiles/bluepillMotor.dir/Core/Src/system_stm32f1xx.c.obj
